(*engine.Match)({
	Match: (storage.Match) {
		TimezoneIdx: (uint8) 0,
		CountryIdx: (uint32) 0,
		LeagueIdx: (uint32) 0,
		MatchDayIdx: (uint8) 0,
		MatchIdx: (uint8) 0,
		HomeTeamID: (*big.Int)(<nil>),
		VisitorTeamID: (*big.Int)(<nil>),
		Seed: ([32]uint8) (len=32 cap=32) {
			00000000  a2 24 2e ad 55 c9 4c 3d  eb 7c f2 34 0b fe f9 d5  |.$..U.L=.|.4....|
			00000010  bc ac a2 2d fe 66 e6 46  74 5e e4 37 1c 63 3f c8  |...-.f.Ft^.7.c?.|
		},
		HomeGoals: (uint8) 1,
		VisitorGoals: (uint8) 2,
		State: (storage.MatchState) (len=4) "half",
		StateExtra: (string) "",
		StartEpoch: (int64) 0
	},
	StartTime: (*big.Int)(1570147200),
	HomeTeam: (engine.Team) {
		Team: (storage.Team) {
			TeamID: (string) (len=1) "1",
			TimezoneIdx: (uint8) 0,
			CountryIdx: (uint32) 0,
			Name: (string) "",
			Owner: (string) "",
			LeagueIdx: (uint32) 0,
			TeamIdxInLeague: (uint32) 0,
			Points: (uint32) 0,
			W: (uint32) 0,
			D: (uint32) 0,
			L: (uint32) 0,
			GoalsForward: (uint32) 0,
			GoalsAgainst: (uint32) 0,
			PrevPerfPoints: (uint64) 0,
			RankingPoints: (uint64) 0,
			TrainingPoints: (uint16) 0,
			Tactic: (string) (len=33) "340596594427581673436941882753025",
			MatchLog: (string) (len=76) "1809253036421563448390736347186058431189635432691222302437827817927100858529"
		},
		Players: ([25]*engine.Player) (len=25 cap=25) {
			(*engine.Player)({
				Player: (storage.Player) {
					PlayerId: (*big.Int)(<nil>),
					PreferredPosition: (string) "",
					Potential: (uint64) 3,
					DayOfBirth: (uint64) 0,
					TeamId: (string) "",
					Name: (string) "",
					Defence: (uint64) 1134,
					Speed: (uint64) 1134,
					Pass: (uint64) 1134,
					Shoot: (uint64) 1134,
					Endurance: (uint64) 1134,
					ShirtNumber: (uint8) 0,
					EncodedSkills: (*big.Int)(16573434936285888304224833572589254038720341707981934),
					EncodedState: (*big.Int)(<nil>),
					RedCard: (bool) false,
					InjuryMatchesLeft: (uint8) 0,
					Tiredness: (int) 0
				}
			}),
			(*engine.Player)({
				Player: (storage.Player) {
					PlayerId: (*big.Int)(<nil>),
					PreferredPosition: (string) "",
					Potential: (uint64) 3,
					DayOfBirth: (uint64) 0,
					TeamId: (string) "",
					Name: (string) "",
					Defence: (uint64) 1134,
					Speed: (uint64) 1134,
					Pass: (uint64) 1134,
					Shoot: (uint64) 1134,
					Endurance: (uint64) 1134,
					ShirtNumber: (uint8) 0,
					EncodedSkills: (*big.Int)(16573429227295117480385309339445376240739796176995438),
					EncodedState: (*big.Int)(<nil>),
					RedCard: (bool) false,
					InjuryMatchesLeft: (uint8) 0,
					Tiredness: (int) 0
				}
			}),
			(*engine.Player)({
				Player: (storage.Player) {
					PlayerId: (*big.Int)(<nil>),
					PreferredPosition: (string) "",
					Potential: (uint64) 3,
					DayOfBirth: (uint64) 0,
					TeamId: (string) "",
					Name: (string) "",
					Defence: (uint64) 1134,
					Speed: (uint64) 1134,
					Pass: (uint64) 1134,
					Shoot: (uint64) 1134,
					Endurance: (uint64) 1134,
					ShirtNumber: (uint8) 0,
					EncodedSkills: (*big.Int)(16573429227295117480385309339445376240739796176995438),
					EncodedState: (*big.Int)(<nil>),
					RedCard: (bool) false,
					InjuryMatchesLeft: (uint8) 0,
					Tiredness: (int) 0
				}
			}),
			(*engine.Player)({
				Player: (storage.Player) {
					PlayerId: (*big.Int)(<nil>),
					PreferredPosition: (string) "",
					Potential: (uint64) 3,
					DayOfBirth: (uint64) 0,
					TeamId: (string) "",
					Name: (string) "",
					Defence: (uint64) 1134,
					Speed: (uint64) 1134,
					Pass: (uint64) 1134,
					Shoot: (uint64) 1134,
					Endurance: (uint64) 1134,
					ShirtNumber: (uint8) 0,
					EncodedSkills: (*big.Int)(16573434936285888304224833572589254038720341707981934),
					EncodedState: (*big.Int)(<nil>),
					RedCard: (bool) false,
					InjuryMatchesLeft: (uint8) 0,
					Tiredness: (int) 0
				}
			}),
			(*engine.Player)({
				Player: (storage.Player) {
					PlayerId: (*big.Int)(<nil>),
					PreferredPosition: (string) "",
					Potential: (uint64) 3,
					DayOfBirth: (uint64) 0,
					TeamId: (string) "",
					Name: (string) "",
					Defence: (uint64) 1134,
					Speed: (uint64) 1134,
					Pass: (uint64) 1134,
					Shoot: (uint64) 1134,
					Endurance: (uint64) 1134,
					ShirtNumber: (uint8) 0,
					EncodedSkills: (*big.Int)(16573434936285888304224833572589254038720341707981934),
					EncodedState: (*big.Int)(<nil>),
					RedCard: (bool) false,
					InjuryMatchesLeft: (uint8) 0,
					Tiredness: (int) 0
				}
			}),
			(*engine.Player)({
				Player: (storage.Player) {
					PlayerId: (*big.Int)(<nil>),
					PreferredPosition: (string) "",
					Potential: (uint64) 3,
					DayOfBirth: (uint64) 0,
					TeamId: (string) "",
					Name: (string) "",
					Defence: (uint64) 1134,
					Speed: (uint64) 1134,
					Pass: (uint64) 1134,
					Shoot: (uint64) 1134,
					Endurance: (uint64) 1134,
					ShirtNumber: (uint8) 0,
					EncodedSkills: (*big.Int)(16573434936285888304224833572589254038720341707981934),
					EncodedState: (*big.Int)(<nil>),
					RedCard: (bool) false,
					InjuryMatchesLeft: (uint8) 0,
					Tiredness: (int) 0
				}
			}),
			(*engine.Player)({
				Player: (storage.Player) {
					PlayerId: (*big.Int)(<nil>),
					PreferredPosition: (string) "",
					Potential: (uint64) 3,
					DayOfBirth: (uint64) 0,
					TeamId: (string) "",
					Name: (string) "",
					Defence: (uint64) 1134,
					Speed: (uint64) 1134,
					Pass: (uint64) 1134,
					Shoot: (uint64) 1134,
					Endurance: (uint64) 1134,
					ShirtNumber: (uint8) 0,
					EncodedSkills: (*big.Int)(16573434936285888304224833572589254038720341707981934),
					EncodedState: (*big.Int)(<nil>),
					RedCard: (bool) false,
					InjuryMatchesLeft: (uint8) 0,
					Tiredness: (int) 0
				}
			}),
			(*engine.Player)({
				Player: (storage.Player) {
					PlayerId: (*big.Int)(<nil>),
					PreferredPosition: (string) "",
					Potential: (uint64) 3,
					DayOfBirth: (uint64) 0,
					TeamId: (string) "",
					Name: (string) "",
					Defence: (uint64) 1134,
					Speed: (uint64) 1134,
					Pass: (uint64) 1134,
					Shoot: (uint64) 1134,
					Endurance: (uint64) 1134,
					ShirtNumber: (uint8) 0,
					EncodedSkills: (*big.Int)(16573434936285888304224833572589254038720341707981934),
					EncodedState: (*big.Int)(<nil>),
					RedCard: (bool) false,
					InjuryMatchesLeft: (uint8) 0,
					Tiredness: (int) 0
				}
			}),
			(*engine.Player)({
				Player: (storage.Player) {
					PlayerId: (*big.Int)(<nil>),
					PreferredPosition: (string) "",
					Potential: (uint64) 3,
					DayOfBirth: (uint64) 0,
					TeamId: (string) "",
					Name: (string) "",
					Defence: (uint64) 1134,
					Speed: (uint64) 1134,
					Pass: (uint64) 1134,
					Shoot: (uint64) 1134,
					Endurance: (uint64) 1134,
					ShirtNumber: (uint8) 0,
					EncodedSkills: (*big.Int)(16573434936285888304224833572589254038720341707981934),
					EncodedState: (*big.Int)(<nil>),
					RedCard: (bool) false,
					InjuryMatchesLeft: (uint8) 0,
					Tiredness: (int) 0
				}
			}),
			(*engine.Player)({
				Player: (storage.Player) {
					PlayerId: (*big.Int)(<nil>),
					PreferredPosition: (string) "",
					Potential: (uint64) 3,
					DayOfBirth: (uint64) 0,
					TeamId: (string) "",
					Name: (string) "",
					Defence: (uint64) 1134,
					Speed: (uint64) 1134,
					Pass: (uint64) 1134,
					Shoot: (uint64) 1134,
					Endurance: (uint64) 1134,
					ShirtNumber: (uint8) 0,
					EncodedSkills: (*big.Int)(16573434936285888304224833572589254038720341707981934),
					EncodedState: (*big.Int)(<nil>),
					RedCard: (bool) false,
					InjuryMatchesLeft: (uint8) 0,
					Tiredness: (int) 0
				}
			}),
			(*engine.Player)({
				Player: (storage.Player) {
					PlayerId: (*big.Int)(<nil>),
					PreferredPosition: (string) "",
					Potential: (uint64) 3,
					DayOfBirth: (uint64) 0,
					TeamId: (string) "",
					Name: (string) "",
					Defence: (uint64) 1134,
					Speed: (uint64) 1134,
					Pass: (uint64) 1134,
					Shoot: (uint64) 1134,
					Endurance: (uint64) 1134,
					ShirtNumber: (uint8) 0,
					EncodedSkills: (*big.Int)(16573434936285888304224833572589254038720341707981934),
					EncodedState: (*big.Int)(<nil>),
					RedCard: (bool) false,
					InjuryMatchesLeft: (uint8) 0,
					Tiredness: (int) 0
				}
			}),
			(*engine.Player)({
				Player: (storage.Player) {
					PlayerId: (*big.Int)(<nil>),
					PreferredPosition: (string) "",
					Potential: (uint64) 3,
					DayOfBirth: (uint64) 0,
					TeamId: (string) "",
					Name: (string) "",
					Defence: (uint64) 1134,
					Speed: (uint64) 1134,
					Pass: (uint64) 1134,
					Shoot: (uint64) 1134,
					Endurance: (uint64) 1134,
					ShirtNumber: (uint8) 0,
					EncodedSkills: (*big.Int)(16573434936285888304224833572589254038720341707981934),
					EncodedState: (*big.Int)(<nil>),
					RedCard: (bool) false,
					InjuryMatchesLeft: (uint8) 0,
					Tiredness: (int) 0
				}
			}),
			(*engine.Player)({
				Player: (storage.Player) {
					PlayerId: (*big.Int)(<nil>),
					PreferredPosition: (string) "",
					Potential: (uint64) 3,
					DayOfBirth: (uint64) 0,
					TeamId: (string) "",
					Name: (string) "",
					Defence: (uint64) 1134,
					Speed: (uint64) 1134,
					Pass: (uint64) 1134,
					Shoot: (uint64) 1134,
					Endurance: (uint64) 1134,
					ShirtNumber: (uint8) 0,
					EncodedSkills: (*big.Int)(16573434936285888304224833572589254038720341707981934),
					EncodedState: (*big.Int)(<nil>),
					RedCard: (bool) false,
					InjuryMatchesLeft: (uint8) 0,
					Tiredness: (int) 0
				}
			}),
			(*engine.Player)({
				Player: (storage.Player) {
					PlayerId: (*big.Int)(<nil>),
					PreferredPosition: (string) "",
					Potential: (uint64) 3,
					DayOfBirth: (uint64) 0,
					TeamId: (string) "",
					Name: (string) "",
					Defence: (uint64) 1134,
					Speed: (uint64) 1134,
					Pass: (uint64) 1134,
					Shoot: (uint64) 1134,
					Endurance: (uint64) 1134,
					ShirtNumber: (uint8) 0,
					EncodedSkills: (*big.Int)(16573429227295117480385309339445376240739796176995438),
					EncodedState: (*big.Int)(<nil>),
					RedCard: (bool) false,
					InjuryMatchesLeft: (uint8) 0,
					Tiredness: (int) 0
				}
			}),
			(*engine.Player)({
				Player: (storage.Player) {
					PlayerId: (*big.Int)(<nil>),
					PreferredPosition: (string) "",
					Potential: (uint64) 3,
					DayOfBirth: (uint64) 0,
					TeamId: (string) "",
					Name: (string) "",
					Defence: (uint64) 1134,
					Speed: (uint64) 1134,
					Pass: (uint64) 1134,
					Shoot: (uint64) 1134,
					Endurance: (uint64) 1134,
					ShirtNumber: (uint8) 0,
					EncodedSkills: (*big.Int)(16573429227295117480385309339445376240739796176995438),
					EncodedState: (*big.Int)(<nil>),
					RedCard: (bool) false,
					InjuryMatchesLeft: (uint8) 0,
					Tiredness: (int) 0
				}
			}),
			(*engine.Player)({
				Player: (storage.Player) {
					PlayerId: (*big.Int)(<nil>),
					PreferredPosition: (string) "",
					Potential: (uint64) 3,
					DayOfBirth: (uint64) 0,
					TeamId: (string) "",
					Name: (string) "",
					Defence: (uint64) 1134,
					Speed: (uint64) 1134,
					Pass: (uint64) 1134,
					Shoot: (uint64) 1134,
					Endurance: (uint64) 1134,
					ShirtNumber: (uint8) 0,
					EncodedSkills: (*big.Int)(16573429227295117480385309339445376240739796176995438),
					EncodedState: (*big.Int)(<nil>),
					RedCard: (bool) false,
					InjuryMatchesLeft: (uint8) 0,
					Tiredness: (int) 0
				}
			}),
			(*engine.Player)({
				Player: (storage.Player) {
					PlayerId: (*big.Int)(<nil>),
					PreferredPosition: (string) "",
					Potential: (uint64) 3,
					DayOfBirth: (uint64) 0,
					TeamId: (string) "",
					Name: (string) "",
					Defence: (uint64) 1134,
					Speed: (uint64) 1134,
					Pass: (uint64) 1134,
					Shoot: (uint64) 1134,
					Endurance: (uint64) 1134,
					ShirtNumber: (uint8) 0,
					EncodedSkills: (*big.Int)(16573429227295117480385309339445376240739796176995438),
					EncodedState: (*big.Int)(<nil>),
					RedCard: (bool) false,
					InjuryMatchesLeft: (uint8) 0,
					Tiredness: (int) 0
				}
			}),
			(*engine.Player)({
				Player: (storage.Player) {
					PlayerId: (*big.Int)(<nil>),
					PreferredPosition: (string) "",
					Potential: (uint64) 3,
					DayOfBirth: (uint64) 0,
					TeamId: (string) "",
					Name: (string) "",
					Defence: (uint64) 1134,
					Speed: (uint64) 1134,
					Pass: (uint64) 1134,
					Shoot: (uint64) 1134,
					Endurance: (uint64) 1134,
					ShirtNumber: (uint8) 0,
					EncodedSkills: (*big.Int)(16573429227295117480385309339445376240739796176995438),
					EncodedState: (*big.Int)(<nil>),
					RedCard: (bool) false,
					InjuryMatchesLeft: (uint8) 0,
					Tiredness: (int) 0
				}
			}),
			(*engine.Player)({
				Player: (storage.Player) {
					PlayerId: (*big.Int)(<nil>),
					PreferredPosition: (string) "",
					Potential: (uint64) 3,
					DayOfBirth: (uint64) 0,
					TeamId: (string) "",
					Name: (string) "",
					Defence: (uint64) 1134,
					Speed: (uint64) 1134,
					Pass: (uint64) 1134,
					Shoot: (uint64) 1134,
					Endurance: (uint64) 1134,
					ShirtNumber: (uint8) 0,
					EncodedSkills: (*big.Int)(16573429227295117480385309339445376240739796176995438),
					EncodedState: (*big.Int)(<nil>),
					RedCard: (bool) false,
					InjuryMatchesLeft: (uint8) 0,
					Tiredness: (int) 0
				}
			}),
			(*engine.Player)({
				Player: (storage.Player) {
					PlayerId: (*big.Int)(<nil>),
					PreferredPosition: (string) "",
					Potential: (uint64) 3,
					DayOfBirth: (uint64) 0,
					TeamId: (string) "",
					Name: (string) "",
					Defence: (uint64) 1134,
					Speed: (uint64) 1134,
					Pass: (uint64) 1134,
					Shoot: (uint64) 1134,
					Endurance: (uint64) 1134,
					ShirtNumber: (uint8) 0,
					EncodedSkills: (*big.Int)(16573429227295117480385309339445376240739796176995438),
					EncodedState: (*big.Int)(<nil>),
					RedCard: (bool) false,
					InjuryMatchesLeft: (uint8) 0,
					Tiredness: (int) 0
				}
			}),
			(*engine.Player)({
				Player: (storage.Player) {
					PlayerId: (*big.Int)(<nil>),
					PreferredPosition: (string) "",
					Potential: (uint64) 3,
					DayOfBirth: (uint64) 0,
					TeamId: (string) "",
					Name: (string) "",
					Defence: (uint64) 1134,
					Speed: (uint64) 1134,
					Pass: (uint64) 1134,
					Shoot: (uint64) 1134,
					Endurance: (uint64) 1134,
					ShirtNumber: (uint8) 0,
					EncodedSkills: (*big.Int)(16573429227295117480385309339445376240739796176995438),
					EncodedState: (*big.Int)(<nil>),
					RedCard: (bool) false,
					InjuryMatchesLeft: (uint8) 0,
					Tiredness: (int) 0
				}
			}),
			(*engine.Player)({
				Player: (storage.Player) {
					PlayerId: (*big.Int)(<nil>),
					PreferredPosition: (string) "",
					Potential: (uint64) 3,
					DayOfBirth: (uint64) 0,
					TeamId: (string) "",
					Name: (string) "",
					Defence: (uint64) 1134,
					Speed: (uint64) 1134,
					Pass: (uint64) 1134,
					Shoot: (uint64) 1134,
					Endurance: (uint64) 1134,
					ShirtNumber: (uint8) 0,
					EncodedSkills: (*big.Int)(16573429227295117480385309339445376240739796176995438),
					EncodedState: (*big.Int)(<nil>),
					RedCard: (bool) false,
					InjuryMatchesLeft: (uint8) 0,
					Tiredness: (int) 0
				}
			}),
			(*engine.Player)({
				Player: (storage.Player) {
					PlayerId: (*big.Int)(<nil>),
					PreferredPosition: (string) "",
					Potential: (uint64) 3,
					DayOfBirth: (uint64) 0,
					TeamId: (string) "",
					Name: (string) "",
					Defence: (uint64) 1134,
					Speed: (uint64) 1134,
					Pass: (uint64) 1134,
					Shoot: (uint64) 1134,
					Endurance: (uint64) 1134,
					ShirtNumber: (uint8) 0,
					EncodedSkills: (*big.Int)(16573429227295117480385309339445376240739796176995438),
					EncodedState: (*big.Int)(<nil>),
					RedCard: (bool) false,
					InjuryMatchesLeft: (uint8) 0,
					Tiredness: (int) 0
				}
			}),
			(*engine.Player)({
				Player: (storage.Player) {
					PlayerId: (*big.Int)(<nil>),
					PreferredPosition: (string) "",
					Potential: (uint64) 3,
					DayOfBirth: (uint64) 0,
					TeamId: (string) "",
					Name: (string) "",
					Defence: (uint64) 1134,
					Speed: (uint64) 1134,
					Pass: (uint64) 1134,
					Shoot: (uint64) 1134,
					Endurance: (uint64) 1134,
					ShirtNumber: (uint8) 0,
					EncodedSkills: (*big.Int)(16573429227295117480385309339445376240739796176995438),
					EncodedState: (*big.Int)(<nil>),
					RedCard: (bool) false,
					InjuryMatchesLeft: (uint8) 0,
					Tiredness: (int) 0
				}
			}),
			(*engine.Player)({
				Player: (storage.Player) {
					PlayerId: (*big.Int)(<nil>),
					PreferredPosition: (string) "",
					Potential: (uint64) 3,
					DayOfBirth: (uint64) 0,
					TeamId: (string) "",
					Name: (string) "",
					Defence: (uint64) 1134,
					Speed: (uint64) 1134,
					Pass: (uint64) 1134,
					Shoot: (uint64) 1134,
					Endurance: (uint64) 1134,
					ShirtNumber: (uint8) 0,
					EncodedSkills: (*big.Int)(16573429227295117480385309339445376240739796176995438),
					EncodedState: (*big.Int)(<nil>),
					RedCard: (bool) false,
					InjuryMatchesLeft: (uint8) 0,
					Tiredness: (int) 0
				}
			})
		},
		Training: (engine.Training) {
			Training: (storage.Training) {
				TeamID: (string) "",
				SpecialPlayerShirt: (int) -1,
				Goalkeepers: (storage.TrainingPerFieldPos) {
					Shoot: (int) 0,
					Speed: (int) 0,
					Pass: (int) 0,
					Defence: (int) 0,
					Endurance: (int) 0
				},
				Defenders: (storage.TrainingPerFieldPos) {
					Shoot: (int) 0,
					Speed: (int) 0,
					Pass: (int) 0,
					Defence: (int) 0,
					Endurance: (int) 0
				},
				Midfielders: (storage.TrainingPerFieldPos) {
					Shoot: (int) 0,
					Speed: (int) 0,
					Pass: (int) 0,
					Defence: (int) 0,
					Endurance: (int) 0
				},
				Attackers: (storage.TrainingPerFieldPos) {
					Shoot: (int) 0,
					Speed: (int) 0,
					Pass: (int) 0,
					Defence: (int) 0,
					Endurance: (int) 0
				},
				SpecialPlayer: (storage.TrainingPerFieldPos) {
					Shoot: (int) 0,
					Speed: (int) 0,
					Pass: (int) 0,
					Defence: (int) 0,
					Endurance: (int) 0
				}
			}
		}
	},
	VisitorTeam: (engine.Team) {
		Team: (storage.Team) {
			TeamID: (string) (len=1) "2",
			TimezoneIdx: (uint8) 0,
			CountryIdx: (uint32) 0,
			Name: (string) "",
			Owner: (string) "",
			LeagueIdx: (uint32) 0,
			TeamIdxInLeague: (uint32) 0,
			Points: (uint32) 0,
			W: (uint32) 0,
			D: (uint32) 0,
			L: (uint32) 0,
			GoalsForward: (uint32) 0,
			GoalsAgainst: (uint32) 0,
			PrevPerfPoints: (uint64) 0,
			RankingPoints: (uint64) 0,
			TrainingPoints: (uint16) 0,
			Tactic: (string) (len=33) "340596594427581673436941882753025",
			MatchLog: (string) (len=76) "1809253036421563448390736347169377473781134535454907786768055603950971259522"
		},
		Players: ([25]*engine.Player) (len=25 cap=25) {
			(*engine.Player)({
				Player: (storage.Player) {
					PlayerId: (*big.Int)(<nil>),
					PreferredPosition: (string) "",
					Potential: (uint64) 3,
					DayOfBirth: (uint64) 0,
					TeamId: (string) "",
					Name: (string) "",
					Defence: (uint64) 1134,
					Speed: (uint64) 1134,
					Pass: (uint64) 1134,
					Shoot: (uint64) 1134,
					Endurance: (uint64) 1134,
					ShirtNumber: (uint8) 0,
					EncodedSkills: (*big.Int)(16573434936285888304224833573798179858334970882688110),
					EncodedState: (*big.Int)(<nil>),
					RedCard: (bool) false,
					InjuryMatchesLeft: (uint8) 0,
					Tiredness: (int) 0
				}
			}),
			(*engine.Player)({
				Player: (storage.Player) {
					PlayerId: (*big.Int)(<nil>),
					PreferredPosition: (string) "",
					Potential: (uint64) 3,
					DayOfBirth: (uint64) 0,
					TeamId: (string) "",
					Name: (string) "",
					Defence: (uint64) 1134,
					Speed: (uint64) 1134,
					Pass: (uint64) 1134,
					Shoot: (uint64) 1134,
					Endurance: (uint64) 1134,
					ShirtNumber: (uint8) 0,
					EncodedSkills: (*big.Int)(16573429227295117480385309340654302060354425351701614),
					EncodedState: (*big.Int)(<nil>),
					RedCard: (bool) false,
					InjuryMatchesLeft: (uint8) 0,
					Tiredness: (int) 0
				}
			}),
			(*engine.Player)({
				Player: (storage.Player) {
					PlayerId: (*big.Int)(<nil>),
					PreferredPosition: (string) "",
					Potential: (uint64) 3,
					DayOfBirth: (uint64) 0,
					TeamId: (string) "",
					Name: (string) "",
					Defence: (uint64) 1134,
					Speed: (uint64) 1134,
					Pass: (uint64) 1134,
					Shoot: (uint64) 1134,
					Endurance: (uint64) 1134,
					ShirtNumber: (uint8) 0,
					EncodedSkills: (*big.Int)(16573429227295117480385309340654302060354425351701614),
					EncodedState: (*big.Int)(<nil>),
					RedCard: (bool) false,
					InjuryMatchesLeft: (uint8) 0,
					Tiredness: (int) 0
				}
			}),
			(*engine.Player)({
				Player: (storage.Player) {
					PlayerId: (*big.Int)(<nil>),
					PreferredPosition: (string) "",
					Potential: (uint64) 3,
					DayOfBirth: (uint64) 0,
					TeamId: (string) "",
					Name: (string) "",
					Defence: (uint64) 1134,
					Speed: (uint64) 1134,
					Pass: (uint64) 1134,
					Shoot: (uint64) 1134,
					Endurance: (uint64) 1134,
					ShirtNumber: (uint8) 0,
					EncodedSkills: (*big.Int)(16573434936285888304224833573798179858334970882688110),
					EncodedState: (*big.Int)(<nil>),
					RedCard: (bool) false,
					InjuryMatchesLeft: (uint8) 0,
					Tiredness: (int) 0
				}
			}),
			(*engine.Player)({
				Player: (storage.Player) {
					PlayerId: (*big.Int)(<nil>),
					PreferredPosition: (string) "",
					Potential: (uint64) 3,
					DayOfBirth: (uint64) 0,
					TeamId: (string) "",
					Name: (string) "",
					Defence: (uint64) 1134,
					Speed: (uint64) 1134,
					Pass: (uint64) 1134,
					Shoot: (uint64) 1134,
					Endurance: (uint64) 1134,
					ShirtNumber: (uint8) 0,
					EncodedSkills: (*big.Int)(16573434936285888304224833573798179858334970882688110),
					EncodedState: (*big.Int)(<nil>),
					RedCard: (bool) false,
					InjuryMatchesLeft: (uint8) 0,
					Tiredness: (int) 0
				}
			}),
			(*engine.Player)({
				Player: (storage.Player) {
					PlayerId: (*big.Int)(<nil>),
					PreferredPosition: (string) "",
					Potential: (uint64) 3,
					DayOfBirth: (uint64) 0,
					TeamId: (string) "",
					Name: (string) "",
					Defence: (uint64) 1134,
					Speed: (uint64) 1134,
					Pass: (uint64) 1134,
					Shoot: (uint64) 1134,
					Endurance: (uint64) 1134,
					ShirtNumber: (uint8) 0,
					EncodedSkills: (*big.Int)(16573434936285888304224833573798179858334970882688110),
					EncodedState: (*big.Int)(<nil>),
					RedCard: (bool) false,
					InjuryMatchesLeft: (uint8) 0,
					Tiredness: (int) 0
				}
			}),
			(*engine.Player)({
				Player: (storage.Player) {
					PlayerId: (*big.Int)(<nil>),
					PreferredPosition: (string) "",
					Potential: (uint64) 3,
					DayOfBirth: (uint64) 0,
					TeamId: (string) "",
					Name: (string) "",
					Defence: (uint64) 1134,
					Speed: (uint64) 1134,
					Pass: (uint64) 1134,
					Shoot: (uint64) 1134,
					Endurance: (uint64) 1134,
					ShirtNumber: (uint8) 0,
					EncodedSkills: (*big.Int)(16573434936285888304224833573798179858334970882688110),
					EncodedState: (*big.Int)(<nil>),
					RedCard: (bool) false,
					InjuryMatchesLeft: (uint8) 0,
					Tiredness: (int) 0
				}
			}),
			(*engine.Player)({
				Player: (storage.Player) {
					PlayerId: (*big.Int)(<nil>),
					PreferredPosition: (string) "",
					Potential: (uint64) 3,
					DayOfBirth: (uint64) 0,
					TeamId: (string) "",
					Name: (string) "",
					Defence: (uint64) 1134,
					Speed: (uint64) 1134,
					Pass: (uint64) 1134,
					Shoot: (uint64) 1134,
					Endurance: (uint64) 1134,
					ShirtNumber: (uint8) 0,
					EncodedSkills: (*big.Int)(16573434936285888304224833573798179858334970882688110),
					EncodedState: (*big.Int)(<nil>),
					RedCard: (bool) false,
					InjuryMatchesLeft: (uint8) 0,
					Tiredness: (int) 0
				}
			}),
			(*engine.Player)({
				Player: (storage.Player) {
					PlayerId: (*big.Int)(<nil>),
					PreferredPosition: (string) "",
					Potential: (uint64) 3,
					DayOfBirth: (uint64) 0,
					TeamId: (string) "",
					Name: (string) "",
					Defence: (uint64) 1134,
					Speed: (uint64) 1134,
					Pass: (uint64) 1134,
					Shoot: (uint64) 1134,
					Endurance: (uint64) 1134,
					ShirtNumber: (uint8) 0,
					EncodedSkills: (*big.Int)(16573434936285888304224833573798179858334970882688110),
					EncodedState: (*big.Int)(<nil>),
					RedCard: (bool) false,
					InjuryMatchesLeft: (uint8) 0,
					Tiredness: (int) 0
				}
			}),
			(*engine.Player)({
				Player: (storage.Player) {
					PlayerId: (*big.Int)(<nil>),
					PreferredPosition: (string) "",
					Potential: (uint64) 3,
					DayOfBirth: (uint64) 0,
					TeamId: (string) "",
					Name: (string) "",
					Defence: (uint64) 1134,
					Speed: (uint64) 1134,
					Pass: (uint64) 1134,
					Shoot: (uint64) 1134,
					Endurance: (uint64) 1134,
					ShirtNumber: (uint8) 0,
					EncodedSkills: (*big.Int)(16573434936285888304224833573798179858334970882688110),
					EncodedState: (*big.Int)(<nil>),
					RedCard: (bool) false,
					InjuryMatchesLeft: (uint8) 0,
					Tiredness: (int) 0
				}
			}),
			(*engine.Player)({
				Player: (storage.Player) {
					PlayerId: (*big.Int)(<nil>),
					PreferredPosition: (string) "",
					Potential: (uint64) 3,
					DayOfBirth: (uint64) 0,
					TeamId: (string) "",
					Name: (string) "",
					Defence: (uint64) 1134,
					Speed: (uint64) 1134,
					Pass: (uint64) 1134,
					Shoot: (uint64) 1134,
					Endurance: (uint64) 1134,
					ShirtNumber: (uint8) 0,
					EncodedSkills: (*big.Int)(16573434936285888304224833573798179858334970882688110),
					EncodedState: (*big.Int)(<nil>),
					RedCard: (bool) false,
					InjuryMatchesLeft: (uint8) 0,
					Tiredness: (int) 0
				}
			}),
			(*engine.Player)({
				Player: (storage.Player) {
					PlayerId: (*big.Int)(<nil>),
					PreferredPosition: (string) "",
					Potential: (uint64) 3,
					DayOfBirth: (uint64) 0,
					TeamId: (string) "",
					Name: (string) "",
					Defence: (uint64) 1134,
					Speed: (uint64) 1134,
					Pass: (uint64) 1134,
					Shoot: (uint64) 1134,
					Endurance: (uint64) 1134,
					ShirtNumber: (uint8) 0,
					EncodedSkills: (*big.Int)(16573434936285888304224833573798179858334970882688110),
					EncodedState: (*big.Int)(<nil>),
					RedCard: (bool) false,
					InjuryMatchesLeft: (uint8) 0,
					Tiredness: (int) 0
				}
			}),
			(*engine.Player)({
				Player: (storage.Player) {
					PlayerId: (*big.Int)(<nil>),
					PreferredPosition: (string) "",
					Potential: (uint64) 3,
					DayOfBirth: (uint64) 0,
					TeamId: (string) "",
					Name: (string) "",
					Defence: (uint64) 1134,
					Speed: (uint64) 1134,
					Pass: (uint64) 1134,
					Shoot: (uint64) 1134,
					Endurance: (uint64) 1134,
					ShirtNumber: (uint8) 0,
					EncodedSkills: (*big.Int)(16573434936285888304224833573798179858334970882688110),
					EncodedState: (*big.Int)(<nil>),
					RedCard: (bool) false,
					InjuryMatchesLeft: (uint8) 0,
					Tiredness: (int) 0
				}
			}),
			(*engine.Player)({
				Player: (storage.Player) {
					PlayerId: (*big.Int)(<nil>),
					PreferredPosition: (string) "",
					Potential: (uint64) 3,
					DayOfBirth: (uint64) 0,
					TeamId: (string) "",
					Name: (string) "",
					Defence: (uint64) 1134,
					Speed: (uint64) 1134,
					Pass: (uint64) 1134,
					Shoot: (uint64) 1134,
					Endurance: (uint64) 1134,
					ShirtNumber: (uint8) 0,
					EncodedSkills: (*big.Int)(16573429227295117480385309340654302060354425351701614),
					EncodedState: (*big.Int)(<nil>),
					RedCard: (bool) false,
					InjuryMatchesLeft: (uint8) 0,
					Tiredness: (int) 0
				}
			}),
			(*engine.Player)({
				Player: (storage.Player) {
					PlayerId: (*big.Int)(<nil>),
					PreferredPosition: (string) "",
					Potential: (uint64) 3,
					DayOfBirth: (uint64) 0,
					TeamId: (string) "",
					Name: (string) "",
					Defence: (uint64) 1134,
					Speed: (uint64) 1134,
					Pass: (uint64) 1134,
					Shoot: (uint64) 1134,
					Endurance: (uint64) 1134,
					ShirtNumber: (uint8) 0,
					EncodedSkills: (*big.Int)(16573429227295117480385309340654302060354425351701614),
					EncodedState: (*big.Int)(<nil>),
					RedCard: (bool) false,
					InjuryMatchesLeft: (uint8) 0,
					Tiredness: (int) 0
				}
			}),
			(*engine.Player)({
				Player: (storage.Player) {
					PlayerId: (*big.Int)(<nil>),
					PreferredPosition: (string) "",
					Potential: (uint64) 3,
					DayOfBirth: (uint64) 0,
					TeamId: (string) "",
					Name: (string) "",
					Defence: (uint64) 1134,
					Speed: (uint64) 1134,
					Pass: (uint64) 1134,
					Shoot: (uint64) 1134,
					Endurance: (uint64) 1134,
					ShirtNumber: (uint8) 0,
					EncodedSkills: (*big.Int)(16573429227295117480385309340654302060354425351701614),
					EncodedState: (*big.Int)(<nil>),
					RedCard: (bool) false,
					InjuryMatchesLeft: (uint8) 0,
					Tiredness: (int) 0
				}
			}),
			(*engine.Player)({
				Player: (storage.Player) {
					PlayerId: (*big.Int)(<nil>),
					PreferredPosition: (string) "",
					Potential: (uint64) 3,
					DayOfBirth: (uint64) 0,
					TeamId: (string) "",
					Name: (string) "",
					Defence: (uint64) 1134,
					Speed: (uint64) 1134,
					Pass: (uint64) 1134,
					Shoot: (uint64) 1134,
					Endurance: (uint64) 1134,
					ShirtNumber: (uint8) 0,
					EncodedSkills: (*big.Int)(16573429227295117480385309340654302060354425351701614),
					EncodedState: (*big.Int)(<nil>),
					RedCard: (bool) false,
					InjuryMatchesLeft: (uint8) 0,
					Tiredness: (int) 0
				}
			}),
			(*engine.Player)({
				Player: (storage.Player) {
					PlayerId: (*big.Int)(<nil>),
					PreferredPosition: (string) "",
					Potential: (uint64) 3,
					DayOfBirth: (uint64) 0,
					TeamId: (string) "",
					Name: (string) "",
					Defence: (uint64) 1134,
					Speed: (uint64) 1134,
					Pass: (uint64) 1134,
					Shoot: (uint64) 1134,
					Endurance: (uint64) 1134,
					ShirtNumber: (uint8) 0,
					EncodedSkills: (*big.Int)(16573429227295117480385309340654302060354425351701614),
					EncodedState: (*big.Int)(<nil>),
					RedCard: (bool) false,
					InjuryMatchesLeft: (uint8) 0,
					Tiredness: (int) 0
				}
			}),
			(*engine.Player)({
				Player: (storage.Player) {
					PlayerId: (*big.Int)(<nil>),
					PreferredPosition: (string) "",
					Potential: (uint64) 3,
					DayOfBirth: (uint64) 0,
					TeamId: (string) "",
					Name: (string) "",
					Defence: (uint64) 1134,
					Speed: (uint64) 1134,
					Pass: (uint64) 1134,
					Shoot: (uint64) 1134,
					Endurance: (uint64) 1134,
					ShirtNumber: (uint8) 0,
					EncodedSkills: (*big.Int)(16573429227295117480385309340654302060354425351701614),
					EncodedState: (*big.Int)(<nil>),
					RedCard: (bool) false,
					InjuryMatchesLeft: (uint8) 0,
					Tiredness: (int) 0
				}
			}),
			(*engine.Player)({
				Player: (storage.Player) {
					PlayerId: (*big.Int)(<nil>),
					PreferredPosition: (string) "",
					Potential: (uint64) 3,
					DayOfBirth: (uint64) 0,
					TeamId: (string) "",
					Name: (string) "",
					Defence: (uint64) 1134,
					Speed: (uint64) 1134,
					Pass: (uint64) 1134,
					Shoot: (uint64) 1134,
					Endurance: (uint64) 1134,
					ShirtNumber: (uint8) 0,
					EncodedSkills: (*big.Int)(16573429227295117480385309340654302060354425351701614),
					EncodedState: (*big.Int)(<nil>),
					RedCard: (bool) false,
					InjuryMatchesLeft: (uint8) 0,
					Tiredness: (int) 0
				}
			}),
			(*engine.Player)({
				Player: (storage.Player) {
					PlayerId: (*big.Int)(<nil>),
					PreferredPosition: (string) "",
					Potential: (uint64) 3,
					DayOfBirth: (uint64) 0,
					TeamId: (string) "",
					Name: (string) "",
					Defence: (uint64) 1134,
					Speed: (uint64) 1134,
					Pass: (uint64) 1134,
					Shoot: (uint64) 1134,
					Endurance: (uint64) 1134,
					ShirtNumber: (uint8) 0,
					EncodedSkills: (*big.Int)(16573429227295117480385309340654302060354425351701614),
					EncodedState: (*big.Int)(<nil>),
					RedCard: (bool) false,
					InjuryMatchesLeft: (uint8) 0,
					Tiredness: (int) 0
				}
			}),
			(*engine.Player)({
				Player: (storage.Player) {
					PlayerId: (*big.Int)(<nil>),
					PreferredPosition: (string) "",
					Potential: (uint64) 3,
					DayOfBirth: (uint64) 0,
					TeamId: (string) "",
					Name: (string) "",
					Defence: (uint64) 1134,
					Speed: (uint64) 1134,
					Pass: (uint64) 1134,
					Shoot: (uint64) 1134,
					Endurance: (uint64) 1134,
					ShirtNumber: (uint8) 0,
					EncodedSkills: (*big.Int)(16573429227295117480385309340654302060354425351701614),
					EncodedState: (*big.Int)(<nil>),
					RedCard: (bool) false,
					InjuryMatchesLeft: (uint8) 0,
					Tiredness: (int) 0
				}
			}),
			(*engine.Player)({
				Player: (storage.Player) {
					PlayerId: (*big.Int)(<nil>),
					PreferredPosition: (string) "",
					Potential: (uint64) 3,
					DayOfBirth: (uint64) 0,
					TeamId: (string) "",
					Name: (string) "",
					Defence: (uint64) 1134,
					Speed: (uint64) 1134,
					Pass: (uint64) 1134,
					Shoot: (uint64) 1134,
					Endurance: (uint64) 1134,
					ShirtNumber: (uint8) 0,
					EncodedSkills: (*big.Int)(16573429227295117480385309340654302060354425351701614),
					EncodedState: (*big.Int)(<nil>),
					RedCard: (bool) false,
					InjuryMatchesLeft: (uint8) 0,
					Tiredness: (int) 0
				}
			}),
			(*engine.Player)({
				Player: (storage.Player) {
					PlayerId: (*big.Int)(<nil>),
					PreferredPosition: (string) "",
					Potential: (uint64) 3,
					DayOfBirth: (uint64) 0,
					TeamId: (string) "",
					Name: (string) "",
					Defence: (uint64) 1134,
					Speed: (uint64) 1134,
					Pass: (uint64) 1134,
					Shoot: (uint64) 1134,
					Endurance: (uint64) 1134,
					ShirtNumber: (uint8) 0,
					EncodedSkills: (*big.Int)(16573429227295117480385309340654302060354425351701614),
					EncodedState: (*big.Int)(<nil>),
					RedCard: (bool) false,
					InjuryMatchesLeft: (uint8) 0,
					Tiredness: (int) 0
				}
			}),
			(*engine.Player)({
				Player: (storage.Player) {
					PlayerId: (*big.Int)(<nil>),
					PreferredPosition: (string) "",
					Potential: (uint64) 3,
					DayOfBirth: (uint64) 0,
					TeamId: (string) "",
					Name: (string) "",
					Defence: (uint64) 1134,
					Speed: (uint64) 1134,
					Pass: (uint64) 1134,
					Shoot: (uint64) 1134,
					Endurance: (uint64) 1134,
					ShirtNumber: (uint8) 0,
					EncodedSkills: (*big.Int)(16573429227295117480385309340654302060354425351701614),
					EncodedState: (*big.Int)(<nil>),
					RedCard: (bool) false,
					InjuryMatchesLeft: (uint8) 0,
					Tiredness: (int) 0
				}
			})
		},
		Training: (engine.Training) {
			Training: (storage.Training) {
				TeamID: (string) "",
				SpecialPlayerShirt: (int) -1,
				Goalkeepers: (storage.TrainingPerFieldPos) {
					Shoot: (int) 0,
					Speed: (int) 0,
					Pass: (int) 0,
					Defence: (int) 0,
					Endurance: (int) 0
				},
				Defenders: (storage.TrainingPerFieldPos) {
					Shoot: (int) 0,
					Speed: (int) 0,
					Pass: (int) 0,
					Defence: (int) 0,
					Endurance: (int) 0
				},
				Midfielders: (storage.TrainingPerFieldPos) {
					Shoot: (int) 0,
					Speed: (int) 0,
					Pass: (int) 0,
					Defence: (int) 0,
					Endurance: (int) 0
				},
				Attackers: (storage.TrainingPerFieldPos) {
					Shoot: (int) 0,
					Speed: (int) 0,
					Pass: (int) 0,
					Defence: (int) 0,
					Endurance: (int) 0
				},
				SpecialPlayer: (storage.TrainingPerFieldPos) {
					Shoot: (int) 0,
					Speed: (int) 0,
					Pass: (int) 0,
					Defence: (int) 0,
					Endurance: (int) 0
				}
			}
		}
	},
	Events: (matchevents.MatchEvents) (len=15 cap=16) {
		(matchevents.MatchEvent) {
			Minute: (int16) 2,
			Type: (int16) 0,
			Team: (int16) 0,
			ManagesToShoot: (bool) false,
			IsGoal: (bool) false,
			PrimaryPlayer: (int16) 3,
			SecondaryPlayer: (int16) -1
		},
		(matchevents.MatchEvent) {
			Minute: (int16) 5,
			Type: (int16) 0,
			Team: (int16) 0,
			ManagesToShoot: (bool) false,
			IsGoal: (bool) false,
			PrimaryPlayer: (int16) 11,
			SecondaryPlayer: (int16) -1
		},
		(matchevents.MatchEvent) {
			Minute: (int16) 8,
			Type: (int16) 0,
			Team: (int16) 1,
			ManagesToShoot: (bool) false,
			IsGoal: (bool) false,
			PrimaryPlayer: (int16) 10,
			SecondaryPlayer: (int16) -1
		},
		(matchevents.MatchEvent) {
			Minute: (int16) 15,
			Type: (int16) 0,
			Team: (int16) 0,
			ManagesToShoot: (bool) false,
			IsGoal: (bool) false,
			PrimaryPlayer: (int16) 9,
			SecondaryPlayer: (int16) -1
		},
		(matchevents.MatchEvent) {
			Minute: (int16) 18,
			Type: (int16) 0,
			Team: (int16) 1,
			ManagesToShoot: (bool) true,
			IsGoal: (bool) true,
			PrimaryPlayer: (int16) 9,
			SecondaryPlayer: (int16) 10
		},
		(matchevents.MatchEvent) {
			Minute: (int16) 21,
			Type: (int16) 0,
			Team: (int16) 0,
			ManagesToShoot: (bool) true,
			IsGoal: (bool) true,
			PrimaryPlayer: (int16) 12,
			SecondaryPlayer: (int16) 12
		},
		(matchevents.MatchEvent) {
			Minute: (int16) 24,
			Type: (int16) 0,
			Team: (int16) 1,
			ManagesToShoot: (bool) false,
			IsGoal: (bool) false,
			PrimaryPlayer: (int16) 6,
			SecondaryPlayer: (int16) -1
		},
		(matchevents.MatchEvent) {
			Minute: (int16) 31,
			Type: (int16) 0,
			Team: (int16) 1,
			ManagesToShoot: (bool) false,
			IsGoal: (bool) false,
			PrimaryPlayer: (int16) 5,
			SecondaryPlayer: (int16) -1
		},
		(matchevents.MatchEvent) {
			Minute: (int16) 34,
			Type: (int16) 0,
			Team: (int16) 1,
			ManagesToShoot: (bool) false,
			IsGoal: (bool) false,
			PrimaryPlayer: (int16) 4,
			SecondaryPlayer: (int16) -1
		},
		(matchevents.MatchEvent) {
			Minute: (int16) 37,
			Type: (int16) 0,
			Team: (int16) 1,
			ManagesToShoot: (bool) false,
			IsGoal: (bool) false,
			PrimaryPlayer: (int16) 3,
			SecondaryPlayer: (int16) -1
		},
		(matchevents.MatchEvent) {
			Minute: (int16) 43,
			Type: (int16) 0,
			Team: (int16) 1,
			ManagesToShoot: (bool) false,
			IsGoal: (bool) false,
			PrimaryPlayer: (int16) 4,
			SecondaryPlayer: (int16) -1
		},
		(matchevents.MatchEvent) {
			Minute: (int16) 44,
			Type: (int16) 0,
			Team: (int16) 1,
			ManagesToShoot: (bool) true,
			IsGoal: (bool) true,
			PrimaryPlayer: (int16) 10,
			SecondaryPlayer: (int16) 12
		},
		(matchevents.MatchEvent) {
			Minute: (int16) 17,
			Type: (int16) 1,
			Team: (int16) 0,
			ManagesToShoot: (bool) false,
			IsGoal: (bool) false,
			PrimaryPlayer: (int16) 11,
			SecondaryPlayer: (int16) -1
		},
		(matchevents.MatchEvent) {
			Minute: (int16) 29,
			Type: (int16) 1,
			Team: (int16) 1,
			ManagesToShoot: (bool) false,
			IsGoal: (bool) false,
			PrimaryPlayer: (int16) 10,
			SecondaryPlayer: (int16) -1
		},
		(matchevents.MatchEvent) {
			Minute: (int16) 41,
			Type: (int16) 1,
			Team: (int16) 1,
			ManagesToShoot: (bool) false,
			IsGoal: (bool) false,
			PrimaryPlayer: (int16) 4,
			SecondaryPlayer: (int16) -1
		}
	}
})
