apiVersion: v1
data:
  ASSETS_CONTRACT_ADDRESS: 0x3a9807d2450C509b170924467D0116B05C4AC01e
  BLOCKS_PER_STEP: "10"
  CONSTANTSGETTERS_CONTRACT_ADDRESS: 0xc21Aa52562962Fb95dbE9CDa0ccdA5808326987d
  ENGINE_CONTRACT_ADDRESS: 0x9a2FA5164Ee9784678a06C1f33FF860D0C2FA225
  ENGINEAPPLYBOOSTERS_CONTRACT_ADDRESS: 0x28A925dD3b978509eF1d8eA6E1195D490F0F5340
  ENGINEPRECOMP_CONTRACT_ADDRESS: 0xe4389C6Dfb30B910E54A7C249a990A8b038629B6
  EVOLUTION_CONTRACT_ADDRESS: 0xA5B738A5254854A4Fd28551fFFD2d145523B5c3F
  FRIENDLIES_CONTRACT_ADDRESS: 0x3c69F314458b92d9c4ecBfe0b66b933DEe50BD7e
  LEAGUES_CONTRACT_ADDRESS: 0x6660D0c7dc0E5C016675369d03cDBDE76608C877
  MARKET_CONTRACT_ADDRESS: 0x3a9807d2450C509b170924467D0116B05C4AC01e
  PLAYANDEVOLVE_CONTRACT_ADDRESS: 0x2f1530336079A9d2a2E623cf62C4DF8B532D201B
  PRIVILEGED_CONTRACT_ADDRESS: 0x3a9807d2450C509b170924467D0116B05C4AC01e
  SHOP_CONTRACT_ADDRESS: 0x05E43062013fC33FAF573DB743Bd58634827b4d7
  SHOP_CONTRACT_CONTRACT_ADDRESS: 0xEEE73ea99548ea2746c9E2cB203874c3Ec6b1123
  TRAININGPOINTS_CONTRACT_ADDRESS: 0xB8233A4D93754Eb74503C3fc009C326de74E6c99
  UPDATES_CONTRACT_ADDRESS: 0x3a9807d2450C509b170924467D0116B05C4AC01e
  UTILS_CONTRACT_ADDRESS: 0x90438f151DEa5e1D98fc5DDb7D42BC3E646f3A6D
  freeverse_password: freeverse
  freeverse_username: freeverse
  sender: 0xeb3ce112d8610382a994646872c4361a96c82cf8
kind: ConfigMap
metadata:
  labels:
    app.kubernetes.io/part-of: cryptosoccer
    app.kubernetes.io/version: 1.0.0
  name: freeverse-configmap
---
apiVersion: v1
kind: Service
metadata:
  labels:
    app.kubernetes.io/app: authproxy
    app.kubernetes.io/component: authproxy
    app.kubernetes.io/part-of: cryptosoccer
    app.kubernetes.io/version: 1.0.0
  name: authproxy
spec:
  ports:
  - port: 8080
  selector:
    app.kubernetes.io/app: authproxy
    app.kubernetes.io/component: authproxy
    app.kubernetes.io/part-of: cryptosoccer
    app.kubernetes.io/version: 1.0.0
---
apiVersion: v1
kind: Service
metadata:
  labels:
    app.kubernetes.io/app: dashboard
    app.kubernetes.io/component: dashboard
    app.kubernetes.io/part-of: cryptosoccer
    app.kubernetes.io/version: 1.0.0
  name: dashboard
spec:
  ports:
  - port: 80
  selector:
    app.kubernetes.io/app: dashboard
    app.kubernetes.io/component: dashboard
    app.kubernetes.io/part-of: cryptosoccer
    app.kubernetes.io/version: 1.0.0
---
apiVersion: v1
kind: Service
metadata:
  labels:
    app.kubernetes.io/app: horizon
    app.kubernetes.io/component: horizon
    app.kubernetes.io/part-of: cryptosoccer
    app.kubernetes.io/version: 1.0.0
  name: horizon
spec:
  ports:
  - port: 4000
  selector:
    app.kubernetes.io/app: horizon
    app.kubernetes.io/component: horizon
    app.kubernetes.io/part-of: cryptosoccer
    app.kubernetes.io/version: 1.0.0
---
apiVersion: v1
kind: Service
metadata:
  labels:
    app.kubernetes.io/app: marketdb
    app.kubernetes.io/component: marketdb
    app.kubernetes.io/part-of: cryptosoccer
    app.kubernetes.io/version: 1.0.0
  name: marketdb
spec:
  ports:
  - port: 5432
  selector:
    app.kubernetes.io/app: marketdb
    app.kubernetes.io/component: marketdb
    app.kubernetes.io/part-of: cryptosoccer
    app.kubernetes.io/version: 1.0.0
---
apiVersion: v1
kind: Service
metadata:
  labels:
    app.kubernetes.io/app: oauth2-proxy
    app.kubernetes.io/component: oauth2-proxy
    app.kubernetes.io/part-of: cryptosoccer
    app.kubernetes.io/version: 1.0.0
    k8s-app: oauth2-proxy
  name: oauth2-proxy
spec:
  ports:
  - name: http
    port: 4180
    protocol: TCP
    targetPort: 4180
  selector:
    app.kubernetes.io/app: oauth2-proxy
    app.kubernetes.io/component: oauth2-proxy
    app.kubernetes.io/part-of: cryptosoccer
    app.kubernetes.io/version: 1.0.0
    k8s-app: oauth2-proxy
---
apiVersion: v1
kind: Service
metadata:
  labels:
    app.kubernetes.io/app: relayactions
    app.kubernetes.io/component: relayactions
    app.kubernetes.io/part-of: cryptosoccer
    app.kubernetes.io/version: 1.0.0
  name: relayactions
spec:
  ports:
  - port: 4004
  selector:
    app.kubernetes.io/app: relayactions
    app.kubernetes.io/component: relayactions
    app.kubernetes.io/part-of: cryptosoccer
    app.kubernetes.io/version: 1.0.0
---
apiVersion: v1
kind: Service
metadata:
  labels:
    app.kubernetes.io/app: synchronizer
    app.kubernetes.io/component: synchronizer
    app.kubernetes.io/part-of: cryptosoccer
    app.kubernetes.io/version: 1.0.0
  name: synchronizer
spec:
  ports:
  - port: 4004
  selector:
    app.kubernetes.io/app: synchronizer
    app.kubernetes.io/component: synchronizer
    app.kubernetes.io/part-of: cryptosoccer
    app.kubernetes.io/version: 1.0.0
---
apiVersion: v1
kind: Service
metadata:
  labels:
    app.kubernetes.io/app: trader
    app.kubernetes.io/component: trader
    app.kubernetes.io/part-of: cryptosoccer
    app.kubernetes.io/version: 1.0.0
  name: trader
spec:
  ports:
  - port: 4000
  selector:
    app.kubernetes.io/app: trader
    app.kubernetes.io/component: trader
    app.kubernetes.io/part-of: cryptosoccer
    app.kubernetes.io/version: 1.0.0
---
apiVersion: v1
kind: Service
metadata:
  labels:
    app.kubernetes.io/app: universeapi
    app.kubernetes.io/component: universeapi
    app.kubernetes.io/part-of: cryptosoccer
    app.kubernetes.io/version: 1.0.0
  name: universeapi
spec:
  ports:
  - name: http
    port: 4000
    protocol: TCP
    targetPort: 4000
  selector:
    app.kubernetes.io/app: universeapi
    app.kubernetes.io/component: universeapi
    app.kubernetes.io/part-of: cryptosoccer
    app.kubernetes.io/version: 1.0.0
---
apiVersion: v1
kind: Service
metadata:
  labels:
    app.kubernetes.io/app: universedb
    app.kubernetes.io/component: universedb
    app.kubernetes.io/part-of: cryptosoccer
    app.kubernetes.io/version: 1.0.0
  name: universedb
spec:
  ports:
  - port: 5432
  selector:
    app.kubernetes.io/app: universedb
    app.kubernetes.io/component: universedb
    app.kubernetes.io/part-of: cryptosoccer
    app.kubernetes.io/version: 1.0.0
---
apiVersion: apps/v1
kind: Deployment
metadata:
  labels:
    app.kubernetes.io/app: authproxy
    app.kubernetes.io/component: authproxy
    app.kubernetes.io/part-of: cryptosoccer
    app.kubernetes.io/version: 1.0.0
  name: authproxy
spec:
  replicas: 1
  selector:
    matchLabels:
      app.kubernetes.io/app: authproxy
      app.kubernetes.io/component: authproxy
      app.kubernetes.io/part-of: cryptosoccer
      app.kubernetes.io/version: 1.0.0
  template:
    metadata:
      labels:
        app.kubernetes.io/app: authproxy
        app.kubernetes.io/component: authproxy
        app.kubernetes.io/part-of: cryptosoccer
        app.kubernetes.io/version: 1.0.0
    spec:
      containers:
      - args:
        - -backdoor=true
        - -timeout=30
        - -gqlurl
        - http://horizon:4000
        envFrom:
        - configMapRef:
            name: freeverse-configmap
        image: freeverseio/authproxy:dev
        imagePullPolicy: Always
        name: authproxy
      imagePullSecrets:
      - name: docker-secret
---
apiVersion: apps/v1
kind: Deployment
metadata:
  labels:
    app.kubernetes.io/app: dashboard
    app.kubernetes.io/component: dashboard
    app.kubernetes.io/part-of: cryptosoccer
    app.kubernetes.io/version: 1.0.0
  name: dashboard
spec:
  replicas: 1
  selector:
    matchLabels:
      app.kubernetes.io/app: dashboard
      app.kubernetes.io/component: dashboard
      app.kubernetes.io/part-of: cryptosoccer
      app.kubernetes.io/version: 1.0.0
  template:
    metadata:
      labels:
        app.kubernetes.io/app: dashboard
        app.kubernetes.io/component: dashboard
        app.kubernetes.io/part-of: cryptosoccer
        app.kubernetes.io/version: 1.0.0
    spec:
      containers:
      - image: freeverseio/dashboard:dev
        imagePullPolicy: Always
        name: dashboard
      imagePullSecrets:
      - name: docker-secret
---
apiVersion: apps/v1
kind: Deployment
metadata:
  labels:
    app.kubernetes.io/app: horizon
    app.kubernetes.io/component: horizon
    app.kubernetes.io/part-of: cryptosoccer
    app.kubernetes.io/version: 1.0.0
  name: horizon
spec:
  replicas: 1
  selector:
    matchLabels:
      app.kubernetes.io/app: horizon
      app.kubernetes.io/component: horizon
      app.kubernetes.io/part-of: cryptosoccer
      app.kubernetes.io/version: 1.0.0
  template:
    metadata:
      labels:
        app.kubernetes.io/app: horizon
        app.kubernetes.io/component: horizon
        app.kubernetes.io/part-of: cryptosoccer
        app.kubernetes.io/version: 1.0.0
    spec:
      containers:
      - args:
        - -u
        - http://universeapi:4000/graphql
        - -m
        - http://trader:4000/graphql
        envFrom:
        - configMapRef:
            name: freeverse-configmap
        image: freeverseio/horizon:dev
        imagePullPolicy: Always
        name: horizon
      imagePullSecrets:
      - name: docker-secret
---
apiVersion: apps/v1
kind: Deployment
metadata:
  labels:
    app.kubernetes.io/app: marketdb
    app.kubernetes.io/component: marketdb
    app.kubernetes.io/part-of: cryptosoccer
    app.kubernetes.io/version: 1.0.0
  name: marketdb
spec:
  replicas: 1
  selector:
    matchLabels:
      app.kubernetes.io/app: marketdb
      app.kubernetes.io/component: marketdb
      app.kubernetes.io/part-of: cryptosoccer
      app.kubernetes.io/version: 1.0.0
  template:
    metadata:
      labels:
        app.kubernetes.io/app: marketdb
        app.kubernetes.io/component: marketdb
        app.kubernetes.io/part-of: cryptosoccer
        app.kubernetes.io/version: 1.0.0
    spec:
      containers:
      - image: freeverseio/market.db:dev
        imagePullPolicy: Always
        name: marketdb
        ports:
        - containerPort: 5432
      imagePullSecrets:
      - name: docker-secret
---
apiVersion: apps/v1
kind: Deployment
metadata:
  labels:
    app.kubernetes.io/app: notary
    app.kubernetes.io/component: notary
    app.kubernetes.io/part-of: cryptosoccer
    app.kubernetes.io/version: 1.0.0
  name: notary
spec:
  replicas: 1
  selector:
    matchLabels:
      app.kubernetes.io/app: notary
      app.kubernetes.io/component: notary
      app.kubernetes.io/part-of: cryptosoccer
      app.kubernetes.io/version: 1.0.0
  template:
    metadata:
      labels:
        app.kubernetes.io/app: notary
        app.kubernetes.io/component: notary
        app.kubernetes.io/part-of: cryptosoccer
        app.kubernetes.io/version: 1.0.0
    spec:
      containers:
      - args:
        - -postgres
        - postgres://$(freeverse_username):$(freeverse_password)@marketdb:5432/market?sslmode=disable
        - -ethereum
        - http://xdai:8545
        - -private_key
        - 3B878F7892FBBFA30C8AED1DF317C19B853685E707C2CF0EE1927DC516060A54
        - -market_address
        - $(MARKET_CONTRACT_ADDRESS)
        - -constantsgetters_address
        - $(CONSTANTSGETTERS_CONTRACT_ADDRESS)
        envFrom:
        - configMapRef:
            name: freeverse-configmap
        image: freeverseio/market.notary:dev
        imagePullPolicy: Always
        name: notary
      imagePullSecrets:
      - name: docker-secret
---
apiVersion: apps/v1
kind: Deployment
metadata:
  labels:
    app.kubernetes.io/app: oauth2-proxy
    app.kubernetes.io/component: oauth2-proxy
    app.kubernetes.io/part-of: cryptosoccer
    app.kubernetes.io/version: 1.0.0
    k8s-app: oauth2-proxy
  name: oauth2-proxy
spec:
  replicas: 1
  selector:
    matchLabels:
      app.kubernetes.io/app: oauth2-proxy
      app.kubernetes.io/component: oauth2-proxy
      app.kubernetes.io/part-of: cryptosoccer
      app.kubernetes.io/version: 1.0.0
      k8s-app: oauth2-proxy
  template:
    metadata:
      labels:
        app.kubernetes.io/app: oauth2-proxy
        app.kubernetes.io/component: oauth2-proxy
        app.kubernetes.io/part-of: cryptosoccer
        app.kubernetes.io/version: 1.0.0
        k8s-app: oauth2-proxy
    spec:
      containers:
      - args:
        - --provider=google
        - --email-domain=freeverse.io
        - --upstream=file:///dev/null
        - --http-address=0.0.0.0:4180
        env:
        - name: OAUTH2_PROXY_CLIENT_ID
          value: 113905956705-rqce79rekie163lp5ok72d0oi0mnglj7.apps.googleusercontent.com
        - name: OAUTH2_PROXY_CLIENT_SECRET
          value: f32eVJ8IJ_p3b9a9ryFEdyiJ
        - name: OAUTH2_PROXY_COOKIE_SECRET
          value: NsLSqSMefZFtt+IgomYmow==
        image: quay.io/pusher/oauth2_proxy:latest
        imagePullPolicy: Always
        name: oauth2-proxy
        ports:
        - containerPort: 4180
          protocol: TCP
---
apiVersion: apps/v1
kind: Deployment
metadata:
  labels:
    app.kubernetes.io/app: relayactions
    app.kubernetes.io/component: relayactions
    app.kubernetes.io/part-of: cryptosoccer
    app.kubernetes.io/version: 1.0.0
  name: relayactions
spec:
  replicas: 1
  selector:
    matchLabels:
      app.kubernetes.io/app: relayactions
      app.kubernetes.io/component: relayactions
      app.kubernetes.io/part-of: cryptosoccer
      app.kubernetes.io/version: 1.0.0
  template:
    metadata:
      labels:
        app.kubernetes.io/app: relayactions
        app.kubernetes.io/component: relayactions
        app.kubernetes.io/part-of: cryptosoccer
        app.kubernetes.io/version: 1.0.0
    spec:
      containers:
      - args:
        - -postgres
        - postgres://$(freeverse_username):$(freeverse_password)@universedb:5432/cryptosoccer?sslmode=disable
        - -ethereum
        - http://xdai:8545
        - -updatesContractAddress
        - $(UPDATES_CONTRACT_ADDRESS)
        - -ipfs
        - ipfsnode:5001
        envFrom:
        - configMapRef:
            name: freeverse-configmap
        image: freeverseio/relay.actions:dev
        imagePullPolicy: Always
        name: relayactions
      imagePullSecrets:
      - name: docker-secret
---
apiVersion: apps/v1
kind: Deployment
metadata:
  labels:
    app.kubernetes.io/app: synchronizer
    app.kubernetes.io/component: synchronizer
    app.kubernetes.io/part-of: cryptosoccer
    app.kubernetes.io/version: 1.0.0
  name: synchronizer
spec:
  replicas: 1
  selector:
    matchLabels:
      app.kubernetes.io/app: synchronizer
      app.kubernetes.io/component: synchronizer
      app.kubernetes.io/part-of: cryptosoccer
      app.kubernetes.io/version: 1.0.0
  template:
    metadata:
      labels:
        app.kubernetes.io/app: synchronizer
        app.kubernetes.io/component: synchronizer
        app.kubernetes.io/part-of: cryptosoccer
        app.kubernetes.io/version: 1.0.0
    spec:
      containers:
      - args:
        - -postgres
        - postgres://$(freeverse_username):$(freeverse_password)@universedb:5432/cryptosoccer?sslmode=disable
        - -ethereum
        - http://xdai:8545
        - -ipfs
        - ipfsnode:5001
        - -leaguesContractAddress
        - $(LEAGUES_CONTRACT_ADDRESS)
        - -engineContractAddress
        - $(ENGINE_CONTRACT_ADDRESS)
        - -enginePreCompContractAddress
        - $(ENGINEPRECOMP_CONTRACT_ADDRESS)
        - -marketContractAddress
        - $(MARKET_CONTRACT_ADDRESS)
        - -updatesContractAddress
        - $(UPDATES_CONTRACT_ADDRESS)
        - -assetsContractAddress
        - $(ASSETS_CONTRACT_ADDRESS)
        - -evolutionContractAddress
        - $(EVOLUTION_CONTRACT_ADDRESS)
        - -playandevolveContractAddress
        - $(PLAYANDEVOLVE_CONTRACT_ADDRESS)
        - -trainingpointsContractAddress
        - $(TRAININGPOINTS_CONTRACT_ADDRESS)
        - -shopContractAddress
        - $(SHOP_CONTRACT_ADDRESS)
        - -utilsContractAddress
        - $(UTILS_CONTRACT_ADDRESS)
        - -constantsgettersContractAddress
        - $(CONSTANTSGETTERS_CONTRACT_ADDRESS)
        - -delta
        - $(BLOCKS_PER_STEP)
        envFrom:
        - configMapRef:
            name: freeverse-configmap
        image: freeverseio/synchronizer:dev
        imagePullPolicy: Always
        name: synchronizer
      imagePullSecrets:
      - name: docker-secret
---
apiVersion: apps/v1
kind: Deployment
metadata:
  labels:
    app.kubernetes.io/app: trader
    app.kubernetes.io/component: trader
    app.kubernetes.io/part-of: cryptosoccer
    app.kubernetes.io/version: 1.0.0
  name: trader
spec:
  replicas: 1
  selector:
    matchLabels:
      app.kubernetes.io/app: trader
      app.kubernetes.io/component: trader
      app.kubernetes.io/part-of: cryptosoccer
      app.kubernetes.io/version: 1.0.0
  template:
    metadata:
      labels:
        app.kubernetes.io/app: trader
        app.kubernetes.io/component: trader
        app.kubernetes.io/part-of: cryptosoccer
        app.kubernetes.io/version: 1.0.0
    spec:
      containers:
      - args:
        - -d
        - postgres://$(freeverse_username):$(freeverse_password)@marketdb:5432/market
        - -p
        - "4000"
        envFrom:
        - configMapRef:
            name: freeverse-configmap
        image: freeverseio/market.trader:dev
        imagePullPolicy: Always
        name: trader
      imagePullSecrets:
      - name: docker-secret
---
apiVersion: apps/v1
kind: Deployment
metadata:
  labels:
    app.kubernetes.io/app: universeapi
    app.kubernetes.io/component: universeapi
    app.kubernetes.io/part-of: cryptosoccer
    app.kubernetes.io/version: 1.0.0
  name: universeapi
spec:
  replicas: 1
  selector:
    matchLabels:
      app.kubernetes.io/app: universeapi
      app.kubernetes.io/component: universeapi
      app.kubernetes.io/part-of: cryptosoccer
      app.kubernetes.io/version: 1.0.0
  template:
    metadata:
      labels:
        app.kubernetes.io/app: universeapi
        app.kubernetes.io/component: universeapi
        app.kubernetes.io/part-of: cryptosoccer
        app.kubernetes.io/version: 1.0.0
    spec:
      containers:
      - args:
        - -d
        - postgres://$(freeverse_username):$(freeverse_password)@universedb:5432/cryptosoccer
        - --assetsContractAddress
        - $(ASSETS_CONTRACT_ADDRESS)
        - --ethereum
        - http://xdai:8545
        - --sender
        - $(sender)
        envFrom:
        - configMapRef:
            name: freeverse-configmap
        image: freeverseio/universe.api:dev
        imagePullPolicy: Always
        name: universeapi
        ports:
        - containerPort: 4000
      imagePullSecrets:
      - name: docker-secret
---
apiVersion: apps/v1
kind: Deployment
metadata:
  labels:
    app.kubernetes.io/app: universedb
    app.kubernetes.io/component: universedb
    app.kubernetes.io/part-of: cryptosoccer
    app.kubernetes.io/version: 1.0.0
  name: universedb
spec:
  replicas: 1
  selector:
    matchLabels:
      app.kubernetes.io/app: universedb
      app.kubernetes.io/component: universedb
      app.kubernetes.io/part-of: cryptosoccer
      app.kubernetes.io/version: 1.0.0
  template:
    metadata:
      labels:
        app.kubernetes.io/app: universedb
        app.kubernetes.io/component: universedb
        app.kubernetes.io/part-of: cryptosoccer
        app.kubernetes.io/version: 1.0.0
    spec:
      containers:
      - image: freeverseio/universe.db:dev
        imagePullPolicy: Always
        name: universedb
        ports:
        - containerPort: 5432
      imagePullSecrets:
      - name: docker-secret
---
apiVersion: networking.k8s.io/v1beta1
kind: Ingress
metadata:
  annotations:
    cert-manager.io/cluster-issuer: letsencrypt-freeverse
    kubernetes.io/ingress.class: nginx
    nginx.ingress.kubernetes.io/auth-tls-error-page: http://www.mysite.com/error-cert.html
    nginx.ingress.kubernetes.io/auth-tls-pass-certificate-to-upstream: "true"
    nginx.ingress.kubernetes.io/auth-tls-verify-client: "on"
    nginx.ingress.kubernetes.io/auth-tls-verify-depth: "1"
  labels:
    app.kubernetes.io/part-of: cryptosoccer
    app.kubernetes.io/version: 1.0.0
  name: cryptosoccer-ingress
spec:
  rules:
  - host: k8s.gorengine.com
    http:
      paths:
      - backend:
          serviceName: xdai
          servicePort: 8545
        path: /xdai
      - backend:
          serviceName: authproxy
          servicePort: 8080
        path: /auth
  tls:
  - hosts:
    - k8s.gorengine.com
    secretName: cryptosoccer-tls
---
apiVersion: networking.k8s.io/v1beta1
kind: Ingress
metadata:
  annotations:
    nginx.ingress.kubernetes.io/auth-signin: https://$host/oauth2/start?rd=$escaped_request_uri
    nginx.ingress.kubernetes.io/auth-url: https://$host/oauth2/auth
  labels:
    app.kubernetes.io/app: dashboard
    app.kubernetes.io/component: dashboard
    app.kubernetes.io/part-of: cryptosoccer
    app.kubernetes.io/version: 1.0.0
  name: dashboard-external-auth-oauth2
spec:
  rules:
  - host: dashboard.gorengine.com
    http:
      paths:
      - backend:
          serviceName: dashboard
          servicePort: 80
        path: /
      - backend:
          serviceName: horizon
          servicePort: 4000
        path: /api
  tls:
  - hosts:
    - dashboard.gorengine.com
    secretName: cryptosoccer-dashboard-tls
---
apiVersion: networking.k8s.io/v1beta1
kind: Ingress
metadata:
  annotations:
    cert-manager.io/cluster-issuer: letsencrypt-freeverse
    kubernetes.io/ingress.class: nginx
    nginx.ingress.kubernetes.io/auth-tls-error-page: http://www.mysite.com/error-cert.html
    nginx.ingress.kubernetes.io/auth-tls-pass-certificate-to-upstream: "true"
    nginx.ingress.kubernetes.io/auth-tls-verify-client: "on"
    nginx.ingress.kubernetes.io/auth-tls-verify-depth: "1"
  labels:
    app.kubernetes.io/app: dashboard
    app.kubernetes.io/component: dashboard
    app.kubernetes.io/part-of: cryptosoccer
    app.kubernetes.io/version: 1.0.0
  name: dashboard-oauth2-proxy
spec:
  rules:
  - host: dashboard.gorengine.com
    http:
      paths:
      - backend:
          serviceName: oauth2-proxy
          servicePort: 4180
        path: /oauth2
  tls:
  - hosts:
    - dashboard.gorengine.com
    secretName: cryptosoccer-dashboard-tls
