(process.Matches) (len=2 cap=2) {
(engine.Match) {
Match: (storage.Match) {
TimezoneIdx: (uint8) 0,
CountryIdx: (uint32) 0,
LeagueIdx: (uint32) 0,
MatchDayIdx: (uint8) 0,
MatchIdx: (uint8) 0,
HomeTeamID: (*big.Int)(<nil>),
VisitorTeamID: (*big.Int)(<nil>),
Seed: ([32]uint8) (len=32 cap=32) {
00000000  5f ec eb 66 ff c8 6f 38  d9 52 78 6c 6d 69 6c 79  |_..f..o8.Rxlmily|
00000010  c2 db c2 39 dd 4e 91 b4  67 29 d7 3a 27 fb 57 e9  |...9.N..g).:'.W.|
},
HomeGoals: (uint8) 0,
VisitorGoals: (uint8) 0,
HomeTeamSumSkills: (uint32) 54956,
VisitorTeamSumSkills: (uint32) 54978,
State: (storage.MatchState) (len=4) "half",
StateExtra: (string) "",
StartEpoch: (int64) 0
},
StartTime: (*big.Int)(1790899200),
HomeTeam: (engine.Team) {
Team: (storage.Team) {
TeamID: (string) (len=1) "0",
TimezoneIdx: (uint8) 0,
CountryIdx: (uint32) 0,
Name: (string) "",
ManagerName: (string) "",
Owner: (string) (len=5) "0x433",
LeagueIdx: (uint32) 0,
LeaderboardPosition: (int) 0,
TeamIdxInLeague: (uint32) 0,
Points: (uint32) 0,
W: (uint32) 0,
D: (uint32) 0,
L: (uint32) 0,
GoalsForward: (uint32) 0,
GoalsAgainst: (uint32) 0,
PrevPerfPoints: (uint64) 0,
RankingPoints: (uint64) 0,
TrainingPoints: (uint16) 0,
Tactic: (string) (len=33) "340596594427581673436941882753025",
MatchLog: (string) (len=75) "452313210304731052874510216384546863227876772543978085303767934482287427584"
},
Players: ([25]*engine.Player) (len=25 cap=25) {
(*engine.Player)({
Player: (storage.Player) {
PlayerId: (*big.Int)(21342314523),
PreferredPosition: (string) "",
Potential: (uint64) 3,
DayOfBirth: (uint64) 0,
TeamId: (string) "",
Name: (string) "",
Defence: (uint64) 1002,
Speed: (uint64) 980,
Pass: (uint64) 897,
Shoot: (uint64) 1084,
Endurance: (uint64) 1033,
ShirtNumber: (uint8) 0,
EncodedSkills: (*big.Int)(51437330122319139299603242791826209420613007013587054019740732),
EncodedState: (*big.Int)(<nil>),
RedCard: (bool) false,
InjuryMatchesLeft: (uint8) 0,
Tiredness: (int) 0,
CountryOfBirth: (string) "",
Race: (string) "",
YellowCard1stHalf: (bool) false
}
}),
(*engine.Player)({
Player: (storage.Player) {
PlayerId: (*big.Int)(21342314523),
PreferredPosition: (string) "",
Potential: (uint64) 3,
DayOfBirth: (uint64) 0,
TeamId: (string) "",
Name: (string) "",
Defence: (uint64) 1002,
Speed: (uint64) 980,
Pass: (uint64) 897,
Shoot: (uint64) 1084,
Endurance: (uint64) 1033,
ShirtNumber: (uint8) 0,
EncodedSkills: (*big.Int)(51437330116332828593095864438863916345807111765076354323711036),
EncodedState: (*big.Int)(<nil>),
RedCard: (bool) false,
InjuryMatchesLeft: (uint8) 0,
Tiredness: (int) 0,
CountryOfBirth: (string) "",
Race: (string) "",
YellowCard1stHalf: (bool) false
}
}),
(*engine.Player)({
Player: (storage.Player) {
PlayerId: (*big.Int)(21342314523),
PreferredPosition: (string) "",
Potential: (uint64) 3,
DayOfBirth: (uint64) 0,
TeamId: (string) "",
Name: (string) "",
Defence: (uint64) 1002,
Speed: (uint64) 980,
Pass: (uint64) 897,
Shoot: (uint64) 1084,
Endurance: (uint64) 1033,
ShirtNumber: (uint8) 0,
EncodedSkills: (*big.Int)(51437330116332828593095864438863916345807111765076354323711036),
EncodedState: (*big.Int)(<nil>),
RedCard: (bool) false,
InjuryMatchesLeft: (uint8) 0,
Tiredness: (int) 0,
CountryOfBirth: (string) "",
Race: (string) "",
YellowCard1stHalf: (bool) false
}
}),
(*engine.Player)({
Player: (storage.Player) {
PlayerId: (*big.Int)(21342314523),
PreferredPosition: (string) "",
Potential: (uint64) 3,
DayOfBirth: (uint64) 0,
TeamId: (string) "",
Name: (string) "",
Defence: (uint64) 1002,
Speed: (uint64) 980,
Pass: (uint64) 897,
Shoot: (uint64) 1084,
Endurance: (uint64) 1033,
ShirtNumber: (uint8) 0,
EncodedSkills: (*big.Int)(51437330122319139299603242791826209420613007013587054019740732),
EncodedState: (*big.Int)(<nil>),
RedCard: (bool) false,
InjuryMatchesLeft: (uint8) 0,
Tiredness: (int) 0,
CountryOfBirth: (string) "",
Race: (string) "",
YellowCard1stHalf: (bool) false
}
}),
(*engine.Player)({
Player: (storage.Player) {
PlayerId: (*big.Int)(21342314523),
PreferredPosition: (string) "",
Potential: (uint64) 3,
DayOfBirth: (uint64) 0,
TeamId: (string) "",
Name: (string) "",
Defence: (uint64) 1002,
Speed: (uint64) 980,
Pass: (uint64) 897,
Shoot: (uint64) 1084,
Endurance: (uint64) 1033,
ShirtNumber: (uint8) 0,
EncodedSkills: (*big.Int)(51437330122319139299603242791826209420613007013587054019740732),
EncodedState: (*big.Int)(<nil>),
RedCard: (bool) false,
InjuryMatchesLeft: (uint8) 0,
Tiredness: (int) 0,
CountryOfBirth: (string) "",
Race: (string) "",
YellowCard1stHalf: (bool) false
}
}),
(*engine.Player)({
Player: (storage.Player) {
PlayerId: (*big.Int)(21342314523),
PreferredPosition: (string) "",
Potential: (uint64) 3,
DayOfBirth: (uint64) 0,
TeamId: (string) "",
Name: (string) "",
Defence: (uint64) 1002,
Speed: (uint64) 980,
Pass: (uint64) 897,
Shoot: (uint64) 1084,
Endurance: (uint64) 1033,
ShirtNumber: (uint8) 0,
EncodedSkills: (*big.Int)(51437330122319139299603242791826209420613007013587054019740732),
EncodedState: (*big.Int)(<nil>),
RedCard: (bool) false,
InjuryMatchesLeft: (uint8) 0,
Tiredness: (int) 0,
CountryOfBirth: (string) "",
Race: (string) "",
YellowCard1stHalf: (bool) false
}
}),
(*engine.Player)({
Player: (storage.Player) {
PlayerId: (*big.Int)(21342314523),
PreferredPosition: (string) "",
Potential: (uint64) 3,
DayOfBirth: (uint64) 0,
TeamId: (string) "",
Name: (string) "",
Defence: (uint64) 1002,
Speed: (uint64) 980,
Pass: (uint64) 897,
Shoot: (uint64) 1084,
Endurance: (uint64) 1033,
ShirtNumber: (uint8) 0,
EncodedSkills: (*big.Int)(51437330122319139299603242791826209420613007013587054019740732),
EncodedState: (*big.Int)(<nil>),
RedCard: (bool) false,
InjuryMatchesLeft: (uint8) 0,
Tiredness: (int) 0,
CountryOfBirth: (string) "",
Race: (string) "",
YellowCard1stHalf: (bool) false
}
}),
(*engine.Player)({
Player: (storage.Player) {
PlayerId: (*big.Int)(21342314523),
PreferredPosition: (string) "",
Potential: (uint64) 3,
DayOfBirth: (uint64) 0,
TeamId: (string) "",
Name: (string) "",
Defence: (uint64) 1002,
Speed: (uint64) 980,
Pass: (uint64) 897,
Shoot: (uint64) 1084,
Endurance: (uint64) 1033,
ShirtNumber: (uint8) 0,
EncodedSkills: (*big.Int)(51437330122319139299603242791826209420613007013587054019740732),
EncodedState: (*big.Int)(<nil>),
RedCard: (bool) false,
InjuryMatchesLeft: (uint8) 0,
Tiredness: (int) 0,
CountryOfBirth: (string) "",
Race: (string) "",
YellowCard1stHalf: (bool) false
}
}),
(*engine.Player)({
Player: (storage.Player) {
PlayerId: (*big.Int)(21342314523),
PreferredPosition: (string) "",
Potential: (uint64) 3,
DayOfBirth: (uint64) 0,
TeamId: (string) "",
Name: (string) "",
Defence: (uint64) 1002,
Speed: (uint64) 980,
Pass: (uint64) 897,
Shoot: (uint64) 1084,
Endurance: (uint64) 1033,
ShirtNumber: (uint8) 0,
EncodedSkills: (*big.Int)(51437330122319139299603242791826209420613007013587054019740732),
EncodedState: (*big.Int)(<nil>),
RedCard: (bool) false,
InjuryMatchesLeft: (uint8) 0,
Tiredness: (int) 0,
CountryOfBirth: (string) "",
Race: (string) "",
YellowCard1stHalf: (bool) false
}
}),
(*engine.Player)({
Player: (storage.Player) {
PlayerId: (*big.Int)(21342314523),
PreferredPosition: (string) "",
Potential: (uint64) 3,
DayOfBirth: (uint64) 0,
TeamId: (string) "",
Name: (string) "",
Defence: (uint64) 1002,
Speed: (uint64) 980,
Pass: (uint64) 897,
Shoot: (uint64) 1084,
Endurance: (uint64) 1033,
ShirtNumber: (uint8) 0,
EncodedSkills: (*big.Int)(51437330122319139299603242791826209420613007013587054019740732),
EncodedState: (*big.Int)(<nil>),
RedCard: (bool) false,
InjuryMatchesLeft: (uint8) 0,
Tiredness: (int) 0,
CountryOfBirth: (string) "",
Race: (string) "",
YellowCard1stHalf: (bool) false
}
}),
(*engine.Player)({
Player: (storage.Player) {
PlayerId: (*big.Int)(21342314523),
PreferredPosition: (string) "",
Potential: (uint64) 3,
DayOfBirth: (uint64) 0,
TeamId: (string) "",
Name: (string) "",
Defence: (uint64) 1002,
Speed: (uint64) 980,
Pass: (uint64) 897,
Shoot: (uint64) 1084,
Endurance: (uint64) 1033,
ShirtNumber: (uint8) 0,
EncodedSkills: (*big.Int)(51437330122319139299603242791826209420613007013587054019740732),
EncodedState: (*big.Int)(<nil>),
RedCard: (bool) false,
InjuryMatchesLeft: (uint8) 0,
Tiredness: (int) 0,
CountryOfBirth: (string) "",
Race: (string) "",
YellowCard1stHalf: (bool) false
}
}),
(*engine.Player)({
Player: (storage.Player) {
PlayerId: (*big.Int)(21342314523),
PreferredPosition: (string) "",
Potential: (uint64) 3,
DayOfBirth: (uint64) 0,
TeamId: (string) "",
Name: (string) "",
Defence: (uint64) 1002,
Speed: (uint64) 980,
Pass: (uint64) 897,
Shoot: (uint64) 1084,
Endurance: (uint64) 1033,
ShirtNumber: (uint8) 0,
EncodedSkills: (*big.Int)(51437330122319139299603242791826209420613007013587054019740732),
EncodedState: (*big.Int)(<nil>),
RedCard: (bool) false,
InjuryMatchesLeft: (uint8) 0,
Tiredness: (int) 0,
CountryOfBirth: (string) "",
Race: (string) "",
YellowCard1stHalf: (bool) false
}
}),
(*engine.Player)({
Player: (storage.Player) {
PlayerId: (*big.Int)(21342314523),
PreferredPosition: (string) "",
Potential: (uint64) 3,
DayOfBirth: (uint64) 0,
TeamId: (string) "",
Name: (string) "",
Defence: (uint64) 1002,
Speed: (uint64) 980,
Pass: (uint64) 897,
Shoot: (uint64) 1084,
Endurance: (uint64) 1033,
ShirtNumber: (uint8) 0,
EncodedSkills: (*big.Int)(26379510247261615813779110163709434289144386857150864867597485116),
EncodedState: (*big.Int)(<nil>),
RedCard: (bool) false,
InjuryMatchesLeft: (uint8) 0,
Tiredness: (int) 0,
CountryOfBirth: (string) "",
Race: (string) "",
YellowCard1stHalf: (bool) true
}
}),
(*engine.Player)({
Player: (storage.Player) {
PlayerId: (*big.Int)(21342314523),
PreferredPosition: (string) "",
Potential: (uint64) 3,
DayOfBirth: (uint64) 0,
TeamId: (string) "",
Name: (string) "",
Defence: (uint64) 1002,
Speed: (uint64) 980,
Pass: (uint64) 897,
Shoot: (uint64) 1084,
Endurance: (uint64) 1033,
ShirtNumber: (uint8) 0,
EncodedSkills: (*big.Int)(51437330116332828593095864438863916345807111765076354323711036),
EncodedState: (*big.Int)(<nil>),
RedCard: (bool) false,
InjuryMatchesLeft: (uint8) 0,
Tiredness: (int) 0,
CountryOfBirth: (string) "",
Race: (string) "",
YellowCard1stHalf: (bool) false
}
}),
(*engine.Player)({
Player: (storage.Player) {
PlayerId: (*big.Int)(21342314523),
PreferredPosition: (string) "",
Potential: (uint64) 3,
DayOfBirth: (uint64) 0,
TeamId: (string) "",
Name: (string) "",
Defence: (uint64) 1002,
Speed: (uint64) 980,
Pass: (uint64) 897,
Shoot: (uint64) 1084,
Endurance: (uint64) 1033,
ShirtNumber: (uint8) 0,
EncodedSkills: (*big.Int)(51437330116332828593095864438863916345807111765076354323711036),
EncodedState: (*big.Int)(<nil>),
RedCard: (bool) false,
InjuryMatchesLeft: (uint8) 0,
Tiredness: (int) 0,
CountryOfBirth: (string) "",
Race: (string) "",
YellowCard1stHalf: (bool) false
}
}),
(*engine.Player)({
Player: (storage.Player) {
PlayerId: (*big.Int)(21342314523),
PreferredPosition: (string) "",
Potential: (uint64) 3,
DayOfBirth: (uint64) 0,
TeamId: (string) "",
Name: (string) "",
Defence: (uint64) 1002,
Speed: (uint64) 980,
Pass: (uint64) 897,
Shoot: (uint64) 1084,
Endurance: (uint64) 1033,
ShirtNumber: (uint8) 0,
EncodedSkills: (*big.Int)(51437330116332828593095864438863916345807111765076354323711036),
EncodedState: (*big.Int)(<nil>),
RedCard: (bool) false,
InjuryMatchesLeft: (uint8) 0,
Tiredness: (int) 0,
CountryOfBirth: (string) "",
Race: (string) "",
YellowCard1stHalf: (bool) false
}
}),
(*engine.Player)({
Player: (storage.Player) {
PlayerId: (*big.Int)(21342314523),
PreferredPosition: (string) "",
Potential: (uint64) 3,
DayOfBirth: (uint64) 0,
TeamId: (string) "",
Name: (string) "",
Defence: (uint64) 1002,
Speed: (uint64) 980,
Pass: (uint64) 897,
Shoot: (uint64) 1084,
Endurance: (uint64) 1033,
ShirtNumber: (uint8) 0,
EncodedSkills: (*big.Int)(51437330116332828593095864438863916345807111765076354323711036),
EncodedState: (*big.Int)(<nil>),
RedCard: (bool) false,
InjuryMatchesLeft: (uint8) 0,
Tiredness: (int) 0,
CountryOfBirth: (string) "",
Race: (string) "",
YellowCard1stHalf: (bool) false
}
}),
(*engine.Player)({
Player: (storage.Player) {
PlayerId: (*big.Int)(21342314523),
PreferredPosition: (string) "",
Potential: (uint64) 3,
DayOfBirth: (uint64) 0,
TeamId: (string) "",
Name: (string) "",
Defence: (uint64) 1002,
Speed: (uint64) 980,
Pass: (uint64) 897,
Shoot: (uint64) 1084,
Endurance: (uint64) 1033,
ShirtNumber: (uint8) 0,
EncodedSkills: (*big.Int)(51437330116332828593095864438863916345807111765076354323711036),
EncodedState: (*big.Int)(<nil>),
RedCard: (bool) false,
InjuryMatchesLeft: (uint8) 0,
Tiredness: (int) 0,
CountryOfBirth: (string) "",
Race: (string) "",
YellowCard1stHalf: (bool) false
}
}),
(*engine.Player)({
Player: (storage.Player) {
PlayerId: (*big.Int)(21342314523),
PreferredPosition: (string) "",
Potential: (uint64) 3,
DayOfBirth: (uint64) 0,
TeamId: (string) "",
Name: (string) "",
Defence: (uint64) 1002,
Speed: (uint64) 980,
Pass: (uint64) 897,
Shoot: (uint64) 1084,
Endurance: (uint64) 1033,
ShirtNumber: (uint8) 0,
EncodedSkills: (*big.Int)(51437330116332828593095864438863916345807111765076354323711036),
EncodedState: (*big.Int)(<nil>),
RedCard: (bool) false,
InjuryMatchesLeft: (uint8) 0,
Tiredness: (int) 0,
CountryOfBirth: (string) "",
Race: (string) "",
YellowCard1stHalf: (bool) false
}
}),
(*engine.Player)({
Player: (storage.Player) {
PlayerId: (*big.Int)(21342314523),
PreferredPosition: (string) "",
Potential: (uint64) 3,
DayOfBirth: (uint64) 0,
TeamId: (string) "",
Name: (string) "",
Defence: (uint64) 1002,
Speed: (uint64) 980,
Pass: (uint64) 897,
Shoot: (uint64) 1084,
Endurance: (uint64) 1033,
ShirtNumber: (uint8) 0,
EncodedSkills: (*big.Int)(51437330116332828593095864438863916345807111765076354323711036),
EncodedState: (*big.Int)(<nil>),
RedCard: (bool) false,
InjuryMatchesLeft: (uint8) 0,
Tiredness: (int) 0,
CountryOfBirth: (string) "",
Race: (string) "",
YellowCard1stHalf: (bool) false
}
}),
(*engine.Player)({
Player: (storage.Player) {
PlayerId: (*big.Int)(21342314523),
PreferredPosition: (string) "",
Potential: (uint64) 3,
DayOfBirth: (uint64) 0,
TeamId: (string) "",
Name: (string) "",
Defence: (uint64) 1002,
Speed: (uint64) 980,
Pass: (uint64) 897,
Shoot: (uint64) 1084,
Endurance: (uint64) 1033,
ShirtNumber: (uint8) 0,
EncodedSkills: (*big.Int)(51437330116332828593095864438863916345807111765076354323711036),
EncodedState: (*big.Int)(<nil>),
RedCard: (bool) false,
InjuryMatchesLeft: (uint8) 0,
Tiredness: (int) 0,
CountryOfBirth: (string) "",
Race: (string) "",
YellowCard1stHalf: (bool) false
}
}),
(*engine.Player)({
Player: (storage.Player) {
PlayerId: (*big.Int)(21342314523),
PreferredPosition: (string) "",
Potential: (uint64) 3,
DayOfBirth: (uint64) 0,
TeamId: (string) "",
Name: (string) "",
Defence: (uint64) 1002,
Speed: (uint64) 980,
Pass: (uint64) 897,
Shoot: (uint64) 1084,
Endurance: (uint64) 1033,
ShirtNumber: (uint8) 0,
EncodedSkills: (*big.Int)(51437330116332828593095864438863916345807111765076354323711036),
EncodedState: (*big.Int)(<nil>),
RedCard: (bool) false,
InjuryMatchesLeft: (uint8) 0,
Tiredness: (int) 0,
CountryOfBirth: (string) "",
Race: (string) "",
YellowCard1stHalf: (bool) false
}
}),
(*engine.Player)({
Player: (storage.Player) {
PlayerId: (*big.Int)(21342314523),
PreferredPosition: (string) "",
Potential: (uint64) 3,
DayOfBirth: (uint64) 0,
TeamId: (string) "",
Name: (string) "",
Defence: (uint64) 1002,
Speed: (uint64) 980,
Pass: (uint64) 897,
Shoot: (uint64) 1084,
Endurance: (uint64) 1033,
ShirtNumber: (uint8) 0,
EncodedSkills: (*big.Int)(51437330116332828593095864438863916345807111765076354323711036),
EncodedState: (*big.Int)(<nil>),
RedCard: (bool) false,
InjuryMatchesLeft: (uint8) 0,
Tiredness: (int) 0,
CountryOfBirth: (string) "",
Race: (string) "",
YellowCard1stHalf: (bool) false
}
}),
(*engine.Player)({
Player: (storage.Player) {
PlayerId: (*big.Int)(21342314523),
PreferredPosition: (string) "",
Potential: (uint64) 3,
DayOfBirth: (uint64) 0,
TeamId: (string) "",
Name: (string) "",
Defence: (uint64) 1002,
Speed: (uint64) 980,
Pass: (uint64) 897,
Shoot: (uint64) 1084,
Endurance: (uint64) 1033,
ShirtNumber: (uint8) 0,
EncodedSkills: (*big.Int)(51437330116332828593095864438863916345807111765076354323711036),
EncodedState: (*big.Int)(<nil>),
RedCard: (bool) false,
InjuryMatchesLeft: (uint8) 0,
Tiredness: (int) 0,
CountryOfBirth: (string) "",
Race: (string) "",
YellowCard1stHalf: (bool) false
}
}),
(*engine.Player)({
Player: (storage.Player) {
PlayerId: (*big.Int)(21342314523),
PreferredPosition: (string) "",
Potential: (uint64) 3,
DayOfBirth: (uint64) 0,
TeamId: (string) "",
Name: (string) "",
Defence: (uint64) 1002,
Speed: (uint64) 980,
Pass: (uint64) 897,
Shoot: (uint64) 1084,
Endurance: (uint64) 1033,
ShirtNumber: (uint8) 0,
EncodedSkills: (*big.Int)(51437330116332828593095864438863916345807111765076354323711036),
EncodedState: (*big.Int)(<nil>),
RedCard: (bool) false,
InjuryMatchesLeft: (uint8) 0,
Tiredness: (int) 0,
CountryOfBirth: (string) "",
Race: (string) "",
YellowCard1stHalf: (bool) false
}
})
},
Training: (engine.Training) {
Training: (storage.Training) {
TeamID: (string) "",
SpecialPlayerShirt: (int) -1,
Goalkeepers: (storage.TrainingPerFieldPos) {
Shoot: (int) 0,
Speed: (int) 0,
Pass: (int) 0,
Defence: (int) 0,
Endurance: (int) 0
},
Defenders: (storage.TrainingPerFieldPos) {
Shoot: (int) 0,
Speed: (int) 0,
Pass: (int) 0,
Defence: (int) 0,
Endurance: (int) 0
},
Midfielders: (storage.TrainingPerFieldPos) {
Shoot: (int) 0,
Speed: (int) 0,
Pass: (int) 0,
Defence: (int) 0,
Endurance: (int) 0
},
Attackers: (storage.TrainingPerFieldPos) {
Shoot: (int) 0,
Speed: (int) 0,
Pass: (int) 0,
Defence: (int) 0,
Endurance: (int) 0
},
SpecialPlayer: (storage.TrainingPerFieldPos) {
Shoot: (int) 0,
Speed: (int) 0,
Pass: (int) 0,
Defence: (int) 0,
Endurance: (int) 0
}
}
}
},
VisitorTeam: (engine.Team) {
Team: (storage.Team) {
TeamID: (string) (len=1) "0",
TimezoneIdx: (uint8) 0,
CountryIdx: (uint32) 0,
Name: (string) "",
ManagerName: (string) "",
Owner: (string) (len=5) "0x433",
LeagueIdx: (uint32) 0,
LeaderboardPosition: (int) 0,
TeamIdxInLeague: (uint32) 0,
Points: (uint32) 0,
W: (uint32) 0,
D: (uint32) 0,
L: (uint32) 0,
GoalsForward: (uint32) 0,
GoalsAgainst: (uint32) 0,
PrevPerfPoints: (uint64) 0,
RankingPoints: (uint64) 0,
TrainingPoints: (uint16) 0,
Tactic: (string) (len=33) "340596594427581673436941882753025",
MatchLog: (string) (len=75) "452313210449535453918776347811589108137143560532918219528522925453181190144"
},
Players: ([25]*engine.Player) (len=25 cap=25) {
(*engine.Player)({
Player: (storage.Player) {
PlayerId: (*big.Int)(21342314523),
PreferredPosition: (string) "",
Potential: (uint64) 4,
DayOfBirth: (uint64) 0,
TeamId: (string) "",
Name: (string) "",
Defence: (uint64) 1076,
Speed: (uint64) 802,
Pass: (uint64) 761,
Shoot: (uint64) 993,
Endurance: (uint64) 1366,
ShirtNumber: (uint8) 0,
EncodedSkills: (*big.Int)(1696941893573507344918127943936248515185533837022794488066606049),
EncodedState: (*big.Int)(<nil>),
RedCard: (bool) false,
InjuryMatchesLeft: (uint8) 0,
Tiredness: (int) 0,
CountryOfBirth: (string) "",
Race: (string) "",
YellowCard1stHalf: (bool) false
}
}),
(*engine.Player)({
Player: (storage.Player) {
PlayerId: (*big.Int)(21342314523),
PreferredPosition: (string) "",
Potential: (uint64) 4,
DayOfBirth: (uint64) 0,
TeamId: (string) "",
Name: (string) "",
Defence: (uint64) 1076,
Speed: (uint64) 802,
Pass: (uint64) 761,
Shoot: (uint64) 993,
Endurance: (uint64) 1366,
ShirtNumber: (uint8) 0,
EncodedSkills: (*big.Int)(1696941893567521034211620565583286222110727941774283788370576353),
EncodedState: (*big.Int)(<nil>),
RedCard: (bool) false,
InjuryMatchesLeft: (uint8) 0,
Tiredness: (int) 0,
CountryOfBirth: (string) "",
Race: (string) "",
YellowCard1stHalf: (bool) false
}
}),
(*engine.Player)({
Player: (storage.Player) {
PlayerId: (*big.Int)(21342314523),
PreferredPosition: (string) "",
Potential: (uint64) 4,
DayOfBirth: (uint64) 0,
TeamId: (string) "",
Name: (string) "",
Defence: (uint64) 1076,
Speed: (uint64) 802,
Pass: (uint64) 761,
Shoot: (uint64) 993,
Endurance: (uint64) 1366,
ShirtNumber: (uint8) 0,
EncodedSkills: (*big.Int)(1696941893567521034211620565583286222110727941774283788370576353),
EncodedState: (*big.Int)(<nil>),
RedCard: (bool) false,
InjuryMatchesLeft: (uint8) 0,
Tiredness: (int) 0,
CountryOfBirth: (string) "",
Race: (string) "",
YellowCard1stHalf: (bool) false
}
}),
(*engine.Player)({
Player: (storage.Player) {
PlayerId: (*big.Int)(21342314523),
PreferredPosition: (string) "",
Potential: (uint64) 4,
DayOfBirth: (uint64) 0,
TeamId: (string) "",
Name: (string) "",
Defence: (uint64) 1076,
Speed: (uint64) 802,
Pass: (uint64) 761,
Shoot: (uint64) 993,
Endurance: (uint64) 1366,
ShirtNumber: (uint8) 0,
EncodedSkills: (*big.Int)(1696941893573507344918127943936248515185533837022794488066606049),
EncodedState: (*big.Int)(<nil>),
RedCard: (bool) false,
InjuryMatchesLeft: (uint8) 0,
Tiredness: (int) 0,
CountryOfBirth: (string) "",
Race: (string) "",
YellowCard1stHalf: (bool) false
}
}),
(*engine.Player)({
Player: (storage.Player) {
PlayerId: (*big.Int)(21342314523),
PreferredPosition: (string) "",
Potential: (uint64) 4,
DayOfBirth: (uint64) 0,
TeamId: (string) "",
Name: (string) "",
Defence: (uint64) 1076,
Speed: (uint64) 802,
Pass: (uint64) 761,
Shoot: (uint64) 993,
Endurance: (uint64) 1366,
ShirtNumber: (uint8) 0,
EncodedSkills: (*big.Int)(1696941893573507344918127943936248515185533837022794488066606049),
EncodedState: (*big.Int)(<nil>),
RedCard: (bool) false,
InjuryMatchesLeft: (uint8) 0,
Tiredness: (int) 0,
CountryOfBirth: (string) "",
Race: (string) "",
YellowCard1stHalf: (bool) false
}
}),
(*engine.Player)({
Player: (storage.Player) {
PlayerId: (*big.Int)(21342314523),
PreferredPosition: (string) "",
Potential: (uint64) 4,
DayOfBirth: (uint64) 0,
TeamId: (string) "",
Name: (string) "",
Defence: (uint64) 1076,
Speed: (uint64) 802,
Pass: (uint64) 761,
Shoot: (uint64) 993,
Endurance: (uint64) 1366,
ShirtNumber: (uint8) 0,
EncodedSkills: (*big.Int)(1696941893573507344918127943936248515185533837022794488066606049),
EncodedState: (*big.Int)(<nil>),
RedCard: (bool) false,
InjuryMatchesLeft: (uint8) 0,
Tiredness: (int) 0,
CountryOfBirth: (string) "",
Race: (string) "",
YellowCard1stHalf: (bool) false
}
}),
(*engine.Player)({
Player: (storage.Player) {
PlayerId: (*big.Int)(21342314523),
PreferredPosition: (string) "",
Potential: (uint64) 4,
DayOfBirth: (uint64) 0,
TeamId: (string) "",
Name: (string) "",
Defence: (uint64) 1076,
Speed: (uint64) 802,
Pass: (uint64) 761,
Shoot: (uint64) 993,
Endurance: (uint64) 1366,
ShirtNumber: (uint8) 0,
EncodedSkills: (*big.Int)(1696941893573507344918127943936248515185533837022794488066606049),
EncodedState: (*big.Int)(<nil>),
RedCard: (bool) false,
InjuryMatchesLeft: (uint8) 0,
Tiredness: (int) 0,
CountryOfBirth: (string) "",
Race: (string) "",
YellowCard1stHalf: (bool) false
}
}),
(*engine.Player)({
Player: (storage.Player) {
PlayerId: (*big.Int)(21342314523),
PreferredPosition: (string) "",
Potential: (uint64) 4,
DayOfBirth: (uint64) 0,
TeamId: (string) "",
Name: (string) "",
Defence: (uint64) 1076,
Speed: (uint64) 802,
Pass: (uint64) 761,
Shoot: (uint64) 993,
Endurance: (uint64) 1366,
ShirtNumber: (uint8) 0,
EncodedSkills: (*big.Int)(1696941893573507344918127943936248515185533837022794488066606049),
EncodedState: (*big.Int)(<nil>),
RedCard: (bool) false,
InjuryMatchesLeft: (uint8) 0,
Tiredness: (int) 0,
CountryOfBirth: (string) "",
Race: (string) "",
YellowCard1stHalf: (bool) false
}
}),
(*engine.Player)({
Player: (storage.Player) {
PlayerId: (*big.Int)(21342314523),
PreferredPosition: (string) "",
Potential: (uint64) 4,
DayOfBirth: (uint64) 0,
TeamId: (string) "",
Name: (string) "",
Defence: (uint64) 1076,
Speed: (uint64) 802,
Pass: (uint64) 761,
Shoot: (uint64) 993,
Endurance: (uint64) 1366,
ShirtNumber: (uint8) 0,
EncodedSkills: (*big.Int)(1696941893573507344918127943936248515185533837022794488066606049),
EncodedState: (*big.Int)(<nil>),
RedCard: (bool) false,
InjuryMatchesLeft: (uint8) 0,
Tiredness: (int) 0,
CountryOfBirth: (string) "",
Race: (string) "",
YellowCard1stHalf: (bool) false
}
}),
(*engine.Player)({
Player: (storage.Player) {
PlayerId: (*big.Int)(21342314523),
PreferredPosition: (string) "",
Potential: (uint64) 4,
DayOfBirth: (uint64) 0,
TeamId: (string) "",
Name: (string) "",
Defence: (uint64) 1076,
Speed: (uint64) 802,
Pass: (uint64) 761,
Shoot: (uint64) 993,
Endurance: (uint64) 1366,
ShirtNumber: (uint8) 0,
EncodedSkills: (*big.Int)(28025014810712804019397634864853856594909307687160072301644350433),
EncodedState: (*big.Int)(<nil>),
RedCard: (bool) false,
InjuryMatchesLeft: (uint8) 0,
Tiredness: (int) 0,
CountryOfBirth: (string) "",
Race: (string) "",
YellowCard1stHalf: (bool) true
}
}),
(*engine.Player)({
Player: (storage.Player) {
PlayerId: (*big.Int)(21342314523),
PreferredPosition: (string) "",
Potential: (uint64) 4,
DayOfBirth: (uint64) 0,
TeamId: (string) "",
Name: (string) "",
Defence: (uint64) 1076,
Speed: (uint64) 802,
Pass: (uint64) 761,
Shoot: (uint64) 993,
Endurance: (uint64) 1366,
ShirtNumber: (uint8) 0,
EncodedSkills: (*big.Int)(28025014810712804019397634864853856594909307687160072301644350433),
EncodedState: (*big.Int)(<nil>),
RedCard: (bool) false,
InjuryMatchesLeft: (uint8) 0,
Tiredness: (int) 0,
CountryOfBirth: (string) "",
Race: (string) "",
YellowCard1stHalf: (bool) true
}
}),
(*engine.Player)({
Player: (storage.Player) {
PlayerId: (*big.Int)(21342314523),
PreferredPosition: (string) "",
Potential: (uint64) 4,
DayOfBirth: (uint64) 0,
TeamId: (string) "",
Name: (string) "",
Defence: (uint64) 1076,
Speed: (uint64) 802,
Pass: (uint64) 761,
Shoot: (uint64) 993,
Endurance: (uint64) 1366,
ShirtNumber: (uint8) 0,
EncodedSkills: (*big.Int)(1696941893573507344918127943936248515185533837022794488066606049),
EncodedState: (*big.Int)(<nil>),
RedCard: (bool) false,
InjuryMatchesLeft: (uint8) 0,
Tiredness: (int) 0,
CountryOfBirth: (string) "",
Race: (string) "",
YellowCard1stHalf: (bool) false
}
}),
(*engine.Player)({
Player: (storage.Player) {
PlayerId: (*big.Int)(21342314523),
PreferredPosition: (string) "",
Potential: (uint64) 4,
DayOfBirth: (uint64) 0,
TeamId: (string) "",
Name: (string) "",
Defence: (uint64) 1076,
Speed: (uint64) 802,
Pass: (uint64) 761,
Shoot: (uint64) 993,
Endurance: (uint64) 1366,
ShirtNumber: (uint8) 0,
EncodedSkills: (*big.Int)(1696941893573507344918127943936248515185533837022794488066606049),
EncodedState: (*big.Int)(<nil>),
RedCard: (bool) false,
InjuryMatchesLeft: (uint8) 0,
Tiredness: (int) 0,
CountryOfBirth: (string) "",
Race: (string) "",
YellowCard1stHalf: (bool) false
}
}),
(*engine.Player)({
Player: (storage.Player) {
PlayerId: (*big.Int)(21342314523),
PreferredPosition: (string) "",
Potential: (uint64) 4,
DayOfBirth: (uint64) 0,
TeamId: (string) "",
Name: (string) "",
Defence: (uint64) 1076,
Speed: (uint64) 802,
Pass: (uint64) 761,
Shoot: (uint64) 993,
Endurance: (uint64) 1366,
ShirtNumber: (uint8) 0,
EncodedSkills: (*big.Int)(1696941893567521034211620565583286222110727941774283788370576353),
EncodedState: (*big.Int)(<nil>),
RedCard: (bool) false,
InjuryMatchesLeft: (uint8) 0,
Tiredness: (int) 0,
CountryOfBirth: (string) "",
Race: (string) "",
YellowCard1stHalf: (bool) false
}
}),
(*engine.Player)({
Player: (storage.Player) {
PlayerId: (*big.Int)(21342314523),
PreferredPosition: (string) "",
Potential: (uint64) 4,
DayOfBirth: (uint64) 0,
TeamId: (string) "",
Name: (string) "",
Defence: (uint64) 1076,
Speed: (uint64) 802,
Pass: (uint64) 761,
Shoot: (uint64) 993,
Endurance: (uint64) 1366,
ShirtNumber: (uint8) 0,
EncodedSkills: (*big.Int)(1696941893567521034211620565583286222110727941774283788370576353),
EncodedState: (*big.Int)(<nil>),
RedCard: (bool) false,
InjuryMatchesLeft: (uint8) 0,
Tiredness: (int) 0,
CountryOfBirth: (string) "",
Race: (string) "",
YellowCard1stHalf: (bool) false
}
}),
(*engine.Player)({
Player: (storage.Player) {
PlayerId: (*big.Int)(21342314523),
PreferredPosition: (string) "",
Potential: (uint64) 4,
DayOfBirth: (uint64) 0,
TeamId: (string) "",
Name: (string) "",
Defence: (uint64) 1076,
Speed: (uint64) 802,
Pass: (uint64) 761,
Shoot: (uint64) 993,
Endurance: (uint64) 1366,
ShirtNumber: (uint8) 0,
EncodedSkills: (*big.Int)(1696941893567521034211620565583286222110727941774283788370576353),
EncodedState: (*big.Int)(<nil>),
RedCard: (bool) false,
InjuryMatchesLeft: (uint8) 0,
Tiredness: (int) 0,
CountryOfBirth: (string) "",
Race: (string) "",
YellowCard1stHalf: (bool) false
}
}),
(*engine.Player)({
Player: (storage.Player) {
PlayerId: (*big.Int)(21342314523),
PreferredPosition: (string) "",
Potential: (uint64) 4,
DayOfBirth: (uint64) 0,
TeamId: (string) "",
Name: (string) "",
Defence: (uint64) 1076,
Speed: (uint64) 802,
Pass: (uint64) 761,
Shoot: (uint64) 993,
Endurance: (uint64) 1366,
ShirtNumber: (uint8) 0,
EncodedSkills: (*big.Int)(1696941893567521034211620565583286222110727941774283788370576353),
EncodedState: (*big.Int)(<nil>),
RedCard: (bool) false,
InjuryMatchesLeft: (uint8) 0,
Tiredness: (int) 0,
CountryOfBirth: (string) "",
Race: (string) "",
YellowCard1stHalf: (bool) false
}
}),
(*engine.Player)({
Player: (storage.Player) {
PlayerId: (*big.Int)(21342314523),
PreferredPosition: (string) "",
Potential: (uint64) 4,
DayOfBirth: (uint64) 0,
TeamId: (string) "",
Name: (string) "",
Defence: (uint64) 1076,
Speed: (uint64) 802,
Pass: (uint64) 761,
Shoot: (uint64) 993,
Endurance: (uint64) 1366,
ShirtNumber: (uint8) 0,
EncodedSkills: (*big.Int)(1696941893567521034211620565583286222110727941774283788370576353),
EncodedState: (*big.Int)(<nil>),
RedCard: (bool) false,
InjuryMatchesLeft: (uint8) 0,
Tiredness: (int) 0,
CountryOfBirth: (string) "",
Race: (string) "",
YellowCard1stHalf: (bool) false
}
}),
(*engine.Player)({
Player: (storage.Player) {
PlayerId: (*big.Int)(21342314523),
PreferredPosition: (string) "",
Potential: (uint64) 4,
DayOfBirth: (uint64) 0,
TeamId: (string) "",
Name: (string) "",
Defence: (uint64) 1076,
Speed: (uint64) 802,
Pass: (uint64) 761,
Shoot: (uint64) 993,
Endurance: (uint64) 1366,
ShirtNumber: (uint8) 0,
EncodedSkills: (*big.Int)(1696941893567521034211620565583286222110727941774283788370576353),
EncodedState: (*big.Int)(<nil>),
RedCard: (bool) false,
InjuryMatchesLeft: (uint8) 0,
Tiredness: (int) 0,
CountryOfBirth: (string) "",
Race: (string) "",
YellowCard1stHalf: (bool) false
}
}),
(*engine.Player)({
Player: (storage.Player) {
PlayerId: (*big.Int)(21342314523),
PreferredPosition: (string) "",
Potential: (uint64) 4,
DayOfBirth: (uint64) 0,
TeamId: (string) "",
Name: (string) "",
Defence: (uint64) 1076,
Speed: (uint64) 802,
Pass: (uint64) 761,
Shoot: (uint64) 993,
Endurance: (uint64) 1366,
ShirtNumber: (uint8) 0,
EncodedSkills: (*big.Int)(1696941893567521034211620565583286222110727941774283788370576353),
EncodedState: (*big.Int)(<nil>),
RedCard: (bool) false,
InjuryMatchesLeft: (uint8) 0,
Tiredness: (int) 0,
CountryOfBirth: (string) "",
Race: (string) "",
YellowCard1stHalf: (bool) false
}
}),
(*engine.Player)({
Player: (storage.Player) {
PlayerId: (*big.Int)(21342314523),
PreferredPosition: (string) "",
Potential: (uint64) 4,
DayOfBirth: (uint64) 0,
TeamId: (string) "",
Name: (string) "",
Defence: (uint64) 1076,
Speed: (uint64) 802,
Pass: (uint64) 761,
Shoot: (uint64) 993,
Endurance: (uint64) 1366,
ShirtNumber: (uint8) 0,
EncodedSkills: (*big.Int)(1696941893567521034211620565583286222110727941774283788370576353),
EncodedState: (*big.Int)(<nil>),
RedCard: (bool) false,
InjuryMatchesLeft: (uint8) 0,
Tiredness: (int) 0,
CountryOfBirth: (string) "",
Race: (string) "",
YellowCard1stHalf: (bool) false
}
}),
(*engine.Player)({
Player: (storage.Player) {
PlayerId: (*big.Int)(21342314523),
PreferredPosition: (string) "",
Potential: (uint64) 4,
DayOfBirth: (uint64) 0,
TeamId: (string) "",
Name: (string) "",
Defence: (uint64) 1076,
Speed: (uint64) 802,
Pass: (uint64) 761,
Shoot: (uint64) 993,
Endurance: (uint64) 1366,
ShirtNumber: (uint8) 0,
EncodedSkills: (*big.Int)(1696941893567521034211620565583286222110727941774283788370576353),
EncodedState: (*big.Int)(<nil>),
RedCard: (bool) false,
InjuryMatchesLeft: (uint8) 0,
Tiredness: (int) 0,
CountryOfBirth: (string) "",
Race: (string) "",
YellowCard1stHalf: (bool) false
}
}),
(*engine.Player)({
Player: (storage.Player) {
PlayerId: (*big.Int)(21342314523),
PreferredPosition: (string) "",
Potential: (uint64) 4,
DayOfBirth: (uint64) 0,
TeamId: (string) "",
Name: (string) "",
Defence: (uint64) 1076,
Speed: (uint64) 802,
Pass: (uint64) 761,
Shoot: (uint64) 993,
Endurance: (uint64) 1366,
ShirtNumber: (uint8) 0,
EncodedSkills: (*big.Int)(1696941893567521034211620565583286222110727941774283788370576353),
EncodedState: (*big.Int)(<nil>),
RedCard: (bool) false,
InjuryMatchesLeft: (uint8) 0,
Tiredness: (int) 0,
CountryOfBirth: (string) "",
Race: (string) "",
YellowCard1stHalf: (bool) false
}
}),
(*engine.Player)({
Player: (storage.Player) {
PlayerId: (*big.Int)(21342314523),
PreferredPosition: (string) "",
Potential: (uint64) 4,
DayOfBirth: (uint64) 0,
TeamId: (string) "",
Name: (string) "",
Defence: (uint64) 1076,
Speed: (uint64) 802,
Pass: (uint64) 761,
Shoot: (uint64) 993,
Endurance: (uint64) 1366,
ShirtNumber: (uint8) 0,
EncodedSkills: (*big.Int)(1696941893567521034211620565583286222110727941774283788370576353),
EncodedState: (*big.Int)(<nil>),
RedCard: (bool) false,
InjuryMatchesLeft: (uint8) 0,
Tiredness: (int) 0,
CountryOfBirth: (string) "",
Race: (string) "",
YellowCard1stHalf: (bool) false
}
}),
(*engine.Player)({
Player: (storage.Player) {
PlayerId: (*big.Int)(21342314523),
PreferredPosition: (string) "",
Potential: (uint64) 4,
DayOfBirth: (uint64) 0,
TeamId: (string) "",
Name: (string) "",
Defence: (uint64) 1076,
Speed: (uint64) 802,
Pass: (uint64) 761,
Shoot: (uint64) 993,
Endurance: (uint64) 1366,
ShirtNumber: (uint8) 0,
EncodedSkills: (*big.Int)(1696941893567521034211620565583286222110727941774283788370576353),
EncodedState: (*big.Int)(<nil>),
RedCard: (bool) false,
InjuryMatchesLeft: (uint8) 0,
Tiredness: (int) 0,
CountryOfBirth: (string) "",
Race: (string) "",
YellowCard1stHalf: (bool) false
}
})
},
Training: (engine.Training) {
Training: (storage.Training) {
TeamID: (string) "",
SpecialPlayerShirt: (int) -1,
Goalkeepers: (storage.TrainingPerFieldPos) {
Shoot: (int) 0,
Speed: (int) 0,
Pass: (int) 0,
Defence: (int) 0,
Endurance: (int) 0
},
Defenders: (storage.TrainingPerFieldPos) {
Shoot: (int) 0,
Speed: (int) 0,
Pass: (int) 0,
Defence: (int) 0,
Endurance: (int) 0
},
Midfielders: (storage.TrainingPerFieldPos) {
Shoot: (int) 0,
Speed: (int) 0,
Pass: (int) 0,
Defence: (int) 0,
Endurance: (int) 0
},
Attackers: (storage.TrainingPerFieldPos) {
Shoot: (int) 0,
Speed: (int) 0,
Pass: (int) 0,
Defence: (int) 0,
Endurance: (int) 0
},
SpecialPlayer: (storage.TrainingPerFieldPos) {
Shoot: (int) 0,
Speed: (int) 0,
Pass: (int) 0,
Defence: (int) 0,
Endurance: (int) 0
}
}
}
},
Events: (matchevents.MatchEvents) (len=15 cap=16) {
(matchevents.MatchEvent) {
Minute: (int16) 1,
Type: (int16) 0,
Team: (int16) 0,
ManagesToShoot: (bool) false,
IsGoal: (bool) false,
PrimaryPlayer: (int16) 10,
SecondaryPlayer: (int16) -1,
PrimaryPlayerID: (string) (len=11) "21342314523",
SecondaryPlayerID: (string) ""
},
(matchevents.MatchEvent) {
Minute: (int16) 5,
Type: (int16) 0,
Team: (int16) 0,
ManagesToShoot: (bool) true,
IsGoal: (bool) false,
PrimaryPlayer: (int16) 9,
SecondaryPlayer: (int16) 0,
PrimaryPlayerID: (string) (len=11) "21342314523",
SecondaryPlayerID: (string) (len=11) "21342314523"
},
(matchevents.MatchEvent) {
Minute: (int16) 10,
Type: (int16) 0,
Team: (int16) 1,
ManagesToShoot: (bool) false,
IsGoal: (bool) false,
PrimaryPlayer: (int16) 5,
SecondaryPlayer: (int16) -1,
PrimaryPlayerID: (string) (len=11) "21342314523",
SecondaryPlayerID: (string) ""
},
(matchevents.MatchEvent) {
Minute: (int16) 14,
Type: (int16) 0,
Team: (int16) 0,
ManagesToShoot: (bool) false,
IsGoal: (bool) false,
PrimaryPlayer: (int16) 5,
SecondaryPlayer: (int16) -1,
PrimaryPlayerID: (string) (len=11) "21342314523",
SecondaryPlayerID: (string) ""
},
(matchevents.MatchEvent) {
Minute: (int16) 18,
Type: (int16) 0,
Team: (int16) 0,
ManagesToShoot: (bool) false,
IsGoal: (bool) false,
PrimaryPlayer: (int16) 7,
SecondaryPlayer: (int16) -1,
PrimaryPlayerID: (string) (len=11) "21342314523",
SecondaryPlayerID: (string) ""
},
(matchevents.MatchEvent) {
Minute: (int16) 20,
Type: (int16) 0,
Team: (int16) 0,
ManagesToShoot: (bool) true,
IsGoal: (bool) false,
PrimaryPlayer: (int16) 11,
SecondaryPlayer: (int16) 0,
PrimaryPlayerID: (string) (len=11) "21342314523",
SecondaryPlayerID: (string) (len=11) "21342314523"
},
(matchevents.MatchEvent) {
Minute: (int16) 27,
Type: (int16) 0,
Team: (int16) 0,
ManagesToShoot: (bool) false,
IsGoal: (bool) false,
PrimaryPlayer: (int16) 8,
SecondaryPlayer: (int16) -1,
PrimaryPlayerID: (string) (len=11) "21342314523",
SecondaryPlayerID: (string) ""
},
(matchevents.MatchEvent) {
Minute: (int16) 29,
Type: (int16) 0,
Team: (int16) 1,
ManagesToShoot: (bool) false,
IsGoal: (bool) false,
PrimaryPlayer: (int16) 5,
SecondaryPlayer: (int16) -1,
PrimaryPlayerID: (string) (len=11) "21342314523",
SecondaryPlayerID: (string) ""
},
(matchevents.MatchEvent) {
Minute: (int16) 32,
Type: (int16) 0,
Team: (int16) 1,
ManagesToShoot: (bool) false,
IsGoal: (bool) false,
PrimaryPlayer: (int16) 7,
SecondaryPlayer: (int16) -1,
PrimaryPlayerID: (string) (len=11) "21342314523",
SecondaryPlayerID: (string) ""
},
(matchevents.MatchEvent) {
Minute: (int16) 39,
Type: (int16) 0,
Team: (int16) 0,
ManagesToShoot: (bool) true,
IsGoal: (bool) false,
PrimaryPlayer: (int16) 8,
SecondaryPlayer: (int16) 0,
PrimaryPlayerID: (string) (len=11) "21342314523",
SecondaryPlayerID: (string) (len=11) "21342314523"
},
(matchevents.MatchEvent) {
Minute: (int16) 42,
Type: (int16) 0,
Team: (int16) 1,
ManagesToShoot: (bool) true,
IsGoal: (bool) false,
PrimaryPlayer: (int16) 12,
SecondaryPlayer: (int16) 0,
PrimaryPlayerID: (string) (len=11) "21342314523",
SecondaryPlayerID: (string) (len=11) "21342314523"
},
(matchevents.MatchEvent) {
Minute: (int16) 44,
Type: (int16) 0,
Team: (int16) 1,
ManagesToShoot: (bool) false,
IsGoal: (bool) false,
PrimaryPlayer: (int16) 6,
SecondaryPlayer: (int16) -1,
PrimaryPlayerID: (string) (len=11) "21342314523",
SecondaryPlayerID: (string) ""
},
(matchevents.MatchEvent) {
Minute: (int16) 14,
Type: (int16) 1,
Team: (int16) 0,
ManagesToShoot: (bool) false,
IsGoal: (bool) false,
PrimaryPlayer: (int16) 12,
SecondaryPlayer: (int16) -1,
PrimaryPlayerID: (string) (len=11) "21342314523",
SecondaryPlayerID: (string) ""
},
(matchevents.MatchEvent) {
Minute: (int16) 30,
Type: (int16) 1,
Team: (int16) 1,
ManagesToShoot: (bool) false,
IsGoal: (bool) false,
PrimaryPlayer: (int16) 9,
SecondaryPlayer: (int16) -1,
PrimaryPlayerID: (string) (len=11) "21342314523",
SecondaryPlayerID: (string) ""
},
(matchevents.MatchEvent) {
Minute: (int16) 17,
Type: (int16) 1,
Team: (int16) 1,
ManagesToShoot: (bool) false,
IsGoal: (bool) false,
PrimaryPlayer: (int16) 10,
SecondaryPlayer: (int16) -1,
PrimaryPlayerID: (string) (len=11) "21342314523",
SecondaryPlayerID: (string) ""
}
}
},
(engine.Match) {
Match: (storage.Match) {
TimezoneIdx: (uint8) 0,
CountryIdx: (uint32) 0,
LeagueIdx: (uint32) 0,
MatchDayIdx: (uint8) 0,
MatchIdx: (uint8) 0,
HomeTeamID: (*big.Int)(<nil>),
VisitorTeamID: (*big.Int)(<nil>),
Seed: ([32]uint8) (len=32 cap=32) {
00000000  6b 86 b2 73 ff 34 fc e1  9d 6b 80 4e ff 5a 3f 57  |k..s.4...k.N.Z?W|
00000010  47 ad a4 ea a2 2f 1d 49  c0 1e 52 dd b7 87 5b 4b  |G..../.I..R...[K|
},
HomeGoals: (uint8) 0,
VisitorGoals: (uint8) 0,
HomeTeamSumSkills: (uint32) 54956,
VisitorTeamSumSkills: (uint32) 54978,
State: (storage.MatchState) (len=4) "half",
StateExtra: (string) "",
StartEpoch: (int64) 0
},
StartTime: (*big.Int)(1790899200),
HomeTeam: (engine.Team) {
Team: (storage.Team) {
TeamID: (string) (len=1) "0",
TimezoneIdx: (uint8) 0,
CountryIdx: (uint32) 0,
Name: (string) "",
ManagerName: (string) "",
Owner: (string) (len=5) "0x433",
LeagueIdx: (uint32) 0,
LeaderboardPosition: (int) 0,
TeamIdxInLeague: (uint32) 0,
Points: (uint32) 0,
W: (uint32) 0,
D: (uint32) 0,
L: (uint32) 0,
GoalsForward: (uint32) 0,
GoalsAgainst: (uint32) 0,
PrevPerfPoints: (uint64) 0,
RankingPoints: (uint64) 0,
TrainingPoints: (uint16) 0,
Tactic: (string) (len=33) "340596594427581673436941882753025",
MatchLog: (string) (len=75) "452313210304731052874510216378837872457052933019744941425969953936756441088"
},
Players: ([25]*engine.Player) (len=25 cap=25) {
(*engine.Player)({
Player: (storage.Player) {
PlayerId: (*big.Int)(21342314523),
PreferredPosition: (string) "",
Potential: (uint64) 3,
DayOfBirth: (uint64) 0,
TeamId: (string) "",
Name: (string) "",
Defence: (uint64) 1002,
Speed: (uint64) 980,
Pass: (uint64) 897,
Shoot: (uint64) 1084,
Endurance: (uint64) 1033,
ShirtNumber: (uint8) 0,
EncodedSkills: (*big.Int)(51437330122319139299603242791826209420613007013587054019740732),
EncodedState: (*big.Int)(<nil>),
RedCard: (bool) false,
InjuryMatchesLeft: (uint8) 0,
Tiredness: (int) 0,
CountryOfBirth: (string) "",
Race: (string) "",
YellowCard1stHalf: (bool) false
}
}),
(*engine.Player)({
Player: (storage.Player) {
PlayerId: (*big.Int)(21342314523),
PreferredPosition: (string) "",
Potential: (uint64) 3,
DayOfBirth: (uint64) 0,
TeamId: (string) "",
Name: (string) "",
Defence: (uint64) 1002,
Speed: (uint64) 980,
Pass: (uint64) 897,
Shoot: (uint64) 1084,
Endurance: (uint64) 1033,
ShirtNumber: (uint8) 0,
EncodedSkills: (*big.Int)(51437330116332828593095864438863916345807111765076354323711036),
EncodedState: (*big.Int)(<nil>),
RedCard: (bool) false,
InjuryMatchesLeft: (uint8) 0,
Tiredness: (int) 0,
CountryOfBirth: (string) "",
Race: (string) "",
YellowCard1stHalf: (bool) false
}
}),
(*engine.Player)({
Player: (storage.Player) {
PlayerId: (*big.Int)(21342314523),
PreferredPosition: (string) "",
Potential: (uint64) 3,
DayOfBirth: (uint64) 0,
TeamId: (string) "",
Name: (string) "",
Defence: (uint64) 1002,
Speed: (uint64) 980,
Pass: (uint64) 897,
Shoot: (uint64) 1084,
Endurance: (uint64) 1033,
ShirtNumber: (uint8) 0,
EncodedSkills: (*big.Int)(51437330116332828593095864438863916345807111765076354323711036),
EncodedState: (*big.Int)(<nil>),
RedCard: (bool) false,
InjuryMatchesLeft: (uint8) 0,
Tiredness: (int) 0,
CountryOfBirth: (string) "",
Race: (string) "",
YellowCard1stHalf: (bool) false
}
}),
(*engine.Player)({
Player: (storage.Player) {
PlayerId: (*big.Int)(21342314523),
PreferredPosition: (string) "",
Potential: (uint64) 3,
DayOfBirth: (uint64) 0,
TeamId: (string) "",
Name: (string) "",
Defence: (uint64) 1002,
Speed: (uint64) 980,
Pass: (uint64) 897,
Shoot: (uint64) 1084,
Endurance: (uint64) 1033,
ShirtNumber: (uint8) 0,
EncodedSkills: (*big.Int)(51437330122319139299603242791826209420613007013587054019740732),
EncodedState: (*big.Int)(<nil>),
RedCard: (bool) false,
InjuryMatchesLeft: (uint8) 0,
Tiredness: (int) 0,
CountryOfBirth: (string) "",
Race: (string) "",
YellowCard1stHalf: (bool) false
}
}),
(*engine.Player)({
Player: (storage.Player) {
PlayerId: (*big.Int)(21342314523),
PreferredPosition: (string) "",
Potential: (uint64) 3,
DayOfBirth: (uint64) 0,
TeamId: (string) "",
Name: (string) "",
Defence: (uint64) 1002,
Speed: (uint64) 980,
Pass: (uint64) 897,
Shoot: (uint64) 1084,
Endurance: (uint64) 1033,
ShirtNumber: (uint8) 0,
EncodedSkills: (*big.Int)(51437330122319139299603242791826209420613007013587054019740732),
EncodedState: (*big.Int)(<nil>),
RedCard: (bool) false,
InjuryMatchesLeft: (uint8) 0,
Tiredness: (int) 0,
CountryOfBirth: (string) "",
Race: (string) "",
YellowCard1stHalf: (bool) false
}
}),
(*engine.Player)({
Player: (storage.Player) {
PlayerId: (*big.Int)(21342314523),
PreferredPosition: (string) "",
Potential: (uint64) 3,
DayOfBirth: (uint64) 0,
TeamId: (string) "",
Name: (string) "",
Defence: (uint64) 1002,
Speed: (uint64) 980,
Pass: (uint64) 897,
Shoot: (uint64) 1084,
Endurance: (uint64) 1033,
ShirtNumber: (uint8) 0,
EncodedSkills: (*big.Int)(51437330122319139299603242791826209420613007013587054019740732),
EncodedState: (*big.Int)(<nil>),
RedCard: (bool) false,
InjuryMatchesLeft: (uint8) 0,
Tiredness: (int) 0,
CountryOfBirth: (string) "",
Race: (string) "",
YellowCard1stHalf: (bool) false
}
}),
(*engine.Player)({
Player: (storage.Player) {
PlayerId: (*big.Int)(21342314523),
PreferredPosition: (string) "",
Potential: (uint64) 3,
DayOfBirth: (uint64) 0,
TeamId: (string) "",
Name: (string) "",
Defence: (uint64) 1002,
Speed: (uint64) 980,
Pass: (uint64) 897,
Shoot: (uint64) 1084,
Endurance: (uint64) 1033,
ShirtNumber: (uint8) 0,
EncodedSkills: (*big.Int)(51437330122319139299603242791826209420613007013587054019740732),
EncodedState: (*big.Int)(<nil>),
RedCard: (bool) false,
InjuryMatchesLeft: (uint8) 0,
Tiredness: (int) 0,
CountryOfBirth: (string) "",
Race: (string) "",
YellowCard1stHalf: (bool) false
}
}),
(*engine.Player)({
Player: (storage.Player) {
PlayerId: (*big.Int)(21342314523),
PreferredPosition: (string) "",
Potential: (uint64) 3,
DayOfBirth: (uint64) 0,
TeamId: (string) "",
Name: (string) "",
Defence: (uint64) 1002,
Speed: (uint64) 980,
Pass: (uint64) 897,
Shoot: (uint64) 1084,
Endurance: (uint64) 1033,
ShirtNumber: (uint8) 0,
EncodedSkills: (*big.Int)(51437330122319139299603242791826209420613007013587054019740732),
EncodedState: (*big.Int)(<nil>),
RedCard: (bool) false,
InjuryMatchesLeft: (uint8) 0,
Tiredness: (int) 0,
CountryOfBirth: (string) "",
Race: (string) "",
YellowCard1stHalf: (bool) false
}
}),
(*engine.Player)({
Player: (storage.Player) {
PlayerId: (*big.Int)(21342314523),
PreferredPosition: (string) "",
Potential: (uint64) 3,
DayOfBirth: (uint64) 0,
TeamId: (string) "",
Name: (string) "",
Defence: (uint64) 1002,
Speed: (uint64) 980,
Pass: (uint64) 897,
Shoot: (uint64) 1084,
Endurance: (uint64) 1033,
ShirtNumber: (uint8) 0,
EncodedSkills: (*big.Int)(51437330122319139299603242791826209420613007013587054019740732),
EncodedState: (*big.Int)(<nil>),
RedCard: (bool) false,
InjuryMatchesLeft: (uint8) 0,
Tiredness: (int) 0,
CountryOfBirth: (string) "",
Race: (string) "",
YellowCard1stHalf: (bool) false
}
}),
(*engine.Player)({
Player: (storage.Player) {
PlayerId: (*big.Int)(21342314523),
PreferredPosition: (string) "",
Potential: (uint64) 3,
DayOfBirth: (uint64) 0,
TeamId: (string) "",
Name: (string) "",
Defence: (uint64) 1002,
Speed: (uint64) 980,
Pass: (uint64) 897,
Shoot: (uint64) 1084,
Endurance: (uint64) 1033,
ShirtNumber: (uint8) 0,
EncodedSkills: (*big.Int)(51437330122319139299603242791826209420613007013587054019740732),
EncodedState: (*big.Int)(<nil>),
RedCard: (bool) false,
InjuryMatchesLeft: (uint8) 0,
Tiredness: (int) 0,
CountryOfBirth: (string) "",
Race: (string) "",
YellowCard1stHalf: (bool) false
}
}),
(*engine.Player)({
Player: (storage.Player) {
PlayerId: (*big.Int)(21342314523),
PreferredPosition: (string) "",
Potential: (uint64) 3,
DayOfBirth: (uint64) 0,
TeamId: (string) "",
Name: (string) "",
Defence: (uint64) 1002,
Speed: (uint64) 980,
Pass: (uint64) 897,
Shoot: (uint64) 1084,
Endurance: (uint64) 1033,
ShirtNumber: (uint8) 0,
EncodedSkills: (*big.Int)(26379510247261615813779110163709434289144386857150864867597485116),
EncodedState: (*big.Int)(<nil>),
RedCard: (bool) false,
InjuryMatchesLeft: (uint8) 0,
Tiredness: (int) 0,
CountryOfBirth: (string) "",
Race: (string) "",
YellowCard1stHalf: (bool) true
}
}),
(*engine.Player)({
Player: (storage.Player) {
PlayerId: (*big.Int)(21342314523),
PreferredPosition: (string) "",
Potential: (uint64) 3,
DayOfBirth: (uint64) 0,
TeamId: (string) "",
Name: (string) "",
Defence: (uint64) 1002,
Speed: (uint64) 980,
Pass: (uint64) 897,
Shoot: (uint64) 1084,
Endurance: (uint64) 1033,
ShirtNumber: (uint8) 0,
EncodedSkills: (*big.Int)(51437330122319139299603242791826209420613007013587054019740732),
EncodedState: (*big.Int)(<nil>),
RedCard: (bool) false,
InjuryMatchesLeft: (uint8) 0,
Tiredness: (int) 0,
CountryOfBirth: (string) "",
Race: (string) "",
YellowCard1stHalf: (bool) false
}
}),
(*engine.Player)({
Player: (storage.Player) {
PlayerId: (*big.Int)(21342314523),
PreferredPosition: (string) "",
Potential: (uint64) 3,
DayOfBirth: (uint64) 0,
TeamId: (string) "",
Name: (string) "",
Defence: (uint64) 1002,
Speed: (uint64) 980,
Pass: (uint64) 897,
Shoot: (uint64) 1084,
Endurance: (uint64) 1033,
ShirtNumber: (uint8) 0,
EncodedSkills: (*big.Int)(51437330122319139299603242791826209420613007013587054019740732),
EncodedState: (*big.Int)(<nil>),
RedCard: (bool) false,
InjuryMatchesLeft: (uint8) 0,
Tiredness: (int) 0,
CountryOfBirth: (string) "",
Race: (string) "",
YellowCard1stHalf: (bool) false
}
}),
(*engine.Player)({
Player: (storage.Player) {
PlayerId: (*big.Int)(21342314523),
PreferredPosition: (string) "",
Potential: (uint64) 3,
DayOfBirth: (uint64) 0,
TeamId: (string) "",
Name: (string) "",
Defence: (uint64) 1002,
Speed: (uint64) 980,
Pass: (uint64) 897,
Shoot: (uint64) 1084,
Endurance: (uint64) 1033,
ShirtNumber: (uint8) 0,
EncodedSkills: (*big.Int)(51437330116332828593095864438863916345807111765076354323711036),
EncodedState: (*big.Int)(<nil>),
RedCard: (bool) false,
InjuryMatchesLeft: (uint8) 0,
Tiredness: (int) 0,
CountryOfBirth: (string) "",
Race: (string) "",
YellowCard1stHalf: (bool) false
}
}),
(*engine.Player)({
Player: (storage.Player) {
PlayerId: (*big.Int)(21342314523),
PreferredPosition: (string) "",
Potential: (uint64) 3,
DayOfBirth: (uint64) 0,
TeamId: (string) "",
Name: (string) "",
Defence: (uint64) 1002,
Speed: (uint64) 980,
Pass: (uint64) 897,
Shoot: (uint64) 1084,
Endurance: (uint64) 1033,
ShirtNumber: (uint8) 0,
EncodedSkills: (*big.Int)(51437330116332828593095864438863916345807111765076354323711036),
EncodedState: (*big.Int)(<nil>),
RedCard: (bool) false,
InjuryMatchesLeft: (uint8) 0,
Tiredness: (int) 0,
CountryOfBirth: (string) "",
Race: (string) "",
YellowCard1stHalf: (bool) false
}
}),
(*engine.Player)({
Player: (storage.Player) {
PlayerId: (*big.Int)(21342314523),
PreferredPosition: (string) "",
Potential: (uint64) 3,
DayOfBirth: (uint64) 0,
TeamId: (string) "",
Name: (string) "",
Defence: (uint64) 1002,
Speed: (uint64) 980,
Pass: (uint64) 897,
Shoot: (uint64) 1084,
Endurance: (uint64) 1033,
ShirtNumber: (uint8) 0,
EncodedSkills: (*big.Int)(51437330116332828593095864438863916345807111765076354323711036),
EncodedState: (*big.Int)(<nil>),
RedCard: (bool) false,
InjuryMatchesLeft: (uint8) 0,
Tiredness: (int) 0,
CountryOfBirth: (string) "",
Race: (string) "",
YellowCard1stHalf: (bool) false
}
}),
(*engine.Player)({
Player: (storage.Player) {
PlayerId: (*big.Int)(21342314523),
PreferredPosition: (string) "",
Potential: (uint64) 3,
DayOfBirth: (uint64) 0,
TeamId: (string) "",
Name: (string) "",
Defence: (uint64) 1002,
Speed: (uint64) 980,
Pass: (uint64) 897,
Shoot: (uint64) 1084,
Endurance: (uint64) 1033,
ShirtNumber: (uint8) 0,
EncodedSkills: (*big.Int)(51437330116332828593095864438863916345807111765076354323711036),
EncodedState: (*big.Int)(<nil>),
RedCard: (bool) false,
InjuryMatchesLeft: (uint8) 0,
Tiredness: (int) 0,
CountryOfBirth: (string) "",
Race: (string) "",
YellowCard1stHalf: (bool) false
}
}),
(*engine.Player)({
Player: (storage.Player) {
PlayerId: (*big.Int)(21342314523),
PreferredPosition: (string) "",
Potential: (uint64) 3,
DayOfBirth: (uint64) 0,
TeamId: (string) "",
Name: (string) "",
Defence: (uint64) 1002,
Speed: (uint64) 980,
Pass: (uint64) 897,
Shoot: (uint64) 1084,
Endurance: (uint64) 1033,
ShirtNumber: (uint8) 0,
EncodedSkills: (*big.Int)(51437330116332828593095864438863916345807111765076354323711036),
EncodedState: (*big.Int)(<nil>),
RedCard: (bool) false,
InjuryMatchesLeft: (uint8) 0,
Tiredness: (int) 0,
CountryOfBirth: (string) "",
Race: (string) "",
YellowCard1stHalf: (bool) false
}
}),
(*engine.Player)({
Player: (storage.Player) {
PlayerId: (*big.Int)(21342314523),
PreferredPosition: (string) "",
Potential: (uint64) 3,
DayOfBirth: (uint64) 0,
TeamId: (string) "",
Name: (string) "",
Defence: (uint64) 1002,
Speed: (uint64) 980,
Pass: (uint64) 897,
Shoot: (uint64) 1084,
Endurance: (uint64) 1033,
ShirtNumber: (uint8) 0,
EncodedSkills: (*big.Int)(51437330116332828593095864438863916345807111765076354323711036),
EncodedState: (*big.Int)(<nil>),
RedCard: (bool) false,
InjuryMatchesLeft: (uint8) 0,
Tiredness: (int) 0,
CountryOfBirth: (string) "",
Race: (string) "",
YellowCard1stHalf: (bool) false
}
}),
(*engine.Player)({
Player: (storage.Player) {
PlayerId: (*big.Int)(21342314523),
PreferredPosition: (string) "",
Potential: (uint64) 3,
DayOfBirth: (uint64) 0,
TeamId: (string) "",
Name: (string) "",
Defence: (uint64) 1002,
Speed: (uint64) 980,
Pass: (uint64) 897,
Shoot: (uint64) 1084,
Endurance: (uint64) 1033,
ShirtNumber: (uint8) 0,
EncodedSkills: (*big.Int)(51437330116332828593095864438863916345807111765076354323711036),
EncodedState: (*big.Int)(<nil>),
RedCard: (bool) false,
InjuryMatchesLeft: (uint8) 0,
Tiredness: (int) 0,
CountryOfBirth: (string) "",
Race: (string) "",
YellowCard1stHalf: (bool) false
}
}),
(*engine.Player)({
Player: (storage.Player) {
PlayerId: (*big.Int)(21342314523),
PreferredPosition: (string) "",
Potential: (uint64) 3,
DayOfBirth: (uint64) 0,
TeamId: (string) "",
Name: (string) "",
Defence: (uint64) 1002,
Speed: (uint64) 980,
Pass: (uint64) 897,
Shoot: (uint64) 1084,
Endurance: (uint64) 1033,
ShirtNumber: (uint8) 0,
EncodedSkills: (*big.Int)(51437330116332828593095864438863916345807111765076354323711036),
EncodedState: (*big.Int)(<nil>),
RedCard: (bool) false,
InjuryMatchesLeft: (uint8) 0,
Tiredness: (int) 0,
CountryOfBirth: (string) "",
Race: (string) "",
YellowCard1stHalf: (bool) false
}
}),
(*engine.Player)({
Player: (storage.Player) {
PlayerId: (*big.Int)(21342314523),
PreferredPosition: (string) "",
Potential: (uint64) 3,
DayOfBirth: (uint64) 0,
TeamId: (string) "",
Name: (string) "",
Defence: (uint64) 1002,
Speed: (uint64) 980,
Pass: (uint64) 897,
Shoot: (uint64) 1084,
Endurance: (uint64) 1033,
ShirtNumber: (uint8) 0,
EncodedSkills: (*big.Int)(51437330116332828593095864438863916345807111765076354323711036),
EncodedState: (*big.Int)(<nil>),
RedCard: (bool) false,
InjuryMatchesLeft: (uint8) 0,
Tiredness: (int) 0,
CountryOfBirth: (string) "",
Race: (string) "",
YellowCard1stHalf: (bool) false
}
}),
(*engine.Player)({
Player: (storage.Player) {
PlayerId: (*big.Int)(21342314523),
PreferredPosition: (string) "",
Potential: (uint64) 3,
DayOfBirth: (uint64) 0,
TeamId: (string) "",
Name: (string) "",
Defence: (uint64) 1002,
Speed: (uint64) 980,
Pass: (uint64) 897,
Shoot: (uint64) 1084,
Endurance: (uint64) 1033,
ShirtNumber: (uint8) 0,
EncodedSkills: (*big.Int)(51437330116332828593095864438863916345807111765076354323711036),
EncodedState: (*big.Int)(<nil>),
RedCard: (bool) false,
InjuryMatchesLeft: (uint8) 0,
Tiredness: (int) 0,
CountryOfBirth: (string) "",
Race: (string) "",
YellowCard1stHalf: (bool) false
}
}),
(*engine.Player)({
Player: (storage.Player) {
PlayerId: (*big.Int)(21342314523),
PreferredPosition: (string) "",
Potential: (uint64) 3,
DayOfBirth: (uint64) 0,
TeamId: (string) "",
Name: (string) "",
Defence: (uint64) 1002,
Speed: (uint64) 980,
Pass: (uint64) 897,
Shoot: (uint64) 1084,
Endurance: (uint64) 1033,
ShirtNumber: (uint8) 0,
EncodedSkills: (*big.Int)(51437330116332828593095864438863916345807111765076354323711036),
EncodedState: (*big.Int)(<nil>),
RedCard: (bool) false,
InjuryMatchesLeft: (uint8) 0,
Tiredness: (int) 0,
CountryOfBirth: (string) "",
Race: (string) "",
YellowCard1stHalf: (bool) false
}
}),
(*engine.Player)({
Player: (storage.Player) {
PlayerId: (*big.Int)(21342314523),
PreferredPosition: (string) "",
Potential: (uint64) 3,
DayOfBirth: (uint64) 0,
TeamId: (string) "",
Name: (string) "",
Defence: (uint64) 1002,
Speed: (uint64) 980,
Pass: (uint64) 897,
Shoot: (uint64) 1084,
Endurance: (uint64) 1033,
ShirtNumber: (uint8) 0,
EncodedSkills: (*big.Int)(51437330116332828593095864438863916345807111765076354323711036),
EncodedState: (*big.Int)(<nil>),
RedCard: (bool) false,
InjuryMatchesLeft: (uint8) 0,
Tiredness: (int) 0,
CountryOfBirth: (string) "",
Race: (string) "",
YellowCard1stHalf: (bool) false
}
})
},
Training: (engine.Training) {
Training: (storage.Training) {
TeamID: (string) "",
SpecialPlayerShirt: (int) -1,
Goalkeepers: (storage.TrainingPerFieldPos) {
Shoot: (int) 0,
Speed: (int) 0,
Pass: (int) 0,
Defence: (int) 0,
Endurance: (int) 0
},
Defenders: (storage.TrainingPerFieldPos) {
Shoot: (int) 0,
Speed: (int) 0,
Pass: (int) 0,
Defence: (int) 0,
Endurance: (int) 0
},
Midfielders: (storage.TrainingPerFieldPos) {
Shoot: (int) 0,
Speed: (int) 0,
Pass: (int) 0,
Defence: (int) 0,
Endurance: (int) 0
},
Attackers: (storage.TrainingPerFieldPos) {
Shoot: (int) 0,
Speed: (int) 0,
Pass: (int) 0,
Defence: (int) 0,
Endurance: (int) 0
},
SpecialPlayer: (storage.TrainingPerFieldPos) {
Shoot: (int) 0,
Speed: (int) 0,
Pass: (int) 0,
Defence: (int) 0,
Endurance: (int) 0
}
}
}
},
VisitorTeam: (engine.Team) {
Team: (storage.Team) {
TeamID: (string) (len=1) "0",
TimezoneIdx: (uint8) 0,
CountryIdx: (uint32) 0,
Name: (string) "",
ManagerName: (string) "",
Owner: (string) (len=5) "0x433",
LeagueIdx: (uint32) 0,
LeaderboardPosition: (int) 0,
TeamIdxInLeague: (uint32) 0,
Points: (uint32) 0,
W: (uint32) 0,
D: (uint32) 0,
L: (uint32) 0,
GoalsForward: (uint32) 0,
GoalsAgainst: (uint32) 0,
PrevPerfPoints: (uint64) 0,
RankingPoints: (uint64) 0,
TrainingPoints: (uint16) 0,
Tactic: (string) (len=33) "340596594427581673436941882753025",
MatchLog: (string) (len=75) "452313210449535453918776348091331689434936416748599926667277984431031189504"
},
Players: ([25]*engine.Player) (len=25 cap=25) {
(*engine.Player)({
Player: (storage.Player) {
PlayerId: (*big.Int)(21342314523),
PreferredPosition: (string) "",
Potential: (uint64) 4,
DayOfBirth: (uint64) 0,
TeamId: (string) "",
Name: (string) "",
Defence: (uint64) 1076,
Speed: (uint64) 802,
Pass: (uint64) 761,
Shoot: (uint64) 993,
Endurance: (uint64) 1366,
ShirtNumber: (uint8) 0,
EncodedSkills: (*big.Int)(1696941893573507344918127943936248515185533837022794488066606049),
EncodedState: (*big.Int)(<nil>),
RedCard: (bool) false,
InjuryMatchesLeft: (uint8) 0,
Tiredness: (int) 0,
CountryOfBirth: (string) "",
Race: (string) "",
YellowCard1stHalf: (bool) false
}
}),
(*engine.Player)({
Player: (storage.Player) {
PlayerId: (*big.Int)(21342314523),
PreferredPosition: (string) "",
Potential: (uint64) 4,
DayOfBirth: (uint64) 0,
TeamId: (string) "",
Name: (string) "",
Defence: (uint64) 1076,
Speed: (uint64) 802,
Pass: (uint64) 761,
Shoot: (uint64) 993,
Endurance: (uint64) 1366,
ShirtNumber: (uint8) 0,
EncodedSkills: (*big.Int)(1696941893567521034211620565583286222110727941774283788370576353),
EncodedState: (*big.Int)(<nil>),
RedCard: (bool) false,
InjuryMatchesLeft: (uint8) 0,
Tiredness: (int) 0,
CountryOfBirth: (string) "",
Race: (string) "",
YellowCard1stHalf: (bool) false
}
}),
(*engine.Player)({
Player: (storage.Player) {
PlayerId: (*big.Int)(21342314523),
PreferredPosition: (string) "",
Potential: (uint64) 4,
DayOfBirth: (uint64) 0,
TeamId: (string) "",
Name: (string) "",
Defence: (uint64) 1076,
Speed: (uint64) 802,
Pass: (uint64) 761,
Shoot: (uint64) 993,
Endurance: (uint64) 1366,
ShirtNumber: (uint8) 0,
EncodedSkills: (*big.Int)(1696941893567521034211620565583286222110727941774283788370576353),
EncodedState: (*big.Int)(<nil>),
RedCard: (bool) false,
InjuryMatchesLeft: (uint8) 0,
Tiredness: (int) 0,
CountryOfBirth: (string) "",
Race: (string) "",
YellowCard1stHalf: (bool) false
}
}),
(*engine.Player)({
Player: (storage.Player) {
PlayerId: (*big.Int)(21342314523),
PreferredPosition: (string) "",
Potential: (uint64) 4,
DayOfBirth: (uint64) 0,
TeamId: (string) "",
Name: (string) "",
Defence: (uint64) 1076,
Speed: (uint64) 802,
Pass: (uint64) 761,
Shoot: (uint64) 993,
Endurance: (uint64) 1366,
ShirtNumber: (uint8) 0,
EncodedSkills: (*big.Int)(1696941893573507344918127943936248515185533837022794488066606049),
EncodedState: (*big.Int)(<nil>),
RedCard: (bool) false,
InjuryMatchesLeft: (uint8) 0,
Tiredness: (int) 0,
CountryOfBirth: (string) "",
Race: (string) "",
YellowCard1stHalf: (bool) false
}
}),
(*engine.Player)({
Player: (storage.Player) {
PlayerId: (*big.Int)(21342314523),
PreferredPosition: (string) "",
Potential: (uint64) 4,
DayOfBirth: (uint64) 0,
TeamId: (string) "",
Name: (string) "",
Defence: (uint64) 1076,
Speed: (uint64) 802,
Pass: (uint64) 761,
Shoot: (uint64) 993,
Endurance: (uint64) 1366,
ShirtNumber: (uint8) 0,
EncodedSkills: (*big.Int)(1696941893573507344918127943936248515185533837022794488066606049),
EncodedState: (*big.Int)(<nil>),
RedCard: (bool) false,
InjuryMatchesLeft: (uint8) 0,
Tiredness: (int) 0,
CountryOfBirth: (string) "",
Race: (string) "",
YellowCard1stHalf: (bool) false
}
}),
(*engine.Player)({
Player: (storage.Player) {
PlayerId: (*big.Int)(21342314523),
PreferredPosition: (string) "",
Potential: (uint64) 4,
DayOfBirth: (uint64) 0,
TeamId: (string) "",
Name: (string) "",
Defence: (uint64) 1076,
Speed: (uint64) 802,
Pass: (uint64) 761,
Shoot: (uint64) 993,
Endurance: (uint64) 1366,
ShirtNumber: (uint8) 0,
EncodedSkills: (*big.Int)(1696941893573507344918127943936248515185533837022794488066606049),
EncodedState: (*big.Int)(<nil>),
RedCard: (bool) false,
InjuryMatchesLeft: (uint8) 0,
Tiredness: (int) 0,
CountryOfBirth: (string) "",
Race: (string) "",
YellowCard1stHalf: (bool) false
}
}),
(*engine.Player)({
Player: (storage.Player) {
PlayerId: (*big.Int)(21342314523),
PreferredPosition: (string) "",
Potential: (uint64) 4,
DayOfBirth: (uint64) 0,
TeamId: (string) "",
Name: (string) "",
Defence: (uint64) 1076,
Speed: (uint64) 802,
Pass: (uint64) 761,
Shoot: (uint64) 993,
Endurance: (uint64) 1366,
ShirtNumber: (uint8) 0,
EncodedSkills: (*big.Int)(1696941893573507344918127943936248515185533837022794488066606049),
EncodedState: (*big.Int)(<nil>),
RedCard: (bool) false,
InjuryMatchesLeft: (uint8) 0,
Tiredness: (int) 0,
CountryOfBirth: (string) "",
Race: (string) "",
YellowCard1stHalf: (bool) false
}
}),
(*engine.Player)({
Player: (storage.Player) {
PlayerId: (*big.Int)(21342314523),
PreferredPosition: (string) "",
Potential: (uint64) 4,
DayOfBirth: (uint64) 0,
TeamId: (string) "",
Name: (string) "",
Defence: (uint64) 1076,
Speed: (uint64) 802,
Pass: (uint64) 761,
Shoot: (uint64) 993,
Endurance: (uint64) 1366,
ShirtNumber: (uint8) 0,
EncodedSkills: (*big.Int)(1696941893573507344918127943936248515185533837022794488066606049),
EncodedState: (*big.Int)(<nil>),
RedCard: (bool) false,
InjuryMatchesLeft: (uint8) 0,
Tiredness: (int) 0,
CountryOfBirth: (string) "",
Race: (string) "",
YellowCard1stHalf: (bool) false
}
}),
(*engine.Player)({
Player: (storage.Player) {
PlayerId: (*big.Int)(21342314523),
PreferredPosition: (string) "",
Potential: (uint64) 4,
DayOfBirth: (uint64) 0,
TeamId: (string) "",
Name: (string) "",
Defence: (uint64) 1076,
Speed: (uint64) 802,
Pass: (uint64) 761,
Shoot: (uint64) 993,
Endurance: (uint64) 1366,
ShirtNumber: (uint8) 0,
EncodedSkills: (*big.Int)(1696941893573507344918127943936248515185533837022794488066606049),
EncodedState: (*big.Int)(<nil>),
RedCard: (bool) false,
InjuryMatchesLeft: (uint8) 0,
Tiredness: (int) 0,
CountryOfBirth: (string) "",
Race: (string) "",
YellowCard1stHalf: (bool) false
}
}),
(*engine.Player)({
Player: (storage.Player) {
PlayerId: (*big.Int)(21342314523),
PreferredPosition: (string) "",
Potential: (uint64) 4,
DayOfBirth: (uint64) 0,
TeamId: (string) "",
Name: (string) "",
Defence: (uint64) 1076,
Speed: (uint64) 802,
Pass: (uint64) 761,
Shoot: (uint64) 993,
Endurance: (uint64) 1366,
ShirtNumber: (uint8) 0,
EncodedSkills: (*big.Int)(1696941893573507344918127943936248515185533837022794488066606049),
EncodedState: (*big.Int)(<nil>),
RedCard: (bool) false,
InjuryMatchesLeft: (uint8) 0,
Tiredness: (int) 0,
CountryOfBirth: (string) "",
Race: (string) "",
YellowCard1stHalf: (bool) false
}
}),
(*engine.Player)({
Player: (storage.Player) {
PlayerId: (*big.Int)(21342314523),
PreferredPosition: (string) "",
Potential: (uint64) 4,
DayOfBirth: (uint64) 0,
TeamId: (string) "",
Name: (string) "",
Defence: (uint64) 1076,
Speed: (uint64) 802,
Pass: (uint64) 761,
Shoot: (uint64) 993,
Endurance: (uint64) 1366,
ShirtNumber: (uint8) 0,
EncodedSkills: (*big.Int)(1696941893573507344918127943936248515185533837022794488066606049),
EncodedState: (*big.Int)(<nil>),
RedCard: (bool) false,
InjuryMatchesLeft: (uint8) 0,
Tiredness: (int) 0,
CountryOfBirth: (string) "",
Race: (string) "",
YellowCard1stHalf: (bool) false
}
}),
(*engine.Player)({
Player: (storage.Player) {
PlayerId: (*big.Int)(21342314523),
PreferredPosition: (string) "",
Potential: (uint64) 4,
DayOfBirth: (uint64) 0,
TeamId: (string) "",
Name: (string) "",
Defence: (uint64) 1076,
Speed: (uint64) 802,
Pass: (uint64) 761,
Shoot: (uint64) 993,
Endurance: (uint64) 1366,
ShirtNumber: (uint8) 0,
EncodedSkills: (*big.Int)(41189051269294424978050403082018585220920806402725732607825282017),
EncodedState: (*big.Int)(<nil>),
RedCard: (bool) true,
InjuryMatchesLeft: (uint8) 0,
Tiredness: (int) 0,
CountryOfBirth: (string) "",
Race: (string) "",
YellowCard1stHalf: (bool) true
}
}),
(*engine.Player)({
Player: (storage.Player) {
PlayerId: (*big.Int)(21342314523),
PreferredPosition: (string) "",
Potential: (uint64) 4,
DayOfBirth: (uint64) 0,
TeamId: (string) "",
Name: (string) "",
Defence: (uint64) 1076,
Speed: (uint64) 802,
Pass: (uint64) 761,
Shoot: (uint64) 993,
Endurance: (uint64) 1366,
ShirtNumber: (uint8) 0,
EncodedSkills: (*big.Int)(1696941893573507344918127943936248515185533837022794488066606049),
EncodedState: (*big.Int)(<nil>),
RedCard: (bool) false,
InjuryMatchesLeft: (uint8) 0,
Tiredness: (int) 0,
CountryOfBirth: (string) "",
Race: (string) "",
YellowCard1stHalf: (bool) false
}
}),
(*engine.Player)({
Player: (storage.Player) {
PlayerId: (*big.Int)(21342314523),
PreferredPosition: (string) "",
Potential: (uint64) 4,
DayOfBirth: (uint64) 0,
TeamId: (string) "",
Name: (string) "",
Defence: (uint64) 1076,
Speed: (uint64) 802,
Pass: (uint64) 761,
Shoot: (uint64) 993,
Endurance: (uint64) 1366,
ShirtNumber: (uint8) 0,
EncodedSkills: (*big.Int)(1696941893567521034211620565583286222110727941774283788370576353),
EncodedState: (*big.Int)(<nil>),
RedCard: (bool) false,
InjuryMatchesLeft: (uint8) 0,
Tiredness: (int) 0,
CountryOfBirth: (string) "",
Race: (string) "",
YellowCard1stHalf: (bool) false
}
}),
(*engine.Player)({
Player: (storage.Player) {
PlayerId: (*big.Int)(21342314523),
PreferredPosition: (string) "",
Potential: (uint64) 4,
DayOfBirth: (uint64) 0,
TeamId: (string) "",
Name: (string) "",
Defence: (uint64) 1076,
Speed: (uint64) 802,
Pass: (uint64) 761,
Shoot: (uint64) 993,
Endurance: (uint64) 1366,
ShirtNumber: (uint8) 0,
EncodedSkills: (*big.Int)(1696941893567521034211620565583286222110727941774283788370576353),
EncodedState: (*big.Int)(<nil>),
RedCard: (bool) false,
InjuryMatchesLeft: (uint8) 0,
Tiredness: (int) 0,
CountryOfBirth: (string) "",
Race: (string) "",
YellowCard1stHalf: (bool) false
}
}),
(*engine.Player)({
Player: (storage.Player) {
PlayerId: (*big.Int)(21342314523),
PreferredPosition: (string) "",
Potential: (uint64) 4,
DayOfBirth: (uint64) 0,
TeamId: (string) "",
Name: (string) "",
Defence: (uint64) 1076,
Speed: (uint64) 802,
Pass: (uint64) 761,
Shoot: (uint64) 993,
Endurance: (uint64) 1366,
ShirtNumber: (uint8) 0,
EncodedSkills: (*big.Int)(1696941893567521034211620565583286222110727941774283788370576353),
EncodedState: (*big.Int)(<nil>),
RedCard: (bool) false,
InjuryMatchesLeft: (uint8) 0,
Tiredness: (int) 0,
CountryOfBirth: (string) "",
Race: (string) "",
YellowCard1stHalf: (bool) false
}
}),
(*engine.Player)({
Player: (storage.Player) {
PlayerId: (*big.Int)(21342314523),
PreferredPosition: (string) "",
Potential: (uint64) 4,
DayOfBirth: (uint64) 0,
TeamId: (string) "",
Name: (string) "",
Defence: (uint64) 1076,
Speed: (uint64) 802,
Pass: (uint64) 761,
Shoot: (uint64) 993,
Endurance: (uint64) 1366,
ShirtNumber: (uint8) 0,
EncodedSkills: (*big.Int)(1696941893567521034211620565583286222110727941774283788370576353),
EncodedState: (*big.Int)(<nil>),
RedCard: (bool) false,
InjuryMatchesLeft: (uint8) 0,
Tiredness: (int) 0,
CountryOfBirth: (string) "",
Race: (string) "",
YellowCard1stHalf: (bool) false
}
}),
(*engine.Player)({
Player: (storage.Player) {
PlayerId: (*big.Int)(21342314523),
PreferredPosition: (string) "",
Potential: (uint64) 4,
DayOfBirth: (uint64) 0,
TeamId: (string) "",
Name: (string) "",
Defence: (uint64) 1076,
Speed: (uint64) 802,
Pass: (uint64) 761,
Shoot: (uint64) 993,
Endurance: (uint64) 1366,
ShirtNumber: (uint8) 0,
EncodedSkills: (*big.Int)(1696941893567521034211620565583286222110727941774283788370576353),
EncodedState: (*big.Int)(<nil>),
RedCard: (bool) false,
InjuryMatchesLeft: (uint8) 0,
Tiredness: (int) 0,
CountryOfBirth: (string) "",
Race: (string) "",
YellowCard1stHalf: (bool) false
}
}),
(*engine.Player)({
Player: (storage.Player) {
PlayerId: (*big.Int)(21342314523),
PreferredPosition: (string) "",
Potential: (uint64) 4,
DayOfBirth: (uint64) 0,
TeamId: (string) "",
Name: (string) "",
Defence: (uint64) 1076,
Speed: (uint64) 802,
Pass: (uint64) 761,
Shoot: (uint64) 993,
Endurance: (uint64) 1366,
ShirtNumber: (uint8) 0,
EncodedSkills: (*big.Int)(1696941893567521034211620565583286222110727941774283788370576353),
EncodedState: (*big.Int)(<nil>),
RedCard: (bool) false,
InjuryMatchesLeft: (uint8) 0,
Tiredness: (int) 0,
CountryOfBirth: (string) "",
Race: (string) "",
YellowCard1stHalf: (bool) false
}
}),
(*engine.Player)({
Player: (storage.Player) {
PlayerId: (*big.Int)(21342314523),
PreferredPosition: (string) "",
Potential: (uint64) 4,
DayOfBirth: (uint64) 0,
TeamId: (string) "",
Name: (string) "",
Defence: (uint64) 1076,
Speed: (uint64) 802,
Pass: (uint64) 761,
Shoot: (uint64) 993,
Endurance: (uint64) 1366,
ShirtNumber: (uint8) 0,
EncodedSkills: (*big.Int)(1696941893567521034211620565583286222110727941774283788370576353),
EncodedState: (*big.Int)(<nil>),
RedCard: (bool) false,
InjuryMatchesLeft: (uint8) 0,
Tiredness: (int) 0,
CountryOfBirth: (string) "",
Race: (string) "",
YellowCard1stHalf: (bool) false
}
}),
(*engine.Player)({
Player: (storage.Player) {
PlayerId: (*big.Int)(21342314523),
PreferredPosition: (string) "",
Potential: (uint64) 4,
DayOfBirth: (uint64) 0,
TeamId: (string) "",
Name: (string) "",
Defence: (uint64) 1076,
Speed: (uint64) 802,
Pass: (uint64) 761,
Shoot: (uint64) 993,
Endurance: (uint64) 1366,
ShirtNumber: (uint8) 0,
EncodedSkills: (*big.Int)(1696941893567521034211620565583286222110727941774283788370576353),
EncodedState: (*big.Int)(<nil>),
RedCard: (bool) false,
InjuryMatchesLeft: (uint8) 0,
Tiredness: (int) 0,
CountryOfBirth: (string) "",
Race: (string) "",
YellowCard1stHalf: (bool) false
}
}),
(*engine.Player)({
Player: (storage.Player) {
PlayerId: (*big.Int)(21342314523),
PreferredPosition: (string) "",
Potential: (uint64) 4,
DayOfBirth: (uint64) 0,
TeamId: (string) "",
Name: (string) "",
Defence: (uint64) 1076,
Speed: (uint64) 802,
Pass: (uint64) 761,
Shoot: (uint64) 993,
Endurance: (uint64) 1366,
ShirtNumber: (uint8) 0,
EncodedSkills: (*big.Int)(1696941893567521034211620565583286222110727941774283788370576353),
EncodedState: (*big.Int)(<nil>),
RedCard: (bool) false,
InjuryMatchesLeft: (uint8) 0,
Tiredness: (int) 0,
CountryOfBirth: (string) "",
Race: (string) "",
YellowCard1stHalf: (bool) false
}
}),
(*engine.Player)({
Player: (storage.Player) {
PlayerId: (*big.Int)(21342314523),
PreferredPosition: (string) "",
Potential: (uint64) 4,
DayOfBirth: (uint64) 0,
TeamId: (string) "",
Name: (string) "",
Defence: (uint64) 1076,
Speed: (uint64) 802,
Pass: (uint64) 761,
Shoot: (uint64) 993,
Endurance: (uint64) 1366,
ShirtNumber: (uint8) 0,
EncodedSkills: (*big.Int)(1696941893567521034211620565583286222110727941774283788370576353),
EncodedState: (*big.Int)(<nil>),
RedCard: (bool) false,
InjuryMatchesLeft: (uint8) 0,
Tiredness: (int) 0,
CountryOfBirth: (string) "",
Race: (string) "",
YellowCard1stHalf: (bool) false
}
}),
(*engine.Player)({
Player: (storage.Player) {
PlayerId: (*big.Int)(21342314523),
PreferredPosition: (string) "",
Potential: (uint64) 4,
DayOfBirth: (uint64) 0,
TeamId: (string) "",
Name: (string) "",
Defence: (uint64) 1076,
Speed: (uint64) 802,
Pass: (uint64) 761,
Shoot: (uint64) 993,
Endurance: (uint64) 1366,
ShirtNumber: (uint8) 0,
EncodedSkills: (*big.Int)(1696941893567521034211620565583286222110727941774283788370576353),
EncodedState: (*big.Int)(<nil>),
RedCard: (bool) false,
InjuryMatchesLeft: (uint8) 0,
Tiredness: (int) 0,
CountryOfBirth: (string) "",
Race: (string) "",
YellowCard1stHalf: (bool) false
}
}),
(*engine.Player)({
Player: (storage.Player) {
PlayerId: (*big.Int)(21342314523),
PreferredPosition: (string) "",
Potential: (uint64) 4,
DayOfBirth: (uint64) 0,
TeamId: (string) "",
Name: (string) "",
Defence: (uint64) 1076,
Speed: (uint64) 802,
Pass: (uint64) 761,
Shoot: (uint64) 993,
Endurance: (uint64) 1366,
ShirtNumber: (uint8) 0,
EncodedSkills: (*big.Int)(1696941893567521034211620565583286222110727941774283788370576353),
EncodedState: (*big.Int)(<nil>),
RedCard: (bool) false,
InjuryMatchesLeft: (uint8) 0,
Tiredness: (int) 0,
CountryOfBirth: (string) "",
Race: (string) "",
YellowCard1stHalf: (bool) false
}
})
},
Training: (engine.Training) {
Training: (storage.Training) {
TeamID: (string) "",
SpecialPlayerShirt: (int) -1,
Goalkeepers: (storage.TrainingPerFieldPos) {
Shoot: (int) 0,
Speed: (int) 0,
Pass: (int) 0,
Defence: (int) 0,
Endurance: (int) 0
},
Defenders: (storage.TrainingPerFieldPos) {
Shoot: (int) 0,
Speed: (int) 0,
Pass: (int) 0,
Defence: (int) 0,
Endurance: (int) 0
},
Midfielders: (storage.TrainingPerFieldPos) {
Shoot: (int) 0,
Speed: (int) 0,
Pass: (int) 0,
Defence: (int) 0,
Endurance: (int) 0
},
Attackers: (storage.TrainingPerFieldPos) {
Shoot: (int) 0,
Speed: (int) 0,
Pass: (int) 0,
Defence: (int) 0,
Endurance: (int) 0
},
SpecialPlayer: (storage.TrainingPerFieldPos) {
Shoot: (int) 0,
Speed: (int) 0,
Pass: (int) 0,
Defence: (int) 0,
Endurance: (int) 0
}
}
}
},
Events: (matchevents.MatchEvents) (len=15 cap=16) {
(matchevents.MatchEvent) {
Minute: (int16) 2,
Type: (int16) 0,
Team: (int16) 0,
ManagesToShoot: (bool) false,
IsGoal: (bool) false,
PrimaryPlayer: (int16) 3,
SecondaryPlayer: (int16) -1,
PrimaryPlayerID: (string) (len=11) "21342314523",
SecondaryPlayerID: (string) ""
},
(matchevents.MatchEvent) {
Minute: (int16) 4,
Type: (int16) 0,
Team: (int16) 0,
ManagesToShoot: (bool) false,
IsGoal: (bool) false,
PrimaryPlayer: (int16) 4,
SecondaryPlayer: (int16) -1,
PrimaryPlayerID: (string) (len=11) "21342314523",
SecondaryPlayerID: (string) ""
},
(matchevents.MatchEvent) {
Minute: (int16) 11,
Type: (int16) 0,
Team: (int16) 0,
ManagesToShoot: (bool) false,
IsGoal: (bool) false,
PrimaryPlayer: (int16) 11,
SecondaryPlayer: (int16) -1,
PrimaryPlayerID: (string) (len=11) "21342314523",
SecondaryPlayerID: (string) ""
},
(matchevents.MatchEvent) {
Minute: (int16) 15,
Type: (int16) 0,
Team: (int16) 1,
ManagesToShoot: (bool) false,
IsGoal: (bool) false,
PrimaryPlayer: (int16) 4,
SecondaryPlayer: (int16) -1,
PrimaryPlayerID: (string) (len=11) "21342314523",
SecondaryPlayerID: (string) ""
},
(matchevents.MatchEvent) {
Minute: (int16) 17,
Type: (int16) 0,
Team: (int16) 1,
ManagesToShoot: (bool) false,
IsGoal: (bool) false,
PrimaryPlayer: (int16) 7,
SecondaryPlayer: (int16) -1,
PrimaryPlayerID: (string) (len=11) "21342314523",
SecondaryPlayerID: (string) ""
},
(matchevents.MatchEvent) {
Minute: (int16) 21,
Type: (int16) 0,
Team: (int16) 0,
ManagesToShoot: (bool) true,
IsGoal: (bool) false,
PrimaryPlayer: (int16) 4,
SecondaryPlayer: (int16) 0,
PrimaryPlayerID: (string) (len=11) "21342314523",
SecondaryPlayerID: (string) (len=11) "21342314523"
},
(matchevents.MatchEvent) {
Minute: (int16) 26,
Type: (int16) 0,
Team: (int16) 0,
ManagesToShoot: (bool) false,
IsGoal: (bool) false,
PrimaryPlayer: (int16) 7,
SecondaryPlayer: (int16) -1,
PrimaryPlayerID: (string) (len=11) "21342314523",
SecondaryPlayerID: (string) ""
},
(matchevents.MatchEvent) {
Minute: (int16) 29,
Type: (int16) 0,
Team: (int16) 1,
ManagesToShoot: (bool) true,
IsGoal: (bool) false,
PrimaryPlayer: (int16) 3,
SecondaryPlayer: (int16) 100,
PrimaryPlayerID: (string) (len=11) "21342314523",
SecondaryPlayerID: (string) (len=3) "100"
},
(matchevents.MatchEvent) {
Minute: (int16) 35,
Type: (int16) 0,
Team: (int16) 0,
ManagesToShoot: (bool) false,
IsGoal: (bool) false,
PrimaryPlayer: (int16) 11,
SecondaryPlayer: (int16) -1,
PrimaryPlayerID: (string) (len=11) "21342314523",
SecondaryPlayerID: (string) ""
},
(matchevents.MatchEvent) {
Minute: (int16) 39,
Type: (int16) 0,
Team: (int16) 1,
ManagesToShoot: (bool) false,
IsGoal: (bool) false,
PrimaryPlayer: (int16) 8,
SecondaryPlayer: (int16) -1,
PrimaryPlayerID: (string) (len=11) "21342314523",
SecondaryPlayerID: (string) ""
},
(matchevents.MatchEvent) {
Minute: (int16) 41,
Type: (int16) 0,
Team: (int16) 1,
ManagesToShoot: (bool) false,
IsGoal: (bool) false,
PrimaryPlayer: (int16) 9,
SecondaryPlayer: (int16) -1,
PrimaryPlayerID: (string) (len=11) "21342314523",
SecondaryPlayerID: (string) ""
},
(matchevents.MatchEvent) {
Minute: (int16) 44,
Type: (int16) 0,
Team: (int16) 1,
ManagesToShoot: (bool) false,
IsGoal: (bool) false,
PrimaryPlayer: (int16) 7,
SecondaryPlayer: (int16) -1,
PrimaryPlayerID: (string) (len=11) "21342314523",
SecondaryPlayerID: (string) ""
},
(matchevents.MatchEvent) {
Minute: (int16) 32,
Type: (int16) 1,
Team: (int16) 0,
ManagesToShoot: (bool) false,
IsGoal: (bool) false,
PrimaryPlayer: (int16) 10,
SecondaryPlayer: (int16) -1,
PrimaryPlayerID: (string) (len=11) "21342314523",
SecondaryPlayerID: (string) ""
},
(matchevents.MatchEvent) {
Minute: (int16) 44,
Type: (int16) 2,
Team: (int16) 1,
ManagesToShoot: (bool) false,
IsGoal: (bool) false,
PrimaryPlayer: (int16) 11,
SecondaryPlayer: (int16) -1,
PrimaryPlayerID: (string) (len=11) "21342314523",
SecondaryPlayerID: (string) ""
},
(matchevents.MatchEvent) {
Minute: (int16) 30,
Type: (int16) 1,
Team: (int16) 1,
ManagesToShoot: (bool) false,
IsGoal: (bool) false,
PrimaryPlayer: (int16) 11,
SecondaryPlayer: (int16) -1,
PrimaryPlayerID: (string) (len=11) "21342314523",
SecondaryPlayerID: (string) ""
}
}
}
}
