(*engine.Match)({
	Match: (storage.Match) {
		TimezoneIdx: (uint8) 0,
		CountryIdx: (uint32) 0,
		LeagueIdx: (uint32) 0,
		MatchDayIdx: (uint8) 0,
		MatchIdx: (uint8) 0,
		HomeTeamID: (*big.Int)(<nil>),
		VisitorTeamID: (*big.Int)(<nil>),
		Seed: ([32]uint8) (len=32 cap=32) {
			00000000  e5 2d 9c 50 8c 50 23 47  34 4d 8c 07 ad 91 cb d6  |.-.P.P#G4M......|
			00000010  06 8a fc 75 ff 62 92 f0  62 a0 9c a3 81 c8 9e 71  |...u.b..b......q|
		},
		HomeGoals: (uint8) 0,
		VisitorGoals: (uint8) 0,
		HomeTeamSumSkills: (uint32) 54956,
		VisitorTeamSumSkills: (uint32) 54978,
		State: (storage.MatchState) (len=4) "half",
		StateExtra: (string) "",
		StartEpoch: (int64) 0
	},
	StartTime: (*big.Int)(1790899200),
	HomeTeam: (engine.Team) {
		Team: (storage.Team) {
			TeamID: (string) (len=12) "274877906944",
			TimezoneIdx: (uint8) 0,
			CountryIdx: (uint32) 0,
			Name: (string) "",
			Owner: (string) (len=42) "0x0000000000000000000000000000000000000000",
			LeagueIdx: (uint32) 0,
			TeamIdxInLeague: (uint32) 0,
			Points: (uint32) 0,
			W: (uint32) 0,
			D: (uint32) 0,
			L: (uint32) 0,
			GoalsForward: (uint32) 0,
			GoalsAgainst: (uint32) 0,
			PrevPerfPoints: (uint64) 0,
			RankingPoints: (uint64) 0,
			TrainingPoints: (uint16) 0,
			Tactic: (string) (len=33) "340596594427581673436941882753025",
			MatchLog: (string) (len=76) "1809252841231812858949275626755535289951693014322380866481885810475187306496"
		},
		Players: ([25]*engine.Player) (len=25 cap=25) {
			(*engine.Player)({
				Player: (storage.Player) {
					PlayerId: (*big.Int)(21342314523),
					PreferredPosition: (string) "",
					Potential: (uint64) 4,
					DayOfBirth: (uint64) 0,
					TeamId: (string) "",
					Name: (string) "",
					Defence: (uint64) 1226,
					Speed: (uint64) 1120,
					Pass: (uint64) 886,
					Shoot: (uint64) 1016,
					Endurance: (uint64) 748,
					ShirtNumber: (uint8) 0,
					EncodedSkills: (*big.Int)(1696941887441558000307195739600836373886438918845299011302196216),
					EncodedState: (*big.Int)(<nil>),
					RedCard: (bool) false,
					InjuryMatchesLeft: (uint8) 0,
					Tiredness: (int) 0,
					CountryOfBirth: (string) "",
					Race: (string) ""
				}
			}),
			(*engine.Player)({
				Player: (storage.Player) {
					PlayerId: (*big.Int)(21342314523),
					PreferredPosition: (string) "",
					Potential: (uint64) 4,
					DayOfBirth: (uint64) 0,
					TeamId: (string) "",
					Name: (string) "",
					Defence: (uint64) 1226,
					Speed: (uint64) 1120,
					Pass: (uint64) 886,
					Shoot: (uint64) 1016,
					Endurance: (uint64) 748,
					ShirtNumber: (uint8) 0,
					EncodedSkills: (*big.Int)(1696941887435571689600688361247874080811633023596788311606166520),
					EncodedState: (*big.Int)(<nil>),
					RedCard: (bool) false,
					InjuryMatchesLeft: (uint8) 0,
					Tiredness: (int) 0,
					CountryOfBirth: (string) "",
					Race: (string) ""
				}
			}),
			(*engine.Player)({
				Player: (storage.Player) {
					PlayerId: (*big.Int)(21342314523),
					PreferredPosition: (string) "",
					Potential: (uint64) 4,
					DayOfBirth: (uint64) 0,
					TeamId: (string) "",
					Name: (string) "",
					Defence: (uint64) 1226,
					Speed: (uint64) 1120,
					Pass: (uint64) 886,
					Shoot: (uint64) 1016,
					Endurance: (uint64) 748,
					ShirtNumber: (uint8) 0,
					EncodedSkills: (*big.Int)(1696941887435571689600688361247874080811633023596788311606166520),
					EncodedState: (*big.Int)(<nil>),
					RedCard: (bool) false,
					InjuryMatchesLeft: (uint8) 0,
					Tiredness: (int) 0,
					CountryOfBirth: (string) "",
					Race: (string) ""
				}
			}),
			(*engine.Player)({
				Player: (storage.Player) {
					PlayerId: (*big.Int)(21342314523),
					PreferredPosition: (string) "",
					Potential: (uint64) 4,
					DayOfBirth: (uint64) 0,
					TeamId: (string) "",
					Name: (string) "",
					Defence: (uint64) 1226,
					Speed: (uint64) 1120,
					Pass: (uint64) 886,
					Shoot: (uint64) 1016,
					Endurance: (uint64) 748,
					ShirtNumber: (uint8) 0,
					EncodedSkills: (*big.Int)(1696941887441558000307195739600836373886438918845299011302196216),
					EncodedState: (*big.Int)(<nil>),
					RedCard: (bool) false,
					InjuryMatchesLeft: (uint8) 0,
					Tiredness: (int) 0,
					CountryOfBirth: (string) "",
					Race: (string) ""
				}
			}),
			(*engine.Player)({
				Player: (storage.Player) {
					PlayerId: (*big.Int)(21342314523),
					PreferredPosition: (string) "",
					Potential: (uint64) 4,
					DayOfBirth: (uint64) 0,
					TeamId: (string) "",
					Name: (string) "",
					Defence: (uint64) 1226,
					Speed: (uint64) 1120,
					Pass: (uint64) 886,
					Shoot: (uint64) 1016,
					Endurance: (uint64) 748,
					ShirtNumber: (uint8) 0,
					EncodedSkills: (*big.Int)(1696941887441558000307195739600836373886438918845299011302196216),
					EncodedState: (*big.Int)(<nil>),
					RedCard: (bool) false,
					InjuryMatchesLeft: (uint8) 0,
					Tiredness: (int) 0,
					CountryOfBirth: (string) "",
					Race: (string) ""
				}
			}),
			(*engine.Player)({
				Player: (storage.Player) {
					PlayerId: (*big.Int)(21342314523),
					PreferredPosition: (string) "",
					Potential: (uint64) 4,
					DayOfBirth: (uint64) 0,
					TeamId: (string) "",
					Name: (string) "",
					Defence: (uint64) 1226,
					Speed: (uint64) 1120,
					Pass: (uint64) 886,
					Shoot: (uint64) 1016,
					Endurance: (uint64) 748,
					ShirtNumber: (uint8) 0,
					EncodedSkills: (*big.Int)(1696941887441558000307195739600836373886438918845299011302196216),
					EncodedState: (*big.Int)(<nil>),
					RedCard: (bool) false,
					InjuryMatchesLeft: (uint8) 0,
					Tiredness: (int) 0,
					CountryOfBirth: (string) "",
					Race: (string) ""
				}
			}),
			(*engine.Player)({
				Player: (storage.Player) {
					PlayerId: (*big.Int)(21342314523),
					PreferredPosition: (string) "",
					Potential: (uint64) 4,
					DayOfBirth: (uint64) 0,
					TeamId: (string) "",
					Name: (string) "",
					Defence: (uint64) 1226,
					Speed: (uint64) 1120,
					Pass: (uint64) 886,
					Shoot: (uint64) 1016,
					Endurance: (uint64) 748,
					ShirtNumber: (uint8) 0,
					EncodedSkills: (*big.Int)(1696941887441558000307195739600836373886438918845299011302196216),
					EncodedState: (*big.Int)(<nil>),
					RedCard: (bool) false,
					InjuryMatchesLeft: (uint8) 0,
					Tiredness: (int) 0,
					CountryOfBirth: (string) "",
					Race: (string) ""
				}
			}),
			(*engine.Player)({
				Player: (storage.Player) {
					PlayerId: (*big.Int)(21342314523),
					PreferredPosition: (string) "",
					Potential: (uint64) 4,
					DayOfBirth: (uint64) 0,
					TeamId: (string) "",
					Name: (string) "",
					Defence: (uint64) 1226,
					Speed: (uint64) 1120,
					Pass: (uint64) 886,
					Shoot: (uint64) 1016,
					Endurance: (uint64) 748,
					ShirtNumber: (uint8) 0,
					EncodedSkills: (*big.Int)(1696941887441558000307195739600836373886438918845299011302196216),
					EncodedState: (*big.Int)(<nil>),
					RedCard: (bool) false,
					InjuryMatchesLeft: (uint8) 0,
					Tiredness: (int) 0,
					CountryOfBirth: (string) "",
					Race: (string) ""
				}
			}),
			(*engine.Player)({
				Player: (storage.Player) {
					PlayerId: (*big.Int)(21342314523),
					PreferredPosition: (string) "",
					Potential: (uint64) 4,
					DayOfBirth: (uint64) 0,
					TeamId: (string) "",
					Name: (string) "",
					Defence: (uint64) 1226,
					Speed: (uint64) 1120,
					Pass: (uint64) 886,
					Shoot: (uint64) 1016,
					Endurance: (uint64) 748,
					ShirtNumber: (uint8) 0,
					EncodedSkills: (*big.Int)(1696941887441558000307195739600836373886438918845299011302196216),
					EncodedState: (*big.Int)(<nil>),
					RedCard: (bool) false,
					InjuryMatchesLeft: (uint8) 0,
					Tiredness: (int) 0,
					CountryOfBirth: (string) "",
					Race: (string) ""
				}
			}),
			(*engine.Player)({
				Player: (storage.Player) {
					PlayerId: (*big.Int)(21342314523),
					PreferredPosition: (string) "",
					Potential: (uint64) 4,
					DayOfBirth: (uint64) 0,
					TeamId: (string) "",
					Name: (string) "",
					Defence: (uint64) 1226,
					Speed: (uint64) 1120,
					Pass: (uint64) 886,
					Shoot: (uint64) 1016,
					Endurance: (uint64) 748,
					ShirtNumber: (uint8) 0,
					EncodedSkills: (*big.Int)(1696941887441558000307195739600836373886438918845299011302196216),
					EncodedState: (*big.Int)(<nil>),
					RedCard: (bool) false,
					InjuryMatchesLeft: (uint8) 0,
					Tiredness: (int) 0,
					CountryOfBirth: (string) "",
					Race: (string) ""
				}
			}),
			(*engine.Player)({
				Player: (storage.Player) {
					PlayerId: (*big.Int)(21342314523),
					PreferredPosition: (string) "",
					Potential: (uint64) 4,
					DayOfBirth: (uint64) 0,
					TeamId: (string) "",
					Name: (string) "",
					Defence: (uint64) 1226,
					Speed: (uint64) 1120,
					Pass: (uint64) 886,
					Shoot: (uint64) 1016,
					Endurance: (uint64) 748,
					ShirtNumber: (uint8) 0,
					EncodedSkills: (*big.Int)(1696941887453530621720210496306760960036050709342320410694255608),
					EncodedState: (*big.Int)(<nil>),
					RedCard: (bool) true,
					InjuryMatchesLeft: (uint8) 0,
					Tiredness: (int) 0,
					CountryOfBirth: (string) "",
					Race: (string) ""
				}
			}),
			(*engine.Player)({
				Player: (storage.Player) {
					PlayerId: (*big.Int)(21342314523),
					PreferredPosition: (string) "",
					Potential: (uint64) 4,
					DayOfBirth: (uint64) 0,
					TeamId: (string) "",
					Name: (string) "",
					Defence: (uint64) 1226,
					Speed: (uint64) 1120,
					Pass: (uint64) 886,
					Shoot: (uint64) 1016,
					Endurance: (uint64) 748,
					ShirtNumber: (uint8) 0,
					EncodedSkills: (*big.Int)(1696941887441558000307195739600836373886438918845299011302196216),
					EncodedState: (*big.Int)(<nil>),
					RedCard: (bool) false,
					InjuryMatchesLeft: (uint8) 0,
					Tiredness: (int) 0,
					CountryOfBirth: (string) "",
					Race: (string) ""
				}
			}),
			(*engine.Player)({
				Player: (storage.Player) {
					PlayerId: (*big.Int)(21342314523),
					PreferredPosition: (string) "",
					Potential: (uint64) 4,
					DayOfBirth: (uint64) 0,
					TeamId: (string) "",
					Name: (string) "",
					Defence: (uint64) 1226,
					Speed: (uint64) 1120,
					Pass: (uint64) 886,
					Shoot: (uint64) 1016,
					Endurance: (uint64) 748,
					ShirtNumber: (uint8) 0,
					EncodedSkills: (*big.Int)(1696941887441558000307195739600836373886438918845299011302196216),
					EncodedState: (*big.Int)(<nil>),
					RedCard: (bool) false,
					InjuryMatchesLeft: (uint8) 0,
					Tiredness: (int) 0,
					CountryOfBirth: (string) "",
					Race: (string) ""
				}
			}),
			(*engine.Player)({
				Player: (storage.Player) {
					PlayerId: (*big.Int)(21342314523),
					PreferredPosition: (string) "",
					Potential: (uint64) 4,
					DayOfBirth: (uint64) 0,
					TeamId: (string) "",
					Name: (string) "",
					Defence: (uint64) 1226,
					Speed: (uint64) 1120,
					Pass: (uint64) 886,
					Shoot: (uint64) 1016,
					Endurance: (uint64) 748,
					ShirtNumber: (uint8) 0,
					EncodedSkills: (*big.Int)(1696941887435571689600688361247874080811633023596788311606166520),
					EncodedState: (*big.Int)(<nil>),
					RedCard: (bool) false,
					InjuryMatchesLeft: (uint8) 0,
					Tiredness: (int) 0,
					CountryOfBirth: (string) "",
					Race: (string) ""
				}
			}),
			(*engine.Player)({
				Player: (storage.Player) {
					PlayerId: (*big.Int)(21342314523),
					PreferredPosition: (string) "",
					Potential: (uint64) 4,
					DayOfBirth: (uint64) 0,
					TeamId: (string) "",
					Name: (string) "",
					Defence: (uint64) 1226,
					Speed: (uint64) 1120,
					Pass: (uint64) 886,
					Shoot: (uint64) 1016,
					Endurance: (uint64) 748,
					ShirtNumber: (uint8) 0,
					EncodedSkills: (*big.Int)(1696941887435571689600688361247874080811633023596788311606166520),
					EncodedState: (*big.Int)(<nil>),
					RedCard: (bool) false,
					InjuryMatchesLeft: (uint8) 0,
					Tiredness: (int) 0,
					CountryOfBirth: (string) "",
					Race: (string) ""
				}
			}),
			(*engine.Player)({
				Player: (storage.Player) {
					PlayerId: (*big.Int)(21342314523),
					PreferredPosition: (string) "",
					Potential: (uint64) 4,
					DayOfBirth: (uint64) 0,
					TeamId: (string) "",
					Name: (string) "",
					Defence: (uint64) 1226,
					Speed: (uint64) 1120,
					Pass: (uint64) 886,
					Shoot: (uint64) 1016,
					Endurance: (uint64) 748,
					ShirtNumber: (uint8) 0,
					EncodedSkills: (*big.Int)(1696941887435571689600688361247874080811633023596788311606166520),
					EncodedState: (*big.Int)(<nil>),
					RedCard: (bool) false,
					InjuryMatchesLeft: (uint8) 0,
					Tiredness: (int) 0,
					CountryOfBirth: (string) "",
					Race: (string) ""
				}
			}),
			(*engine.Player)({
				Player: (storage.Player) {
					PlayerId: (*big.Int)(21342314523),
					PreferredPosition: (string) "",
					Potential: (uint64) 4,
					DayOfBirth: (uint64) 0,
					TeamId: (string) "",
					Name: (string) "",
					Defence: (uint64) 1226,
					Speed: (uint64) 1120,
					Pass: (uint64) 886,
					Shoot: (uint64) 1016,
					Endurance: (uint64) 748,
					ShirtNumber: (uint8) 0,
					EncodedSkills: (*big.Int)(1696941887435571689600688361247874080811633023596788311606166520),
					EncodedState: (*big.Int)(<nil>),
					RedCard: (bool) false,
					InjuryMatchesLeft: (uint8) 0,
					Tiredness: (int) 0,
					CountryOfBirth: (string) "",
					Race: (string) ""
				}
			}),
			(*engine.Player)({
				Player: (storage.Player) {
					PlayerId: (*big.Int)(21342314523),
					PreferredPosition: (string) "",
					Potential: (uint64) 4,
					DayOfBirth: (uint64) 0,
					TeamId: (string) "",
					Name: (string) "",
					Defence: (uint64) 1226,
					Speed: (uint64) 1120,
					Pass: (uint64) 886,
					Shoot: (uint64) 1016,
					Endurance: (uint64) 748,
					ShirtNumber: (uint8) 0,
					EncodedSkills: (*big.Int)(1696941887435571689600688361247874080811633023596788311606166520),
					EncodedState: (*big.Int)(<nil>),
					RedCard: (bool) false,
					InjuryMatchesLeft: (uint8) 0,
					Tiredness: (int) 0,
					CountryOfBirth: (string) "",
					Race: (string) ""
				}
			}),
			(*engine.Player)({
				Player: (storage.Player) {
					PlayerId: (*big.Int)(21342314523),
					PreferredPosition: (string) "",
					Potential: (uint64) 4,
					DayOfBirth: (uint64) 0,
					TeamId: (string) "",
					Name: (string) "",
					Defence: (uint64) 1226,
					Speed: (uint64) 1120,
					Pass: (uint64) 886,
					Shoot: (uint64) 1016,
					Endurance: (uint64) 748,
					ShirtNumber: (uint8) 0,
					EncodedSkills: (*big.Int)(1696941887435571689600688361247874080811633023596788311606166520),
					EncodedState: (*big.Int)(<nil>),
					RedCard: (bool) false,
					InjuryMatchesLeft: (uint8) 0,
					Tiredness: (int) 0,
					CountryOfBirth: (string) "",
					Race: (string) ""
				}
			}),
			(*engine.Player)({
				Player: (storage.Player) {
					PlayerId: (*big.Int)(21342314523),
					PreferredPosition: (string) "",
					Potential: (uint64) 4,
					DayOfBirth: (uint64) 0,
					TeamId: (string) "",
					Name: (string) "",
					Defence: (uint64) 1226,
					Speed: (uint64) 1120,
					Pass: (uint64) 886,
					Shoot: (uint64) 1016,
					Endurance: (uint64) 748,
					ShirtNumber: (uint8) 0,
					EncodedSkills: (*big.Int)(1696941887435571689600688361247874080811633023596788311606166520),
					EncodedState: (*big.Int)(<nil>),
					RedCard: (bool) false,
					InjuryMatchesLeft: (uint8) 0,
					Tiredness: (int) 0,
					CountryOfBirth: (string) "",
					Race: (string) ""
				}
			}),
			(*engine.Player)({
				Player: (storage.Player) {
					PlayerId: (*big.Int)(21342314523),
					PreferredPosition: (string) "",
					Potential: (uint64) 4,
					DayOfBirth: (uint64) 0,
					TeamId: (string) "",
					Name: (string) "",
					Defence: (uint64) 1226,
					Speed: (uint64) 1120,
					Pass: (uint64) 886,
					Shoot: (uint64) 1016,
					Endurance: (uint64) 748,
					ShirtNumber: (uint8) 0,
					EncodedSkills: (*big.Int)(1696941887435571689600688361247874080811633023596788311606166520),
					EncodedState: (*big.Int)(<nil>),
					RedCard: (bool) false,
					InjuryMatchesLeft: (uint8) 0,
					Tiredness: (int) 0,
					CountryOfBirth: (string) "",
					Race: (string) ""
				}
			}),
			(*engine.Player)({
				Player: (storage.Player) {
					PlayerId: (*big.Int)(21342314523),
					PreferredPosition: (string) "",
					Potential: (uint64) 4,
					DayOfBirth: (uint64) 0,
					TeamId: (string) "",
					Name: (string) "",
					Defence: (uint64) 1226,
					Speed: (uint64) 1120,
					Pass: (uint64) 886,
					Shoot: (uint64) 1016,
					Endurance: (uint64) 748,
					ShirtNumber: (uint8) 0,
					EncodedSkills: (*big.Int)(1696941887435571689600688361247874080811633023596788311606166520),
					EncodedState: (*big.Int)(<nil>),
					RedCard: (bool) false,
					InjuryMatchesLeft: (uint8) 0,
					Tiredness: (int) 0,
					CountryOfBirth: (string) "",
					Race: (string) ""
				}
			}),
			(*engine.Player)({
				Player: (storage.Player) {
					PlayerId: (*big.Int)(21342314523),
					PreferredPosition: (string) "",
					Potential: (uint64) 4,
					DayOfBirth: (uint64) 0,
					TeamId: (string) "",
					Name: (string) "",
					Defence: (uint64) 1226,
					Speed: (uint64) 1120,
					Pass: (uint64) 886,
					Shoot: (uint64) 1016,
					Endurance: (uint64) 748,
					ShirtNumber: (uint8) 0,
					EncodedSkills: (*big.Int)(1696941887435571689600688361247874080811633023596788311606166520),
					EncodedState: (*big.Int)(<nil>),
					RedCard: (bool) false,
					InjuryMatchesLeft: (uint8) 0,
					Tiredness: (int) 0,
					CountryOfBirth: (string) "",
					Race: (string) ""
				}
			}),
			(*engine.Player)({
				Player: (storage.Player) {
					PlayerId: (*big.Int)(21342314523),
					PreferredPosition: (string) "",
					Potential: (uint64) 4,
					DayOfBirth: (uint64) 0,
					TeamId: (string) "",
					Name: (string) "",
					Defence: (uint64) 1226,
					Speed: (uint64) 1120,
					Pass: (uint64) 886,
					Shoot: (uint64) 1016,
					Endurance: (uint64) 748,
					ShirtNumber: (uint8) 0,
					EncodedSkills: (*big.Int)(1696941887435571689600688361247874080811633023596788311606166520),
					EncodedState: (*big.Int)(<nil>),
					RedCard: (bool) false,
					InjuryMatchesLeft: (uint8) 0,
					Tiredness: (int) 0,
					CountryOfBirth: (string) "",
					Race: (string) ""
				}
			}),
			(*engine.Player)({
				Player: (storage.Player) {
					PlayerId: (*big.Int)(21342314523),
					PreferredPosition: (string) "",
					Potential: (uint64) 4,
					DayOfBirth: (uint64) 0,
					TeamId: (string) "",
					Name: (string) "",
					Defence: (uint64) 1226,
					Speed: (uint64) 1120,
					Pass: (uint64) 886,
					Shoot: (uint64) 1016,
					Endurance: (uint64) 748,
					ShirtNumber: (uint8) 0,
					EncodedSkills: (*big.Int)(1696941887435571689600688361247874080811633023596788311606166520),
					EncodedState: (*big.Int)(<nil>),
					RedCard: (bool) false,
					InjuryMatchesLeft: (uint8) 0,
					Tiredness: (int) 0,
					CountryOfBirth: (string) "",
					Race: (string) ""
				}
			})
		},
		Training: (engine.Training) {
			Training: (storage.Training) {
				TeamID: (string) "",
				SpecialPlayerShirt: (int) -1,
				Goalkeepers: (storage.TrainingPerFieldPos) {
					Shoot: (int) 0,
					Speed: (int) 0,
					Pass: (int) 0,
					Defence: (int) 0,
					Endurance: (int) 0
				},
				Defenders: (storage.TrainingPerFieldPos) {
					Shoot: (int) 0,
					Speed: (int) 0,
					Pass: (int) 0,
					Defence: (int) 0,
					Endurance: (int) 0
				},
				Midfielders: (storage.TrainingPerFieldPos) {
					Shoot: (int) 0,
					Speed: (int) 0,
					Pass: (int) 0,
					Defence: (int) 0,
					Endurance: (int) 0
				},
				Attackers: (storage.TrainingPerFieldPos) {
					Shoot: (int) 0,
					Speed: (int) 0,
					Pass: (int) 0,
					Defence: (int) 0,
					Endurance: (int) 0
				},
				SpecialPlayer: (storage.TrainingPerFieldPos) {
					Shoot: (int) 0,
					Speed: (int) 0,
					Pass: (int) 0,
					Defence: (int) 0,
					Endurance: (int) 0
				}
			}
		}
	},
	VisitorTeam: (engine.Team) {
		Team: (storage.Team) {
			TeamID: (string) (len=12) "274877906945",
			TimezoneIdx: (uint8) 0,
			CountryIdx: (uint32) 0,
			Name: (string) "",
			Owner: (string) (len=42) "0x0000000000000000000000000000000000000000",
			LeagueIdx: (uint32) 0,
			TeamIdxInLeague: (uint32) 0,
			Points: (uint32) 0,
			W: (uint32) 0,
			D: (uint32) 0,
			L: (uint32) 0,
			GoalsForward: (uint32) 0,
			GoalsAgainst: (uint32) 0,
			PrevPerfPoints: (uint64) 0,
			RankingPoints: (uint64) 0,
			TrainingPoints: (uint16) 0,
			Tactic: (string) (len=33) "340596594427581673436941882753025",
			MatchLog: (string) (len=76) "1809252841811030463126340153628567230811966163389643435435686958950506299392"
		},
		Players: ([25]*engine.Player) (len=25 cap=25) {
			(*engine.Player)({
				Player: (storage.Player) {
					PlayerId: (*big.Int)(21342314523),
					PreferredPosition: (string) "",
					Potential: (uint64) 4,
					DayOfBirth: (uint64) 0,
					TeamId: (string) "",
					Name: (string) "",
					Defence: (uint64) 1076,
					Speed: (uint64) 802,
					Pass: (uint64) 761,
					Shoot: (uint64) 993,
					Endurance: (uint64) 1366,
					ShirtNumber: (uint8) 0,
					EncodedSkills: (*big.Int)(1696941893573507344918127943936248515185533837022794488066606049),
					EncodedState: (*big.Int)(<nil>),
					RedCard: (bool) false,
					InjuryMatchesLeft: (uint8) 0,
					Tiredness: (int) 0,
					CountryOfBirth: (string) "",
					Race: (string) ""
				}
			}),
			(*engine.Player)({
				Player: (storage.Player) {
					PlayerId: (*big.Int)(21342314523),
					PreferredPosition: (string) "",
					Potential: (uint64) 4,
					DayOfBirth: (uint64) 0,
					TeamId: (string) "",
					Name: (string) "",
					Defence: (uint64) 1076,
					Speed: (uint64) 802,
					Pass: (uint64) 761,
					Shoot: (uint64) 993,
					Endurance: (uint64) 1366,
					ShirtNumber: (uint8) 0,
					EncodedSkills: (*big.Int)(1696941893567521034211620565583286222110727941774283788370576353),
					EncodedState: (*big.Int)(<nil>),
					RedCard: (bool) false,
					InjuryMatchesLeft: (uint8) 0,
					Tiredness: (int) 0,
					CountryOfBirth: (string) "",
					Race: (string) ""
				}
			}),
			(*engine.Player)({
				Player: (storage.Player) {
					PlayerId: (*big.Int)(21342314523),
					PreferredPosition: (string) "",
					Potential: (uint64) 4,
					DayOfBirth: (uint64) 0,
					TeamId: (string) "",
					Name: (string) "",
					Defence: (uint64) 1076,
					Speed: (uint64) 802,
					Pass: (uint64) 761,
					Shoot: (uint64) 993,
					Endurance: (uint64) 1366,
					ShirtNumber: (uint8) 0,
					EncodedSkills: (*big.Int)(1696941893567521034211620565583286222110727941774283788370576353),
					EncodedState: (*big.Int)(<nil>),
					RedCard: (bool) false,
					InjuryMatchesLeft: (uint8) 0,
					Tiredness: (int) 0,
					CountryOfBirth: (string) "",
					Race: (string) ""
				}
			}),
			(*engine.Player)({
				Player: (storage.Player) {
					PlayerId: (*big.Int)(21342314523),
					PreferredPosition: (string) "",
					Potential: (uint64) 4,
					DayOfBirth: (uint64) 0,
					TeamId: (string) "",
					Name: (string) "",
					Defence: (uint64) 1076,
					Speed: (uint64) 802,
					Pass: (uint64) 761,
					Shoot: (uint64) 993,
					Endurance: (uint64) 1366,
					ShirtNumber: (uint8) 0,
					EncodedSkills: (*big.Int)(1696941893573507344918127943936248515185533837022794488066606049),
					EncodedState: (*big.Int)(<nil>),
					RedCard: (bool) false,
					InjuryMatchesLeft: (uint8) 0,
					Tiredness: (int) 0,
					CountryOfBirth: (string) "",
					Race: (string) ""
				}
			}),
			(*engine.Player)({
				Player: (storage.Player) {
					PlayerId: (*big.Int)(21342314523),
					PreferredPosition: (string) "",
					Potential: (uint64) 4,
					DayOfBirth: (uint64) 0,
					TeamId: (string) "",
					Name: (string) "",
					Defence: (uint64) 1076,
					Speed: (uint64) 802,
					Pass: (uint64) 761,
					Shoot: (uint64) 993,
					Endurance: (uint64) 1366,
					ShirtNumber: (uint8) 0,
					EncodedSkills: (*big.Int)(1696941893573507344918127943936248515185533837022794488066606049),
					EncodedState: (*big.Int)(<nil>),
					RedCard: (bool) false,
					InjuryMatchesLeft: (uint8) 0,
					Tiredness: (int) 0,
					CountryOfBirth: (string) "",
					Race: (string) ""
				}
			}),
			(*engine.Player)({
				Player: (storage.Player) {
					PlayerId: (*big.Int)(21342314523),
					PreferredPosition: (string) "",
					Potential: (uint64) 4,
					DayOfBirth: (uint64) 0,
					TeamId: (string) "",
					Name: (string) "",
					Defence: (uint64) 1076,
					Speed: (uint64) 802,
					Pass: (uint64) 761,
					Shoot: (uint64) 993,
					Endurance: (uint64) 1366,
					ShirtNumber: (uint8) 0,
					EncodedSkills: (*big.Int)(1696941893573507344918127943936248515185533837022794488066606049),
					EncodedState: (*big.Int)(<nil>),
					RedCard: (bool) false,
					InjuryMatchesLeft: (uint8) 0,
					Tiredness: (int) 0,
					CountryOfBirth: (string) "",
					Race: (string) ""
				}
			}),
			(*engine.Player)({
				Player: (storage.Player) {
					PlayerId: (*big.Int)(21342314523),
					PreferredPosition: (string) "",
					Potential: (uint64) 4,
					DayOfBirth: (uint64) 0,
					TeamId: (string) "",
					Name: (string) "",
					Defence: (uint64) 1076,
					Speed: (uint64) 802,
					Pass: (uint64) 761,
					Shoot: (uint64) 993,
					Endurance: (uint64) 1366,
					ShirtNumber: (uint8) 0,
					EncodedSkills: (*big.Int)(1696941893573507344918127943936248515185533837022794488066606049),
					EncodedState: (*big.Int)(<nil>),
					RedCard: (bool) false,
					InjuryMatchesLeft: (uint8) 0,
					Tiredness: (int) 0,
					CountryOfBirth: (string) "",
					Race: (string) ""
				}
			}),
			(*engine.Player)({
				Player: (storage.Player) {
					PlayerId: (*big.Int)(21342314523),
					PreferredPosition: (string) "",
					Potential: (uint64) 4,
					DayOfBirth: (uint64) 0,
					TeamId: (string) "",
					Name: (string) "",
					Defence: (uint64) 1076,
					Speed: (uint64) 802,
					Pass: (uint64) 761,
					Shoot: (uint64) 993,
					Endurance: (uint64) 1366,
					ShirtNumber: (uint8) 0,
					EncodedSkills: (*big.Int)(1696941893573507344918127943936248515185533837022794488066606049),
					EncodedState: (*big.Int)(<nil>),
					RedCard: (bool) false,
					InjuryMatchesLeft: (uint8) 0,
					Tiredness: (int) 0,
					CountryOfBirth: (string) "",
					Race: (string) ""
				}
			}),
			(*engine.Player)({
				Player: (storage.Player) {
					PlayerId: (*big.Int)(21342314523),
					PreferredPosition: (string) "",
					Potential: (uint64) 4,
					DayOfBirth: (uint64) 0,
					TeamId: (string) "",
					Name: (string) "",
					Defence: (uint64) 1076,
					Speed: (uint64) 802,
					Pass: (uint64) 761,
					Shoot: (uint64) 993,
					Endurance: (uint64) 1366,
					ShirtNumber: (uint8) 0,
					EncodedSkills: (*big.Int)(1696941893573507344918127943936248515185533837022794488066606049),
					EncodedState: (*big.Int)(<nil>),
					RedCard: (bool) false,
					InjuryMatchesLeft: (uint8) 0,
					Tiredness: (int) 0,
					CountryOfBirth: (string) "",
					Race: (string) ""
				}
			}),
			(*engine.Player)({
				Player: (storage.Player) {
					PlayerId: (*big.Int)(21342314523),
					PreferredPosition: (string) "",
					Potential: (uint64) 4,
					DayOfBirth: (uint64) 0,
					TeamId: (string) "",
					Name: (string) "",
					Defence: (uint64) 1076,
					Speed: (uint64) 802,
					Pass: (uint64) 761,
					Shoot: (uint64) 993,
					Endurance: (uint64) 1366,
					ShirtNumber: (uint8) 0,
					EncodedSkills: (*big.Int)(1696941893573507344918127943936248515185533837022794488066606049),
					EncodedState: (*big.Int)(<nil>),
					RedCard: (bool) false,
					InjuryMatchesLeft: (uint8) 0,
					Tiredness: (int) 0,
					CountryOfBirth: (string) "",
					Race: (string) ""
				}
			}),
			(*engine.Player)({
				Player: (storage.Player) {
					PlayerId: (*big.Int)(21342314523),
					PreferredPosition: (string) "",
					Potential: (uint64) 4,
					DayOfBirth: (uint64) 0,
					TeamId: (string) "",
					Name: (string) "",
					Defence: (uint64) 1076,
					Speed: (uint64) 802,
					Pass: (uint64) 761,
					Shoot: (uint64) 993,
					Endurance: (uint64) 1366,
					ShirtNumber: (uint8) 0,
					EncodedSkills: (*big.Int)(1696941893573507344918127943936248515185533837022794488066606049),
					EncodedState: (*big.Int)(<nil>),
					RedCard: (bool) false,
					InjuryMatchesLeft: (uint8) 0,
					Tiredness: (int) 0,
					CountryOfBirth: (string) "",
					Race: (string) ""
				}
			}),
			(*engine.Player)({
				Player: (storage.Player) {
					PlayerId: (*big.Int)(21342314523),
					PreferredPosition: (string) "",
					Potential: (uint64) 4,
					DayOfBirth: (uint64) 0,
					TeamId: (string) "",
					Name: (string) "",
					Defence: (uint64) 1076,
					Speed: (uint64) 802,
					Pass: (uint64) 761,
					Shoot: (uint64) 993,
					Endurance: (uint64) 1366,
					ShirtNumber: (uint8) 0,
					EncodedSkills: (*big.Int)(1696941893573507344918127943936248515185533837022794488066606049),
					EncodedState: (*big.Int)(<nil>),
					RedCard: (bool) false,
					InjuryMatchesLeft: (uint8) 0,
					Tiredness: (int) 0,
					CountryOfBirth: (string) "",
					Race: (string) ""
				}
			}),
			(*engine.Player)({
				Player: (storage.Player) {
					PlayerId: (*big.Int)(21342314523),
					PreferredPosition: (string) "",
					Potential: (uint64) 4,
					DayOfBirth: (uint64) 0,
					TeamId: (string) "",
					Name: (string) "",
					Defence: (uint64) 1076,
					Speed: (uint64) 802,
					Pass: (uint64) 761,
					Shoot: (uint64) 993,
					Endurance: (uint64) 1366,
					ShirtNumber: (uint8) 0,
					EncodedSkills: (*big.Int)(1696941893573507344918127943936248515185533837022794488066606049),
					EncodedState: (*big.Int)(<nil>),
					RedCard: (bool) false,
					InjuryMatchesLeft: (uint8) 0,
					Tiredness: (int) 0,
					CountryOfBirth: (string) "",
					Race: (string) ""
				}
			}),
			(*engine.Player)({
				Player: (storage.Player) {
					PlayerId: (*big.Int)(21342314523),
					PreferredPosition: (string) "",
					Potential: (uint64) 4,
					DayOfBirth: (uint64) 0,
					TeamId: (string) "",
					Name: (string) "",
					Defence: (uint64) 1076,
					Speed: (uint64) 802,
					Pass: (uint64) 761,
					Shoot: (uint64) 993,
					Endurance: (uint64) 1366,
					ShirtNumber: (uint8) 0,
					EncodedSkills: (*big.Int)(1696941893567521034211620565583286222110727941774283788370576353),
					EncodedState: (*big.Int)(<nil>),
					RedCard: (bool) false,
					InjuryMatchesLeft: (uint8) 0,
					Tiredness: (int) 0,
					CountryOfBirth: (string) "",
					Race: (string) ""
				}
			}),
			(*engine.Player)({
				Player: (storage.Player) {
					PlayerId: (*big.Int)(21342314523),
					PreferredPosition: (string) "",
					Potential: (uint64) 4,
					DayOfBirth: (uint64) 0,
					TeamId: (string) "",
					Name: (string) "",
					Defence: (uint64) 1076,
					Speed: (uint64) 802,
					Pass: (uint64) 761,
					Shoot: (uint64) 993,
					Endurance: (uint64) 1366,
					ShirtNumber: (uint8) 0,
					EncodedSkills: (*big.Int)(1696941893567521034211620565583286222110727941774283788370576353),
					EncodedState: (*big.Int)(<nil>),
					RedCard: (bool) false,
					InjuryMatchesLeft: (uint8) 0,
					Tiredness: (int) 0,
					CountryOfBirth: (string) "",
					Race: (string) ""
				}
			}),
			(*engine.Player)({
				Player: (storage.Player) {
					PlayerId: (*big.Int)(21342314523),
					PreferredPosition: (string) "",
					Potential: (uint64) 4,
					DayOfBirth: (uint64) 0,
					TeamId: (string) "",
					Name: (string) "",
					Defence: (uint64) 1076,
					Speed: (uint64) 802,
					Pass: (uint64) 761,
					Shoot: (uint64) 993,
					Endurance: (uint64) 1366,
					ShirtNumber: (uint8) 0,
					EncodedSkills: (*big.Int)(1696941893567521034211620565583286222110727941774283788370576353),
					EncodedState: (*big.Int)(<nil>),
					RedCard: (bool) false,
					InjuryMatchesLeft: (uint8) 0,
					Tiredness: (int) 0,
					CountryOfBirth: (string) "",
					Race: (string) ""
				}
			}),
			(*engine.Player)({
				Player: (storage.Player) {
					PlayerId: (*big.Int)(21342314523),
					PreferredPosition: (string) "",
					Potential: (uint64) 4,
					DayOfBirth: (uint64) 0,
					TeamId: (string) "",
					Name: (string) "",
					Defence: (uint64) 1076,
					Speed: (uint64) 802,
					Pass: (uint64) 761,
					Shoot: (uint64) 993,
					Endurance: (uint64) 1366,
					ShirtNumber: (uint8) 0,
					EncodedSkills: (*big.Int)(1696941893567521034211620565583286222110727941774283788370576353),
					EncodedState: (*big.Int)(<nil>),
					RedCard: (bool) false,
					InjuryMatchesLeft: (uint8) 0,
					Tiredness: (int) 0,
					CountryOfBirth: (string) "",
					Race: (string) ""
				}
			}),
			(*engine.Player)({
				Player: (storage.Player) {
					PlayerId: (*big.Int)(21342314523),
					PreferredPosition: (string) "",
					Potential: (uint64) 4,
					DayOfBirth: (uint64) 0,
					TeamId: (string) "",
					Name: (string) "",
					Defence: (uint64) 1076,
					Speed: (uint64) 802,
					Pass: (uint64) 761,
					Shoot: (uint64) 993,
					Endurance: (uint64) 1366,
					ShirtNumber: (uint8) 0,
					EncodedSkills: (*big.Int)(1696941893567521034211620565583286222110727941774283788370576353),
					EncodedState: (*big.Int)(<nil>),
					RedCard: (bool) false,
					InjuryMatchesLeft: (uint8) 0,
					Tiredness: (int) 0,
					CountryOfBirth: (string) "",
					Race: (string) ""
				}
			}),
			(*engine.Player)({
				Player: (storage.Player) {
					PlayerId: (*big.Int)(21342314523),
					PreferredPosition: (string) "",
					Potential: (uint64) 4,
					DayOfBirth: (uint64) 0,
					TeamId: (string) "",
					Name: (string) "",
					Defence: (uint64) 1076,
					Speed: (uint64) 802,
					Pass: (uint64) 761,
					Shoot: (uint64) 993,
					Endurance: (uint64) 1366,
					ShirtNumber: (uint8) 0,
					EncodedSkills: (*big.Int)(1696941893567521034211620565583286222110727941774283788370576353),
					EncodedState: (*big.Int)(<nil>),
					RedCard: (bool) false,
					InjuryMatchesLeft: (uint8) 0,
					Tiredness: (int) 0,
					CountryOfBirth: (string) "",
					Race: (string) ""
				}
			}),
			(*engine.Player)({
				Player: (storage.Player) {
					PlayerId: (*big.Int)(21342314523),
					PreferredPosition: (string) "",
					Potential: (uint64) 4,
					DayOfBirth: (uint64) 0,
					TeamId: (string) "",
					Name: (string) "",
					Defence: (uint64) 1076,
					Speed: (uint64) 802,
					Pass: (uint64) 761,
					Shoot: (uint64) 993,
					Endurance: (uint64) 1366,
					ShirtNumber: (uint8) 0,
					EncodedSkills: (*big.Int)(1696941893567521034211620565583286222110727941774283788370576353),
					EncodedState: (*big.Int)(<nil>),
					RedCard: (bool) false,
					InjuryMatchesLeft: (uint8) 0,
					Tiredness: (int) 0,
					CountryOfBirth: (string) "",
					Race: (string) ""
				}
			}),
			(*engine.Player)({
				Player: (storage.Player) {
					PlayerId: (*big.Int)(21342314523),
					PreferredPosition: (string) "",
					Potential: (uint64) 4,
					DayOfBirth: (uint64) 0,
					TeamId: (string) "",
					Name: (string) "",
					Defence: (uint64) 1076,
					Speed: (uint64) 802,
					Pass: (uint64) 761,
					Shoot: (uint64) 993,
					Endurance: (uint64) 1366,
					ShirtNumber: (uint8) 0,
					EncodedSkills: (*big.Int)(1696941893567521034211620565583286222110727941774283788370576353),
					EncodedState: (*big.Int)(<nil>),
					RedCard: (bool) false,
					InjuryMatchesLeft: (uint8) 0,
					Tiredness: (int) 0,
					CountryOfBirth: (string) "",
					Race: (string) ""
				}
			}),
			(*engine.Player)({
				Player: (storage.Player) {
					PlayerId: (*big.Int)(21342314523),
					PreferredPosition: (string) "",
					Potential: (uint64) 4,
					DayOfBirth: (uint64) 0,
					TeamId: (string) "",
					Name: (string) "",
					Defence: (uint64) 1076,
					Speed: (uint64) 802,
					Pass: (uint64) 761,
					Shoot: (uint64) 993,
					Endurance: (uint64) 1366,
					ShirtNumber: (uint8) 0,
					EncodedSkills: (*big.Int)(1696941893567521034211620565583286222110727941774283788370576353),
					EncodedState: (*big.Int)(<nil>),
					RedCard: (bool) false,
					InjuryMatchesLeft: (uint8) 0,
					Tiredness: (int) 0,
					CountryOfBirth: (string) "",
					Race: (string) ""
				}
			}),
			(*engine.Player)({
				Player: (storage.Player) {
					PlayerId: (*big.Int)(21342314523),
					PreferredPosition: (string) "",
					Potential: (uint64) 4,
					DayOfBirth: (uint64) 0,
					TeamId: (string) "",
					Name: (string) "",
					Defence: (uint64) 1076,
					Speed: (uint64) 802,
					Pass: (uint64) 761,
					Shoot: (uint64) 993,
					Endurance: (uint64) 1366,
					ShirtNumber: (uint8) 0,
					EncodedSkills: (*big.Int)(1696941893567521034211620565583286222110727941774283788370576353),
					EncodedState: (*big.Int)(<nil>),
					RedCard: (bool) false,
					InjuryMatchesLeft: (uint8) 0,
					Tiredness: (int) 0,
					CountryOfBirth: (string) "",
					Race: (string) ""
				}
			}),
			(*engine.Player)({
				Player: (storage.Player) {
					PlayerId: (*big.Int)(21342314523),
					PreferredPosition: (string) "",
					Potential: (uint64) 4,
					DayOfBirth: (uint64) 0,
					TeamId: (string) "",
					Name: (string) "",
					Defence: (uint64) 1076,
					Speed: (uint64) 802,
					Pass: (uint64) 761,
					Shoot: (uint64) 993,
					Endurance: (uint64) 1366,
					ShirtNumber: (uint8) 0,
					EncodedSkills: (*big.Int)(1696941893567521034211620565583286222110727941774283788370576353),
					EncodedState: (*big.Int)(<nil>),
					RedCard: (bool) false,
					InjuryMatchesLeft: (uint8) 0,
					Tiredness: (int) 0,
					CountryOfBirth: (string) "",
					Race: (string) ""
				}
			}),
			(*engine.Player)({
				Player: (storage.Player) {
					PlayerId: (*big.Int)(21342314523),
					PreferredPosition: (string) "",
					Potential: (uint64) 4,
					DayOfBirth: (uint64) 0,
					TeamId: (string) "",
					Name: (string) "",
					Defence: (uint64) 1076,
					Speed: (uint64) 802,
					Pass: (uint64) 761,
					Shoot: (uint64) 993,
					Endurance: (uint64) 1366,
					ShirtNumber: (uint8) 0,
					EncodedSkills: (*big.Int)(1696941893567521034211620565583286222110727941774283788370576353),
					EncodedState: (*big.Int)(<nil>),
					RedCard: (bool) false,
					InjuryMatchesLeft: (uint8) 0,
					Tiredness: (int) 0,
					CountryOfBirth: (string) "",
					Race: (string) ""
				}
			})
		},
		Training: (engine.Training) {
			Training: (storage.Training) {
				TeamID: (string) "",
				SpecialPlayerShirt: (int) -1,
				Goalkeepers: (storage.TrainingPerFieldPos) {
					Shoot: (int) 0,
					Speed: (int) 0,
					Pass: (int) 0,
					Defence: (int) 0,
					Endurance: (int) 0
				},
				Defenders: (storage.TrainingPerFieldPos) {
					Shoot: (int) 0,
					Speed: (int) 0,
					Pass: (int) 0,
					Defence: (int) 0,
					Endurance: (int) 0
				},
				Midfielders: (storage.TrainingPerFieldPos) {
					Shoot: (int) 0,
					Speed: (int) 0,
					Pass: (int) 0,
					Defence: (int) 0,
					Endurance: (int) 0
				},
				Attackers: (storage.TrainingPerFieldPos) {
					Shoot: (int) 0,
					Speed: (int) 0,
					Pass: (int) 0,
					Defence: (int) 0,
					Endurance: (int) 0
				},
				SpecialPlayer: (storage.TrainingPerFieldPos) {
					Shoot: (int) 0,
					Speed: (int) 0,
					Pass: (int) 0,
					Defence: (int) 0,
					Endurance: (int) 0
				}
			}
		}
	},
	Events: (matchevents.MatchEvents) (len=14 cap=14) {
		(matchevents.MatchEvent) {
			Minute: (int16) 2,
			Type: (int16) 0,
			Team: (int16) 1,
			ManagesToShoot: (bool) false,
			IsGoal: (bool) false,
			PrimaryPlayer: (int16) 8,
			SecondaryPlayer: (int16) -1,
			PrimaryPlayerID: (string) (len=11) "21342314523",
			SecondaryPlayerID: (string) ""
		},
		(matchevents.MatchEvent) {
			Minute: (int16) 5,
			Type: (int16) 0,
			Team: (int16) 0,
			ManagesToShoot: (bool) false,
			IsGoal: (bool) false,
			PrimaryPlayer: (int16) 7,
			SecondaryPlayer: (int16) -1,
			PrimaryPlayerID: (string) (len=11) "21342314523",
			SecondaryPlayerID: (string) ""
		},
		(matchevents.MatchEvent) {
			Minute: (int16) 8,
			Type: (int16) 0,
			Team: (int16) 0,
			ManagesToShoot: (bool) false,
			IsGoal: (bool) false,
			PrimaryPlayer: (int16) 6,
			SecondaryPlayer: (int16) -1,
			PrimaryPlayerID: (string) (len=11) "21342314523",
			SecondaryPlayerID: (string) ""
		},
		(matchevents.MatchEvent) {
			Minute: (int16) 15,
			Type: (int16) 0,
			Team: (int16) 0,
			ManagesToShoot: (bool) false,
			IsGoal: (bool) false,
			PrimaryPlayer: (int16) 5,
			SecondaryPlayer: (int16) -1,
			PrimaryPlayerID: (string) (len=11) "21342314523",
			SecondaryPlayerID: (string) ""
		},
		(matchevents.MatchEvent) {
			Minute: (int16) 18,
			Type: (int16) 0,
			Team: (int16) 0,
			ManagesToShoot: (bool) false,
			IsGoal: (bool) false,
			PrimaryPlayer: (int16) 3,
			SecondaryPlayer: (int16) -1,
			PrimaryPlayerID: (string) (len=11) "21342314523",
			SecondaryPlayerID: (string) ""
		},
		(matchevents.MatchEvent) {
			Minute: (int16) 21,
			Type: (int16) 0,
			Team: (int16) 0,
			ManagesToShoot: (bool) false,
			IsGoal: (bool) false,
			PrimaryPlayer: (int16) 11,
			SecondaryPlayer: (int16) -1,
			PrimaryPlayerID: (string) (len=11) "21342314523",
			SecondaryPlayerID: (string) ""
		},
		(matchevents.MatchEvent) {
			Minute: (int16) 24,
			Type: (int16) 0,
			Team: (int16) 1,
			ManagesToShoot: (bool) false,
			IsGoal: (bool) false,
			PrimaryPlayer: (int16) 10,
			SecondaryPlayer: (int16) -1,
			PrimaryPlayerID: (string) (len=11) "21342314523",
			SecondaryPlayerID: (string) ""
		},
		(matchevents.MatchEvent) {
			Minute: (int16) 31,
			Type: (int16) 0,
			Team: (int16) 1,
			ManagesToShoot: (bool) true,
			IsGoal: (bool) false,
			PrimaryPlayer: (int16) 12,
			SecondaryPlayer: (int16) 0,
			PrimaryPlayerID: (string) (len=11) "21342314523",
			SecondaryPlayerID: (string) (len=11) "21342314523"
		},
		(matchevents.MatchEvent) {
			Minute: (int16) 34,
			Type: (int16) 0,
			Team: (int16) 0,
			ManagesToShoot: (bool) false,
			IsGoal: (bool) false,
			PrimaryPlayer: (int16) 9,
			SecondaryPlayer: (int16) -1,
			PrimaryPlayerID: (string) (len=11) "21342314523",
			SecondaryPlayerID: (string) ""
		},
		(matchevents.MatchEvent) {
			Minute: (int16) 37,
			Type: (int16) 0,
			Team: (int16) 1,
			ManagesToShoot: (bool) false,
			IsGoal: (bool) false,
			PrimaryPlayer: (int16) 8,
			SecondaryPlayer: (int16) -1,
			PrimaryPlayerID: (string) (len=11) "21342314523",
			SecondaryPlayerID: (string) ""
		},
		(matchevents.MatchEvent) {
			Minute: (int16) 43,
			Type: (int16) 0,
			Team: (int16) 0,
			ManagesToShoot: (bool) true,
			IsGoal: (bool) false,
			PrimaryPlayer: (int16) 8,
			SecondaryPlayer: (int16) 0,
			PrimaryPlayerID: (string) (len=11) "21342314523",
			SecondaryPlayerID: (string) (len=11) "21342314523"
		},
		(matchevents.MatchEvent) {
			Minute: (int16) 44,
			Type: (int16) 0,
			Team: (int16) 1,
			ManagesToShoot: (bool) false,
			IsGoal: (bool) false,
			PrimaryPlayer: (int16) 8,
			SecondaryPlayer: (int16) -1,
			PrimaryPlayerID: (string) (len=11) "21342314523",
			SecondaryPlayerID: (string) ""
		},
		(matchevents.MatchEvent) {
			Minute: (int16) 34,
			Type: (int16) 2,
			Team: (int16) 0,
			ManagesToShoot: (bool) false,
			IsGoal: (bool) false,
			PrimaryPlayer: (int16) 10,
			SecondaryPlayer: (int16) -1,
			PrimaryPlayerID: (string) (len=11) "21342314523",
			SecondaryPlayerID: (string) ""
		},
		(matchevents.MatchEvent) {
			Minute: (int16) 4,
			Type: (int16) 1,
			Team: (int16) 0,
			ManagesToShoot: (bool) false,
			IsGoal: (bool) false,
			PrimaryPlayer: (int16) 10,
			SecondaryPlayer: (int16) -1,
			PrimaryPlayerID: (string) (len=11) "21342314523",
			SecondaryPlayerID: (string) ""
		}
	}
})
