(*v2.Match)({
	Match: (storage.Match) {
		TimezoneIdx: (uint8) 0,
		CountryIdx: (uint32) 0,
		LeagueIdx: (uint32) 0,
		MatchDayIdx: (uint8) 0,
		MatchIdx: (uint8) 0,
		HomeTeamID: (*big.Int)(<nil>),
		VisitorTeamID: (*big.Int)(<nil>),
		Seed: ([32]uint8) (len=32 cap=32) {
			00000000  4a 44 dc 15 36 42 04 a8  0f e8 0e 90 39 45 5c c1  |JD..6B......9E\.|
			00000010  60 82 81 82 0f e2 b2 4f  1e 52 33 ad e6 af 1d d5  |`......O.R3.....|
		},
		HomeGoals: (uint8) 0,
		VisitorGoals: (uint8) 0,
		HomeTeamSumSkills: (uint32) 0,
		VisitorTeamSumSkills: (uint32) 0,
		State: (storage.MatchState) (len=5) "begin",
		StateExtra: (string) "",
		StartEpoch: (int64) 0
	},
	StartTime: (*big.Int)(1790899200),
	HomeTeam: (v2.Team) {
		Team: (storage.Team) {
			TeamID: (string) (len=12) "274877906944",
			TimezoneIdx: (uint8) 0,
			CountryIdx: (uint32) 0,
			Name: (string) "",
			ManagerName: (string) "",
			Owner: (string) (len=5) "0x433",
			LeagueIdx: (uint32) 0,
			LeaderboardPosition: (int) 0,
			TeamIdxInLeague: (uint32) 0,
			Points: (uint32) 0,
			W: (uint32) 0,
			D: (uint32) 0,
			L: (uint32) 0,
			GoalsForward: (uint32) 0,
			GoalsAgainst: (uint32) 0,
			PrevPerfPoints: (uint64) 0,
			RankingPoints: (uint64) 0,
			TrainingPoints: (uint16) 0,
			Tactic: (string) (len=33) "340596594427581673436941882753025",
			MatchLog: (string) (len=1) "0"
		},
		Players: ([25]*v2.Player) (len=25 cap=25) {
			(*v2.Player)({
				Player: (storage.Player) {
					PlayerId: (*big.Int)(21342314523),
					PreferredPosition: (string) "",
					Potential: (uint64) 0,
					DayOfBirth: (uint64) 0,
					TeamId: (string) "",
					Name: (string) "",
					Defence: (uint64) 23264,
					Speed: (uint64) 213047,
					Pass: (uint64) 244484,
					Shoot: (uint64) 590447,
					Endurance: (uint64) 17013,
					ShirtNumber: (uint8) 0,
					EncodedSkills: (*big.Int)(14606248079918261338806855269144928920528183545627247),
					EncodedState: (*big.Int)(<nil>),
					RedCard: (bool) true,
					InjuryMatchesLeft: (uint8) 0,
					Tiredness: (int) 0,
					CountryOfBirth: (string) "",
					Race: (string) "",
					YellowCard1stHalf: (bool) false
				}
			}),
			(*v2.Player)({
				Player: (storage.Player) {
					PlayerId: (*big.Int)(21342314523),
					PreferredPosition: (string) "",
					Potential: (uint64) 0,
					DayOfBirth: (uint64) 0,
					TeamId: (string) "",
					Name: (string) "",
					Defence: (uint64) 23264,
					Speed: (uint64) 213047,
					Pass: (uint64) 244484,
					Shoot: (uint64) 590447,
					Endurance: (uint64) 17013,
					ShirtNumber: (uint8) 0,
					EncodedSkills: (*big.Int)(14606248079918261338806855269144928920528183545627247),
					EncodedState: (*big.Int)(<nil>),
					RedCard: (bool) true,
					InjuryMatchesLeft: (uint8) 0,
					Tiredness: (int) 0,
					CountryOfBirth: (string) "",
					Race: (string) "",
					YellowCard1stHalf: (bool) false
				}
			}),
			(*v2.Player)({
				Player: (storage.Player) {
					PlayerId: (*big.Int)(21342314523),
					PreferredPosition: (string) "",
					Potential: (uint64) 0,
					DayOfBirth: (uint64) 0,
					TeamId: (string) "",
					Name: (string) "",
					Defence: (uint64) 23264,
					Speed: (uint64) 213047,
					Pass: (uint64) 244484,
					Shoot: (uint64) 590447,
					Endurance: (uint64) 17013,
					ShirtNumber: (uint8) 0,
					EncodedSkills: (*big.Int)(14606248079918261338806855269144928920528183545627247),
					EncodedState: (*big.Int)(<nil>),
					RedCard: (bool) true,
					InjuryMatchesLeft: (uint8) 0,
					Tiredness: (int) 0,
					CountryOfBirth: (string) "",
					Race: (string) "",
					YellowCard1stHalf: (bool) false
				}
			}),
			(*v2.Player)({
				Player: (storage.Player) {
					PlayerId: (*big.Int)(21342314523),
					PreferredPosition: (string) "",
					Potential: (uint64) 0,
					DayOfBirth: (uint64) 0,
					TeamId: (string) "",
					Name: (string) "",
					Defence: (uint64) 23264,
					Speed: (uint64) 213047,
					Pass: (uint64) 244484,
					Shoot: (uint64) 590447,
					Endurance: (uint64) 17013,
					ShirtNumber: (uint8) 0,
					EncodedSkills: (*big.Int)(14606248079918261338806855269144928920528183545627247),
					EncodedState: (*big.Int)(<nil>),
					RedCard: (bool) true,
					InjuryMatchesLeft: (uint8) 0,
					Tiredness: (int) 0,
					CountryOfBirth: (string) "",
					Race: (string) "",
					YellowCard1stHalf: (bool) false
				}
			}),
			(*v2.Player)({
				Player: (storage.Player) {
					PlayerId: (*big.Int)(21342314523),
					PreferredPosition: (string) "",
					Potential: (uint64) 0,
					DayOfBirth: (uint64) 0,
					TeamId: (string) "",
					Name: (string) "",
					Defence: (uint64) 23264,
					Speed: (uint64) 213047,
					Pass: (uint64) 244484,
					Shoot: (uint64) 590447,
					Endurance: (uint64) 17013,
					ShirtNumber: (uint8) 0,
					EncodedSkills: (*big.Int)(14606248079918261338806855269144928920528183545627247),
					EncodedState: (*big.Int)(<nil>),
					RedCard: (bool) true,
					InjuryMatchesLeft: (uint8) 0,
					Tiredness: (int) 0,
					CountryOfBirth: (string) "",
					Race: (string) "",
					YellowCard1stHalf: (bool) false
				}
			}),
			(*v2.Player)({
				Player: (storage.Player) {
					PlayerId: (*big.Int)(21342314523),
					PreferredPosition: (string) "",
					Potential: (uint64) 0,
					DayOfBirth: (uint64) 0,
					TeamId: (string) "",
					Name: (string) "",
					Defence: (uint64) 23264,
					Speed: (uint64) 213047,
					Pass: (uint64) 244484,
					Shoot: (uint64) 590447,
					Endurance: (uint64) 17013,
					ShirtNumber: (uint8) 0,
					EncodedSkills: (*big.Int)(14606248079918261338806855269144928920528183545627247),
					EncodedState: (*big.Int)(<nil>),
					RedCard: (bool) true,
					InjuryMatchesLeft: (uint8) 0,
					Tiredness: (int) 0,
					CountryOfBirth: (string) "",
					Race: (string) "",
					YellowCard1stHalf: (bool) false
				}
			}),
			(*v2.Player)({
				Player: (storage.Player) {
					PlayerId: (*big.Int)(21342314523),
					PreferredPosition: (string) "",
					Potential: (uint64) 0,
					DayOfBirth: (uint64) 0,
					TeamId: (string) "",
					Name: (string) "",
					Defence: (uint64) 23264,
					Speed: (uint64) 213047,
					Pass: (uint64) 244484,
					Shoot: (uint64) 590447,
					Endurance: (uint64) 17013,
					ShirtNumber: (uint8) 0,
					EncodedSkills: (*big.Int)(14606248079918261338806855269144928920528183545627247),
					EncodedState: (*big.Int)(<nil>),
					RedCard: (bool) true,
					InjuryMatchesLeft: (uint8) 0,
					Tiredness: (int) 0,
					CountryOfBirth: (string) "",
					Race: (string) "",
					YellowCard1stHalf: (bool) false
				}
			}),
			(*v2.Player)({
				Player: (storage.Player) {
					PlayerId: (*big.Int)(21342314523),
					PreferredPosition: (string) "",
					Potential: (uint64) 0,
					DayOfBirth: (uint64) 0,
					TeamId: (string) "",
					Name: (string) "",
					Defence: (uint64) 23264,
					Speed: (uint64) 213047,
					Pass: (uint64) 244484,
					Shoot: (uint64) 590447,
					Endurance: (uint64) 17013,
					ShirtNumber: (uint8) 0,
					EncodedSkills: (*big.Int)(14606248079918261338806855269144928920528183545627247),
					EncodedState: (*big.Int)(<nil>),
					RedCard: (bool) true,
					InjuryMatchesLeft: (uint8) 0,
					Tiredness: (int) 0,
					CountryOfBirth: (string) "",
					Race: (string) "",
					YellowCard1stHalf: (bool) false
				}
			}),
			(*v2.Player)({
				Player: (storage.Player) {
					PlayerId: (*big.Int)(21342314523),
					PreferredPosition: (string) "",
					Potential: (uint64) 0,
					DayOfBirth: (uint64) 0,
					TeamId: (string) "",
					Name: (string) "",
					Defence: (uint64) 23264,
					Speed: (uint64) 213047,
					Pass: (uint64) 244484,
					Shoot: (uint64) 590447,
					Endurance: (uint64) 17013,
					ShirtNumber: (uint8) 0,
					EncodedSkills: (*big.Int)(14606248079918261338806855269144928920528183545627247),
					EncodedState: (*big.Int)(<nil>),
					RedCard: (bool) true,
					InjuryMatchesLeft: (uint8) 0,
					Tiredness: (int) 0,
					CountryOfBirth: (string) "",
					Race: (string) "",
					YellowCard1stHalf: (bool) false
				}
			}),
			(*v2.Player)({
				Player: (storage.Player) {
					PlayerId: (*big.Int)(21342314523),
					PreferredPosition: (string) "",
					Potential: (uint64) 0,
					DayOfBirth: (uint64) 0,
					TeamId: (string) "",
					Name: (string) "",
					Defence: (uint64) 23264,
					Speed: (uint64) 213047,
					Pass: (uint64) 244484,
					Shoot: (uint64) 590447,
					Endurance: (uint64) 17013,
					ShirtNumber: (uint8) 0,
					EncodedSkills: (*big.Int)(14606248079918261338806855269144928920528183545627247),
					EncodedState: (*big.Int)(<nil>),
					RedCard: (bool) true,
					InjuryMatchesLeft: (uint8) 0,
					Tiredness: (int) 0,
					CountryOfBirth: (string) "",
					Race: (string) "",
					YellowCard1stHalf: (bool) false
				}
			}),
			(*v2.Player)({
				Player: (storage.Player) {
					PlayerId: (*big.Int)(21342314523),
					PreferredPosition: (string) "",
					Potential: (uint64) 0,
					DayOfBirth: (uint64) 0,
					TeamId: (string) "",
					Name: (string) "",
					Defence: (uint64) 23264,
					Speed: (uint64) 213047,
					Pass: (uint64) 244484,
					Shoot: (uint64) 590447,
					Endurance: (uint64) 17013,
					ShirtNumber: (uint8) 0,
					EncodedSkills: (*big.Int)(14606248079918261338806855269144928920528183545627247),
					EncodedState: (*big.Int)(<nil>),
					RedCard: (bool) true,
					InjuryMatchesLeft: (uint8) 0,
					Tiredness: (int) 0,
					CountryOfBirth: (string) "",
					Race: (string) "",
					YellowCard1stHalf: (bool) false
				}
			}),
			(*v2.Player)({
				Player: (storage.Player) {
					PlayerId: (*big.Int)(21342314523),
					PreferredPosition: (string) "",
					Potential: (uint64) 0,
					DayOfBirth: (uint64) 0,
					TeamId: (string) "",
					Name: (string) "",
					Defence: (uint64) 23264,
					Speed: (uint64) 213047,
					Pass: (uint64) 244484,
					Shoot: (uint64) 590447,
					Endurance: (uint64) 17013,
					ShirtNumber: (uint8) 0,
					EncodedSkills: (*big.Int)(14606248079918261338806855269144928920528183545627247),
					EncodedState: (*big.Int)(<nil>),
					RedCard: (bool) true,
					InjuryMatchesLeft: (uint8) 0,
					Tiredness: (int) 0,
					CountryOfBirth: (string) "",
					Race: (string) "",
					YellowCard1stHalf: (bool) false
				}
			}),
			(*v2.Player)({
				Player: (storage.Player) {
					PlayerId: (*big.Int)(21342314523),
					PreferredPosition: (string) "",
					Potential: (uint64) 0,
					DayOfBirth: (uint64) 0,
					TeamId: (string) "",
					Name: (string) "",
					Defence: (uint64) 23264,
					Speed: (uint64) 213047,
					Pass: (uint64) 244484,
					Shoot: (uint64) 590447,
					Endurance: (uint64) 17013,
					ShirtNumber: (uint8) 0,
					EncodedSkills: (*big.Int)(14606248079918261338806855269144928920528183545627247),
					EncodedState: (*big.Int)(<nil>),
					RedCard: (bool) true,
					InjuryMatchesLeft: (uint8) 0,
					Tiredness: (int) 0,
					CountryOfBirth: (string) "",
					Race: (string) "",
					YellowCard1stHalf: (bool) false
				}
			}),
			(*v2.Player)({
				Player: (storage.Player) {
					PlayerId: (*big.Int)(21342314523),
					PreferredPosition: (string) "",
					Potential: (uint64) 0,
					DayOfBirth: (uint64) 0,
					TeamId: (string) "",
					Name: (string) "",
					Defence: (uint64) 23264,
					Speed: (uint64) 213047,
					Pass: (uint64) 244484,
					Shoot: (uint64) 590447,
					Endurance: (uint64) 17013,
					ShirtNumber: (uint8) 0,
					EncodedSkills: (*big.Int)(14606248079918261338806855269144928920528183545627247),
					EncodedState: (*big.Int)(<nil>),
					RedCard: (bool) true,
					InjuryMatchesLeft: (uint8) 0,
					Tiredness: (int) 0,
					CountryOfBirth: (string) "",
					Race: (string) "",
					YellowCard1stHalf: (bool) false
				}
			}),
			(*v2.Player)({
				Player: (storage.Player) {
					PlayerId: (*big.Int)(21342314523),
					PreferredPosition: (string) "",
					Potential: (uint64) 0,
					DayOfBirth: (uint64) 0,
					TeamId: (string) "",
					Name: (string) "",
					Defence: (uint64) 23264,
					Speed: (uint64) 213047,
					Pass: (uint64) 244484,
					Shoot: (uint64) 590447,
					Endurance: (uint64) 17013,
					ShirtNumber: (uint8) 0,
					EncodedSkills: (*big.Int)(14606248079918261338806855269144928920528183545627247),
					EncodedState: (*big.Int)(<nil>),
					RedCard: (bool) true,
					InjuryMatchesLeft: (uint8) 0,
					Tiredness: (int) 0,
					CountryOfBirth: (string) "",
					Race: (string) "",
					YellowCard1stHalf: (bool) false
				}
			}),
			(*v2.Player)({
				Player: (storage.Player) {
					PlayerId: (*big.Int)(21342314523),
					PreferredPosition: (string) "",
					Potential: (uint64) 0,
					DayOfBirth: (uint64) 0,
					TeamId: (string) "",
					Name: (string) "",
					Defence: (uint64) 23264,
					Speed: (uint64) 213047,
					Pass: (uint64) 244484,
					Shoot: (uint64) 590447,
					Endurance: (uint64) 17013,
					ShirtNumber: (uint8) 0,
					EncodedSkills: (*big.Int)(14606248079918261338806855269144928920528183545627247),
					EncodedState: (*big.Int)(<nil>),
					RedCard: (bool) true,
					InjuryMatchesLeft: (uint8) 0,
					Tiredness: (int) 0,
					CountryOfBirth: (string) "",
					Race: (string) "",
					YellowCard1stHalf: (bool) false
				}
			}),
			(*v2.Player)({
				Player: (storage.Player) {
					PlayerId: (*big.Int)(21342314523),
					PreferredPosition: (string) "",
					Potential: (uint64) 0,
					DayOfBirth: (uint64) 0,
					TeamId: (string) "",
					Name: (string) "",
					Defence: (uint64) 23264,
					Speed: (uint64) 213047,
					Pass: (uint64) 244484,
					Shoot: (uint64) 590447,
					Endurance: (uint64) 17013,
					ShirtNumber: (uint8) 0,
					EncodedSkills: (*big.Int)(14606248079918261338806855269144928920528183545627247),
					EncodedState: (*big.Int)(<nil>),
					RedCard: (bool) true,
					InjuryMatchesLeft: (uint8) 0,
					Tiredness: (int) 0,
					CountryOfBirth: (string) "",
					Race: (string) "",
					YellowCard1stHalf: (bool) false
				}
			}),
			(*v2.Player)({
				Player: (storage.Player) {
					PlayerId: (*big.Int)(21342314523),
					PreferredPosition: (string) "",
					Potential: (uint64) 0,
					DayOfBirth: (uint64) 0,
					TeamId: (string) "",
					Name: (string) "",
					Defence: (uint64) 23264,
					Speed: (uint64) 213047,
					Pass: (uint64) 244484,
					Shoot: (uint64) 590447,
					Endurance: (uint64) 17013,
					ShirtNumber: (uint8) 0,
					EncodedSkills: (*big.Int)(14606248079918261338806855269144928920528183545627247),
					EncodedState: (*big.Int)(<nil>),
					RedCard: (bool) true,
					InjuryMatchesLeft: (uint8) 0,
					Tiredness: (int) 0,
					CountryOfBirth: (string) "",
					Race: (string) "",
					YellowCard1stHalf: (bool) false
				}
			}),
			(*v2.Player)({
				Player: (storage.Player) {
					PlayerId: (*big.Int)(21342314523),
					PreferredPosition: (string) "",
					Potential: (uint64) 0,
					DayOfBirth: (uint64) 0,
					TeamId: (string) "",
					Name: (string) "",
					Defence: (uint64) 23264,
					Speed: (uint64) 213047,
					Pass: (uint64) 244484,
					Shoot: (uint64) 590447,
					Endurance: (uint64) 17013,
					ShirtNumber: (uint8) 0,
					EncodedSkills: (*big.Int)(14606248079918261338806855269144928920528183545627247),
					EncodedState: (*big.Int)(<nil>),
					RedCard: (bool) true,
					InjuryMatchesLeft: (uint8) 0,
					Tiredness: (int) 0,
					CountryOfBirth: (string) "",
					Race: (string) "",
					YellowCard1stHalf: (bool) false
				}
			}),
			(*v2.Player)({
				Player: (storage.Player) {
					PlayerId: (*big.Int)(21342314523),
					PreferredPosition: (string) "",
					Potential: (uint64) 0,
					DayOfBirth: (uint64) 0,
					TeamId: (string) "",
					Name: (string) "",
					Defence: (uint64) 23264,
					Speed: (uint64) 213047,
					Pass: (uint64) 244484,
					Shoot: (uint64) 590447,
					Endurance: (uint64) 17013,
					ShirtNumber: (uint8) 0,
					EncodedSkills: (*big.Int)(14606248079918261338806855269144928920528183545627247),
					EncodedState: (*big.Int)(<nil>),
					RedCard: (bool) true,
					InjuryMatchesLeft: (uint8) 0,
					Tiredness: (int) 0,
					CountryOfBirth: (string) "",
					Race: (string) "",
					YellowCard1stHalf: (bool) false
				}
			}),
			(*v2.Player)({
				Player: (storage.Player) {
					PlayerId: (*big.Int)(21342314523),
					PreferredPosition: (string) "",
					Potential: (uint64) 0,
					DayOfBirth: (uint64) 0,
					TeamId: (string) "",
					Name: (string) "",
					Defence: (uint64) 23264,
					Speed: (uint64) 213047,
					Pass: (uint64) 244484,
					Shoot: (uint64) 590447,
					Endurance: (uint64) 17013,
					ShirtNumber: (uint8) 0,
					EncodedSkills: (*big.Int)(14606248079918261338806855269144928920528183545627247),
					EncodedState: (*big.Int)(<nil>),
					RedCard: (bool) true,
					InjuryMatchesLeft: (uint8) 0,
					Tiredness: (int) 0,
					CountryOfBirth: (string) "",
					Race: (string) "",
					YellowCard1stHalf: (bool) false
				}
			}),
			(*v2.Player)({
				Player: (storage.Player) {
					PlayerId: (*big.Int)(21342314523),
					PreferredPosition: (string) "",
					Potential: (uint64) 0,
					DayOfBirth: (uint64) 0,
					TeamId: (string) "",
					Name: (string) "",
					Defence: (uint64) 23264,
					Speed: (uint64) 213047,
					Pass: (uint64) 244484,
					Shoot: (uint64) 590447,
					Endurance: (uint64) 17013,
					ShirtNumber: (uint8) 0,
					EncodedSkills: (*big.Int)(14606248079918261338806855269144928920528183545627247),
					EncodedState: (*big.Int)(<nil>),
					RedCard: (bool) true,
					InjuryMatchesLeft: (uint8) 0,
					Tiredness: (int) 0,
					CountryOfBirth: (string) "",
					Race: (string) "",
					YellowCard1stHalf: (bool) false
				}
			}),
			(*v2.Player)({
				Player: (storage.Player) {
					PlayerId: (*big.Int)(21342314523),
					PreferredPosition: (string) "",
					Potential: (uint64) 0,
					DayOfBirth: (uint64) 0,
					TeamId: (string) "",
					Name: (string) "",
					Defence: (uint64) 23264,
					Speed: (uint64) 213047,
					Pass: (uint64) 244484,
					Shoot: (uint64) 590447,
					Endurance: (uint64) 17013,
					ShirtNumber: (uint8) 0,
					EncodedSkills: (*big.Int)(14606248079918261338806855269144928920528183545627247),
					EncodedState: (*big.Int)(<nil>),
					RedCard: (bool) true,
					InjuryMatchesLeft: (uint8) 0,
					Tiredness: (int) 0,
					CountryOfBirth: (string) "",
					Race: (string) "",
					YellowCard1stHalf: (bool) false
				}
			}),
			(*v2.Player)({
				Player: (storage.Player) {
					PlayerId: (*big.Int)(21342314523),
					PreferredPosition: (string) "",
					Potential: (uint64) 0,
					DayOfBirth: (uint64) 0,
					TeamId: (string) "",
					Name: (string) "",
					Defence: (uint64) 23264,
					Speed: (uint64) 213047,
					Pass: (uint64) 244484,
					Shoot: (uint64) 590447,
					Endurance: (uint64) 17013,
					ShirtNumber: (uint8) 0,
					EncodedSkills: (*big.Int)(14606248079918261338806855269144928920528183545627247),
					EncodedState: (*big.Int)(<nil>),
					RedCard: (bool) true,
					InjuryMatchesLeft: (uint8) 0,
					Tiredness: (int) 0,
					CountryOfBirth: (string) "",
					Race: (string) "",
					YellowCard1stHalf: (bool) false
				}
			}),
			(*v2.Player)({
				Player: (storage.Player) {
					PlayerId: (*big.Int)(21342314523),
					PreferredPosition: (string) "",
					Potential: (uint64) 0,
					DayOfBirth: (uint64) 0,
					TeamId: (string) "",
					Name: (string) "",
					Defence: (uint64) 23264,
					Speed: (uint64) 213047,
					Pass: (uint64) 244484,
					Shoot: (uint64) 590447,
					Endurance: (uint64) 17013,
					ShirtNumber: (uint8) 0,
					EncodedSkills: (*big.Int)(14606248079918261338806855269144928920528183545627247),
					EncodedState: (*big.Int)(<nil>),
					RedCard: (bool) true,
					InjuryMatchesLeft: (uint8) 0,
					Tiredness: (int) 0,
					CountryOfBirth: (string) "",
					Race: (string) "",
					YellowCard1stHalf: (bool) false
				}
			})
		},
		Training: (v2.Training) {
			Training: (storage.Training) {
				TeamID: (string) "",
				SpecialPlayerShirt: (int) -1,
				Goalkeepers: (storage.TrainingPerFieldPos) {
					Shoot: (int) 0,
					Speed: (int) 0,
					Pass: (int) 0,
					Defence: (int) 0,
					Endurance: (int) 0
				},
				Defenders: (storage.TrainingPerFieldPos) {
					Shoot: (int) 0,
					Speed: (int) 0,
					Pass: (int) 0,
					Defence: (int) 0,
					Endurance: (int) 0
				},
				Midfielders: (storage.TrainingPerFieldPos) {
					Shoot: (int) 0,
					Speed: (int) 0,
					Pass: (int) 0,
					Defence: (int) 0,
					Endurance: (int) 0
				},
				Attackers: (storage.TrainingPerFieldPos) {
					Shoot: (int) 0,
					Speed: (int) 0,
					Pass: (int) 0,
					Defence: (int) 0,
					Endurance: (int) 0
				},
				SpecialPlayer: (storage.TrainingPerFieldPos) {
					Shoot: (int) 0,
					Speed: (int) 0,
					Pass: (int) 0,
					Defence: (int) 0,
					Endurance: (int) 0
				}
			}
		}
	},
	VisitorTeam: (v2.Team) {
		Team: (storage.Team) {
			TeamID: (string) (len=12) "274877906945",
			TimezoneIdx: (uint8) 0,
			CountryIdx: (uint32) 0,
			Name: (string) "",
			ManagerName: (string) "",
			Owner: (string) (len=5) "0x433",
			LeagueIdx: (uint32) 0,
			LeaderboardPosition: (int) 0,
			TeamIdxInLeague: (uint32) 0,
			Points: (uint32) 0,
			W: (uint32) 0,
			D: (uint32) 0,
			L: (uint32) 0,
			GoalsForward: (uint32) 0,
			GoalsAgainst: (uint32) 0,
			PrevPerfPoints: (uint64) 0,
			RankingPoints: (uint64) 0,
			TrainingPoints: (uint16) 0,
			Tactic: (string) (len=33) "340596594427581673436941882753025",
			MatchLog: (string) (len=1) "0"
		},
		Players: ([25]*v2.Player) (len=25 cap=25) {
			(*v2.Player)({
				Player: (storage.Player) {
					PlayerId: (*big.Int)(21342314523),
					PreferredPosition: (string) "",
					Potential: (uint64) 3,
					DayOfBirth: (uint64) 0,
					TeamId: (string) "",
					Name: (string) "",
					Defence: (uint64) 1000,
					Speed: (uint64) 1000,
					Pass: (uint64) 1000,
					Shoot: (uint64) 1000,
					Endurance: (uint64) 1000,
					ShirtNumber: (uint8) 0,
					EncodedSkills: (*big.Int)(15324955408660339766675662613581148386300673993530595607528),
					EncodedState: (*big.Int)(<nil>),
					RedCard: (bool) false,
					InjuryMatchesLeft: (uint8) 0,
					Tiredness: (int) 0,
					CountryOfBirth: (string) "",
					Race: (string) "",
					YellowCard1stHalf: (bool) false
				}
			}),
			(*v2.Player)({
				Player: (storage.Player) {
					PlayerId: (*big.Int)(21342314523),
					PreferredPosition: (string) "",
					Potential: (uint64) 3,
					DayOfBirth: (uint64) 0,
					TeamId: (string) "",
					Name: (string) "",
					Defence: (uint64) 1000,
					Speed: (uint64) 1000,
					Pass: (uint64) 1000,
					Shoot: (uint64) 1000,
					Endurance: (uint64) 1000,
					ShirtNumber: (uint8) 0,
					EncodedSkills: (*big.Int)(15324955408660339766675662613581148386300673993530595607528),
					EncodedState: (*big.Int)(<nil>),
					RedCard: (bool) false,
					InjuryMatchesLeft: (uint8) 0,
					Tiredness: (int) 0,
					CountryOfBirth: (string) "",
					Race: (string) "",
					YellowCard1stHalf: (bool) false
				}
			}),
			(*v2.Player)({
				Player: (storage.Player) {
					PlayerId: (*big.Int)(21342314523),
					PreferredPosition: (string) "",
					Potential: (uint64) 3,
					DayOfBirth: (uint64) 0,
					TeamId: (string) "",
					Name: (string) "",
					Defence: (uint64) 1000,
					Speed: (uint64) 1000,
					Pass: (uint64) 1000,
					Shoot: (uint64) 1000,
					Endurance: (uint64) 1000,
					ShirtNumber: (uint8) 0,
					EncodedSkills: (*big.Int)(15324955408660339766675662613581148386300673993530595607528),
					EncodedState: (*big.Int)(<nil>),
					RedCard: (bool) false,
					InjuryMatchesLeft: (uint8) 0,
					Tiredness: (int) 0,
					CountryOfBirth: (string) "",
					Race: (string) "",
					YellowCard1stHalf: (bool) false
				}
			}),
			(*v2.Player)({
				Player: (storage.Player) {
					PlayerId: (*big.Int)(21342314523),
					PreferredPosition: (string) "",
					Potential: (uint64) 3,
					DayOfBirth: (uint64) 0,
					TeamId: (string) "",
					Name: (string) "",
					Defence: (uint64) 1000,
					Speed: (uint64) 1000,
					Pass: (uint64) 1000,
					Shoot: (uint64) 1000,
					Endurance: (uint64) 1000,
					ShirtNumber: (uint8) 0,
					EncodedSkills: (*big.Int)(15324955408660339766675662613581148386300673993530595607528),
					EncodedState: (*big.Int)(<nil>),
					RedCard: (bool) false,
					InjuryMatchesLeft: (uint8) 0,
					Tiredness: (int) 0,
					CountryOfBirth: (string) "",
					Race: (string) "",
					YellowCard1stHalf: (bool) false
				}
			}),
			(*v2.Player)({
				Player: (storage.Player) {
					PlayerId: (*big.Int)(21342314523),
					PreferredPosition: (string) "",
					Potential: (uint64) 3,
					DayOfBirth: (uint64) 0,
					TeamId: (string) "",
					Name: (string) "",
					Defence: (uint64) 1000,
					Speed: (uint64) 1000,
					Pass: (uint64) 1000,
					Shoot: (uint64) 1000,
					Endurance: (uint64) 1000,
					ShirtNumber: (uint8) 0,
					EncodedSkills: (*big.Int)(15324955408660339766675662613581148386300673993530595607528),
					EncodedState: (*big.Int)(<nil>),
					RedCard: (bool) false,
					InjuryMatchesLeft: (uint8) 0,
					Tiredness: (int) 0,
					CountryOfBirth: (string) "",
					Race: (string) "",
					YellowCard1stHalf: (bool) false
				}
			}),
			(*v2.Player)({
				Player: (storage.Player) {
					PlayerId: (*big.Int)(21342314523),
					PreferredPosition: (string) "",
					Potential: (uint64) 3,
					DayOfBirth: (uint64) 0,
					TeamId: (string) "",
					Name: (string) "",
					Defence: (uint64) 1000,
					Speed: (uint64) 1000,
					Pass: (uint64) 1000,
					Shoot: (uint64) 1000,
					Endurance: (uint64) 1000,
					ShirtNumber: (uint8) 0,
					EncodedSkills: (*big.Int)(15324955408660339766675662613581148386300673993530595607528),
					EncodedState: (*big.Int)(<nil>),
					RedCard: (bool) false,
					InjuryMatchesLeft: (uint8) 0,
					Tiredness: (int) 0,
					CountryOfBirth: (string) "",
					Race: (string) "",
					YellowCard1stHalf: (bool) false
				}
			}),
			(*v2.Player)({
				Player: (storage.Player) {
					PlayerId: (*big.Int)(21342314523),
					PreferredPosition: (string) "",
					Potential: (uint64) 3,
					DayOfBirth: (uint64) 0,
					TeamId: (string) "",
					Name: (string) "",
					Defence: (uint64) 1000,
					Speed: (uint64) 1000,
					Pass: (uint64) 1000,
					Shoot: (uint64) 1000,
					Endurance: (uint64) 1000,
					ShirtNumber: (uint8) 0,
					EncodedSkills: (*big.Int)(15324955408660339766675662613581148386300673993530595607528),
					EncodedState: (*big.Int)(<nil>),
					RedCard: (bool) false,
					InjuryMatchesLeft: (uint8) 0,
					Tiredness: (int) 0,
					CountryOfBirth: (string) "",
					Race: (string) "",
					YellowCard1stHalf: (bool) false
				}
			}),
			(*v2.Player)({
				Player: (storage.Player) {
					PlayerId: (*big.Int)(21342314523),
					PreferredPosition: (string) "",
					Potential: (uint64) 3,
					DayOfBirth: (uint64) 0,
					TeamId: (string) "",
					Name: (string) "",
					Defence: (uint64) 1000,
					Speed: (uint64) 1000,
					Pass: (uint64) 1000,
					Shoot: (uint64) 1000,
					Endurance: (uint64) 1000,
					ShirtNumber: (uint8) 0,
					EncodedSkills: (*big.Int)(15324955408660339766675662613581148386300673993530595607528),
					EncodedState: (*big.Int)(<nil>),
					RedCard: (bool) false,
					InjuryMatchesLeft: (uint8) 0,
					Tiredness: (int) 0,
					CountryOfBirth: (string) "",
					Race: (string) "",
					YellowCard1stHalf: (bool) false
				}
			}),
			(*v2.Player)({
				Player: (storage.Player) {
					PlayerId: (*big.Int)(21342314523),
					PreferredPosition: (string) "",
					Potential: (uint64) 3,
					DayOfBirth: (uint64) 0,
					TeamId: (string) "",
					Name: (string) "",
					Defence: (uint64) 1000,
					Speed: (uint64) 1000,
					Pass: (uint64) 1000,
					Shoot: (uint64) 1000,
					Endurance: (uint64) 1000,
					ShirtNumber: (uint8) 0,
					EncodedSkills: (*big.Int)(15324955408660339766675662613581148386300673993530595607528),
					EncodedState: (*big.Int)(<nil>),
					RedCard: (bool) false,
					InjuryMatchesLeft: (uint8) 0,
					Tiredness: (int) 0,
					CountryOfBirth: (string) "",
					Race: (string) "",
					YellowCard1stHalf: (bool) false
				}
			}),
			(*v2.Player)({
				Player: (storage.Player) {
					PlayerId: (*big.Int)(21342314523),
					PreferredPosition: (string) "",
					Potential: (uint64) 3,
					DayOfBirth: (uint64) 0,
					TeamId: (string) "",
					Name: (string) "",
					Defence: (uint64) 1000,
					Speed: (uint64) 1000,
					Pass: (uint64) 1000,
					Shoot: (uint64) 1000,
					Endurance: (uint64) 1000,
					ShirtNumber: (uint8) 0,
					EncodedSkills: (*big.Int)(15324955408660339766675662613581148386300673993530595607528),
					EncodedState: (*big.Int)(<nil>),
					RedCard: (bool) false,
					InjuryMatchesLeft: (uint8) 0,
					Tiredness: (int) 0,
					CountryOfBirth: (string) "",
					Race: (string) "",
					YellowCard1stHalf: (bool) false
				}
			}),
			(*v2.Player)({
				Player: (storage.Player) {
					PlayerId: (*big.Int)(21342314523),
					PreferredPosition: (string) "",
					Potential: (uint64) 3,
					DayOfBirth: (uint64) 0,
					TeamId: (string) "",
					Name: (string) "",
					Defence: (uint64) 1000,
					Speed: (uint64) 1000,
					Pass: (uint64) 1000,
					Shoot: (uint64) 1000,
					Endurance: (uint64) 1000,
					ShirtNumber: (uint8) 0,
					EncodedSkills: (*big.Int)(15324955408660339766675662613581148386300673993530595607528),
					EncodedState: (*big.Int)(<nil>),
					RedCard: (bool) false,
					InjuryMatchesLeft: (uint8) 0,
					Tiredness: (int) 0,
					CountryOfBirth: (string) "",
					Race: (string) "",
					YellowCard1stHalf: (bool) false
				}
			}),
			(*v2.Player)({
				Player: (storage.Player) {
					PlayerId: (*big.Int)(21342314523),
					PreferredPosition: (string) "",
					Potential: (uint64) 3,
					DayOfBirth: (uint64) 0,
					TeamId: (string) "",
					Name: (string) "",
					Defence: (uint64) 1000,
					Speed: (uint64) 1000,
					Pass: (uint64) 1000,
					Shoot: (uint64) 1000,
					Endurance: (uint64) 1000,
					ShirtNumber: (uint8) 0,
					EncodedSkills: (*big.Int)(15324955408660339766675662613581148386300673993530595607528),
					EncodedState: (*big.Int)(<nil>),
					RedCard: (bool) false,
					InjuryMatchesLeft: (uint8) 0,
					Tiredness: (int) 0,
					CountryOfBirth: (string) "",
					Race: (string) "",
					YellowCard1stHalf: (bool) false
				}
			}),
			(*v2.Player)({
				Player: (storage.Player) {
					PlayerId: (*big.Int)(21342314523),
					PreferredPosition: (string) "",
					Potential: (uint64) 3,
					DayOfBirth: (uint64) 0,
					TeamId: (string) "",
					Name: (string) "",
					Defence: (uint64) 1000,
					Speed: (uint64) 1000,
					Pass: (uint64) 1000,
					Shoot: (uint64) 1000,
					Endurance: (uint64) 1000,
					ShirtNumber: (uint8) 0,
					EncodedSkills: (*big.Int)(15324955408660339766675662613581148386300673993530595607528),
					EncodedState: (*big.Int)(<nil>),
					RedCard: (bool) false,
					InjuryMatchesLeft: (uint8) 0,
					Tiredness: (int) 0,
					CountryOfBirth: (string) "",
					Race: (string) "",
					YellowCard1stHalf: (bool) false
				}
			}),
			(*v2.Player)({
				Player: (storage.Player) {
					PlayerId: (*big.Int)(21342314523),
					PreferredPosition: (string) "",
					Potential: (uint64) 3,
					DayOfBirth: (uint64) 0,
					TeamId: (string) "",
					Name: (string) "",
					Defence: (uint64) 1000,
					Speed: (uint64) 1000,
					Pass: (uint64) 1000,
					Shoot: (uint64) 1000,
					Endurance: (uint64) 1000,
					ShirtNumber: (uint8) 0,
					EncodedSkills: (*big.Int)(15324955408660339766675662613581148386300673993530595607528),
					EncodedState: (*big.Int)(<nil>),
					RedCard: (bool) false,
					InjuryMatchesLeft: (uint8) 0,
					Tiredness: (int) 0,
					CountryOfBirth: (string) "",
					Race: (string) "",
					YellowCard1stHalf: (bool) false
				}
			}),
			(*v2.Player)({
				Player: (storage.Player) {
					PlayerId: (*big.Int)(21342314523),
					PreferredPosition: (string) "",
					Potential: (uint64) 3,
					DayOfBirth: (uint64) 0,
					TeamId: (string) "",
					Name: (string) "",
					Defence: (uint64) 1000,
					Speed: (uint64) 1000,
					Pass: (uint64) 1000,
					Shoot: (uint64) 1000,
					Endurance: (uint64) 1000,
					ShirtNumber: (uint8) 0,
					EncodedSkills: (*big.Int)(15324955408660339766675662613581148386300673993530595607528),
					EncodedState: (*big.Int)(<nil>),
					RedCard: (bool) false,
					InjuryMatchesLeft: (uint8) 0,
					Tiredness: (int) 0,
					CountryOfBirth: (string) "",
					Race: (string) "",
					YellowCard1stHalf: (bool) false
				}
			}),
			(*v2.Player)({
				Player: (storage.Player) {
					PlayerId: (*big.Int)(21342314523),
					PreferredPosition: (string) "",
					Potential: (uint64) 3,
					DayOfBirth: (uint64) 0,
					TeamId: (string) "",
					Name: (string) "",
					Defence: (uint64) 1000,
					Speed: (uint64) 1000,
					Pass: (uint64) 1000,
					Shoot: (uint64) 1000,
					Endurance: (uint64) 1000,
					ShirtNumber: (uint8) 0,
					EncodedSkills: (*big.Int)(15324955408660339766675662613581148386300673993530595607528),
					EncodedState: (*big.Int)(<nil>),
					RedCard: (bool) false,
					InjuryMatchesLeft: (uint8) 0,
					Tiredness: (int) 0,
					CountryOfBirth: (string) "",
					Race: (string) "",
					YellowCard1stHalf: (bool) false
				}
			}),
			(*v2.Player)({
				Player: (storage.Player) {
					PlayerId: (*big.Int)(21342314523),
					PreferredPosition: (string) "",
					Potential: (uint64) 3,
					DayOfBirth: (uint64) 0,
					TeamId: (string) "",
					Name: (string) "",
					Defence: (uint64) 1000,
					Speed: (uint64) 1000,
					Pass: (uint64) 1000,
					Shoot: (uint64) 1000,
					Endurance: (uint64) 1000,
					ShirtNumber: (uint8) 0,
					EncodedSkills: (*big.Int)(15324955408660339766675662613581148386300673993530595607528),
					EncodedState: (*big.Int)(<nil>),
					RedCard: (bool) false,
					InjuryMatchesLeft: (uint8) 0,
					Tiredness: (int) 0,
					CountryOfBirth: (string) "",
					Race: (string) "",
					YellowCard1stHalf: (bool) false
				}
			}),
			(*v2.Player)({
				Player: (storage.Player) {
					PlayerId: (*big.Int)(21342314523),
					PreferredPosition: (string) "",
					Potential: (uint64) 3,
					DayOfBirth: (uint64) 0,
					TeamId: (string) "",
					Name: (string) "",
					Defence: (uint64) 1000,
					Speed: (uint64) 1000,
					Pass: (uint64) 1000,
					Shoot: (uint64) 1000,
					Endurance: (uint64) 1000,
					ShirtNumber: (uint8) 0,
					EncodedSkills: (*big.Int)(15324955408660339766675662613581148386300673993530595607528),
					EncodedState: (*big.Int)(<nil>),
					RedCard: (bool) false,
					InjuryMatchesLeft: (uint8) 0,
					Tiredness: (int) 0,
					CountryOfBirth: (string) "",
					Race: (string) "",
					YellowCard1stHalf: (bool) false
				}
			}),
			(*v2.Player)({
				Player: (storage.Player) {
					PlayerId: (*big.Int)(21342314523),
					PreferredPosition: (string) "",
					Potential: (uint64) 3,
					DayOfBirth: (uint64) 0,
					TeamId: (string) "",
					Name: (string) "",
					Defence: (uint64) 1000,
					Speed: (uint64) 1000,
					Pass: (uint64) 1000,
					Shoot: (uint64) 1000,
					Endurance: (uint64) 1000,
					ShirtNumber: (uint8) 0,
					EncodedSkills: (*big.Int)(15324955408660339766675662613581148386300673993530595607528),
					EncodedState: (*big.Int)(<nil>),
					RedCard: (bool) false,
					InjuryMatchesLeft: (uint8) 0,
					Tiredness: (int) 0,
					CountryOfBirth: (string) "",
					Race: (string) "",
					YellowCard1stHalf: (bool) false
				}
			}),
			(*v2.Player)({
				Player: (storage.Player) {
					PlayerId: (*big.Int)(21342314523),
					PreferredPosition: (string) "",
					Potential: (uint64) 3,
					DayOfBirth: (uint64) 0,
					TeamId: (string) "",
					Name: (string) "",
					Defence: (uint64) 1000,
					Speed: (uint64) 1000,
					Pass: (uint64) 1000,
					Shoot: (uint64) 1000,
					Endurance: (uint64) 1000,
					ShirtNumber: (uint8) 0,
					EncodedSkills: (*big.Int)(15324955408660339766675662613581148386300673993530595607528),
					EncodedState: (*big.Int)(<nil>),
					RedCard: (bool) false,
					InjuryMatchesLeft: (uint8) 0,
					Tiredness: (int) 0,
					CountryOfBirth: (string) "",
					Race: (string) "",
					YellowCard1stHalf: (bool) false
				}
			}),
			(*v2.Player)({
				Player: (storage.Player) {
					PlayerId: (*big.Int)(21342314523),
					PreferredPosition: (string) "",
					Potential: (uint64) 3,
					DayOfBirth: (uint64) 0,
					TeamId: (string) "",
					Name: (string) "",
					Defence: (uint64) 1000,
					Speed: (uint64) 1000,
					Pass: (uint64) 1000,
					Shoot: (uint64) 1000,
					Endurance: (uint64) 1000,
					ShirtNumber: (uint8) 0,
					EncodedSkills: (*big.Int)(15324955408660339766675662613581148386300673993530595607528),
					EncodedState: (*big.Int)(<nil>),
					RedCard: (bool) false,
					InjuryMatchesLeft: (uint8) 0,
					Tiredness: (int) 0,
					CountryOfBirth: (string) "",
					Race: (string) "",
					YellowCard1stHalf: (bool) false
				}
			}),
			(*v2.Player)({
				Player: (storage.Player) {
					PlayerId: (*big.Int)(21342314523),
					PreferredPosition: (string) "",
					Potential: (uint64) 3,
					DayOfBirth: (uint64) 0,
					TeamId: (string) "",
					Name: (string) "",
					Defence: (uint64) 1000,
					Speed: (uint64) 1000,
					Pass: (uint64) 1000,
					Shoot: (uint64) 1000,
					Endurance: (uint64) 1000,
					ShirtNumber: (uint8) 0,
					EncodedSkills: (*big.Int)(15324955408660339766675662613581148386300673993530595607528),
					EncodedState: (*big.Int)(<nil>),
					RedCard: (bool) false,
					InjuryMatchesLeft: (uint8) 0,
					Tiredness: (int) 0,
					CountryOfBirth: (string) "",
					Race: (string) "",
					YellowCard1stHalf: (bool) false
				}
			}),
			(*v2.Player)({
				Player: (storage.Player) {
					PlayerId: (*big.Int)(21342314523),
					PreferredPosition: (string) "",
					Potential: (uint64) 3,
					DayOfBirth: (uint64) 0,
					TeamId: (string) "",
					Name: (string) "",
					Defence: (uint64) 1000,
					Speed: (uint64) 1000,
					Pass: (uint64) 1000,
					Shoot: (uint64) 1000,
					Endurance: (uint64) 1000,
					ShirtNumber: (uint8) 0,
					EncodedSkills: (*big.Int)(15324955408660339766675662613581148386300673993530595607528),
					EncodedState: (*big.Int)(<nil>),
					RedCard: (bool) false,
					InjuryMatchesLeft: (uint8) 0,
					Tiredness: (int) 0,
					CountryOfBirth: (string) "",
					Race: (string) "",
					YellowCard1stHalf: (bool) false
				}
			}),
			(*v2.Player)({
				Player: (storage.Player) {
					PlayerId: (*big.Int)(21342314523),
					PreferredPosition: (string) "",
					Potential: (uint64) 3,
					DayOfBirth: (uint64) 0,
					TeamId: (string) "",
					Name: (string) "",
					Defence: (uint64) 1000,
					Speed: (uint64) 1000,
					Pass: (uint64) 1000,
					Shoot: (uint64) 1000,
					Endurance: (uint64) 1000,
					ShirtNumber: (uint8) 0,
					EncodedSkills: (*big.Int)(15324955408660339766675662613581148386300673993530595607528),
					EncodedState: (*big.Int)(<nil>),
					RedCard: (bool) false,
					InjuryMatchesLeft: (uint8) 0,
					Tiredness: (int) 0,
					CountryOfBirth: (string) "",
					Race: (string) "",
					YellowCard1stHalf: (bool) false
				}
			}),
			(*v2.Player)({
				Player: (storage.Player) {
					PlayerId: (*big.Int)(21342314523),
					PreferredPosition: (string) "",
					Potential: (uint64) 3,
					DayOfBirth: (uint64) 0,
					TeamId: (string) "",
					Name: (string) "",
					Defence: (uint64) 1000,
					Speed: (uint64) 1000,
					Pass: (uint64) 1000,
					Shoot: (uint64) 1000,
					Endurance: (uint64) 1000,
					ShirtNumber: (uint8) 0,
					EncodedSkills: (*big.Int)(15324955408660339766675662613581148386300673993530595607528),
					EncodedState: (*big.Int)(<nil>),
					RedCard: (bool) false,
					InjuryMatchesLeft: (uint8) 0,
					Tiredness: (int) 0,
					CountryOfBirth: (string) "",
					Race: (string) "",
					YellowCard1stHalf: (bool) false
				}
			})
		},
		Training: (v2.Training) {
			Training: (storage.Training) {
				TeamID: (string) "",
				SpecialPlayerShirt: (int) -1,
				Goalkeepers: (storage.TrainingPerFieldPos) {
					Shoot: (int) 0,
					Speed: (int) 0,
					Pass: (int) 0,
					Defence: (int) 0,
					Endurance: (int) 0
				},
				Defenders: (storage.TrainingPerFieldPos) {
					Shoot: (int) 0,
					Speed: (int) 0,
					Pass: (int) 0,
					Defence: (int) 0,
					Endurance: (int) 0
				},
				Midfielders: (storage.TrainingPerFieldPos) {
					Shoot: (int) 0,
					Speed: (int) 0,
					Pass: (int) 0,
					Defence: (int) 0,
					Endurance: (int) 0
				},
				Attackers: (storage.TrainingPerFieldPos) {
					Shoot: (int) 0,
					Speed: (int) 0,
					Pass: (int) 0,
					Defence: (int) 0,
					Endurance: (int) 0
				},
				SpecialPlayer: (storage.TrainingPerFieldPos) {
					Shoot: (int) 0,
					Speed: (int) 0,
					Pass: (int) 0,
					Defence: (int) 0,
					Endurance: (int) 0
				}
			}
		}
	},
	Events: (matchevents.MatchEvents) <nil>
})
